70.172.83.118 - - [30/Nov/2023:04:45:38 +0000] "GET / HTTP/1.1" 200 8315 "-" "Mozilla/5.0 (Windows NT 10.0; Win64; x64) AppleWebKit/537.36 (KHTML, like Gecko) Chrome/119.0.0.0 Safari/537.36 Edg/119.0.0.0"
70.172.83.118 - - [30/Nov/2023:04:45:39 +0000] "GET /favicon.ico HTTP/1.1" 200 295 "http://ec2-52-53-240-195.us-west-1.compute.amazonaws.com/" "Mozilla/5.0 (Windows NT 10.0; Win64; x64) AppleWebKit/537.36 (KHTML, like Gecko) Chrome/119.0.0.0 Safari/537.36 Edg/119.0.0.0"
70.172.83.118 - - [30/Nov/2023:04:46:30 +0000] "-" 408 0 "-" "-"
70.172.83.118 - - [30/Nov/2023:04:48:09 +0000] "-" 408 0 "-" "-"
70.172.83.118 - - [30/Nov/2023:04:48:09 +0000] "-" 408 0 "-" "-"
205.210.31.23 - - [30/Nov/2023:06:17:06 +0000] "GET / HTTP/1.0" 200 28656 "-" "Expanse, a Palo Alto Networks company, searches across the global IPv4 space multiple times per day to identify customers&#39; presences on the Internet. If you would like to be excluded from our scans, please send IP addresses/domains to: scaninfo@paloaltonetworks.com"
1.14.7.100 - - [30/Nov/2023:06:37:49 +0000] "HEAD /Core/Skin/Login.aspx HTTP/1.1" 404 169 "-" "Mozilla/5.0 (Windows NT 10.0; Win64; x64) AppleWebKit/537.36 (KHTML, like Gecko) Chrome/106.0.0.0 Safari/537.36"
2.56.247.56 - - [30/Nov/2023:07:19:36 +0000] "GET /_profiler/phpinfo HTTP/1.1" 404 6869 "-" "Mozilla/5.0 (Windows NT 10.0; Win64; x64)"
2.56.247.56 - - [30/Nov/2023:07:19:41 +0000] "GET /info.php HTTP/1.1" 404 6868 "-" "Mozilla/5.0 (Windows NT 10.0; Win64; x64)"
2.56.247.56 - - [30/Nov/2023:07:19:50 +0000] "GET /.env HTTP/1.1" 404 6869 "-" "Mozilla/5.0 (Windows NT 10.0; Win64; x64)"
2.56.247.56 - - [30/Nov/2023:07:19:52 +0000] "GET /.hg HTTP/1.1" 404 6868 "-" "Mozilla/5.0 (Windows NT 10.0; Win64; x64)"
2.56.247.56 - - [30/Nov/2023:07:19:54 +0000] "GET /.svn HTTP/1.1" 404 6868 "-" "Mozilla/5.0 (Windows NT 10.0; Win64; x64)"
2.56.247.56 - - [30/Nov/2023:07:28:29 +0000] "GET /env.js HTTP/1.1" 404 6869 "-" "Mozilla/5.0 (Windows NT 10.0; Win64; x64)"
2.56.247.56 - - [30/Nov/2023:07:28:53 +0000] "GET /.env.example HTTP/1.1" 404 6869 "-" "Mozilla/5.0 (Windows NT 10.0; Win64; x64)"
2.56.247.56 - - [30/Nov/2023:07:28:55 +0000] "GET /.env.production HTTP/1.1" 404 6868 "-" "Mozilla/5.0 (Windows NT 10.0; Win64; x64)"
2.56.247.56 - - [30/Nov/2023:07:28:57 +0000] "GET /.env.prod HTTP/1.1" 404 6868 "-" "Mozilla/5.0 (Windows NT 10.0; Win64; x64)"
2.56.247.56 - - [30/Nov/2023:07:28:59 +0000] "GET /.env/backup HTTP/1.1" 404 6868 "-" "Mozilla/5.0 (Windows NT 10.0; Win64; x64)"
2.56.247.56 - - [30/Nov/2023:07:29:24 +0000] "GET //api/.env HTTP/1.1" 404 6901 "-" "Mozilla/5.0 (Windows NT 10.0; Win64; x64)"
2.56.247.56 - - [30/Nov/2023:07:29:26 +0000] "GET /.s3cfg HTTP/1.1" 404 6868 "-" "Mozilla/5.0 (Windows NT 10.0; Win64; x64)"
2.56.247.56 - - [30/Nov/2023:07:29:28 +0000] "GET /app/.env HTTP/1.1" 404 6868 "-" "Mozilla/5.0 (Windows NT 10.0; Win64; x64)"
2.56.247.56 - - [30/Nov/2023:07:29:48 +0000] "GET /laravel/.env HTTP/1.1" 404 6869 "-" "Mozilla/5.0 (Windows NT 10.0; Win64; x64)"
2.56.247.56 - - [30/Nov/2023:07:29:50 +0000] "GET /backend/.env HTTP/1.1" 404 6868 "-" "Mozilla/5.0 (Windows NT 10.0; Win64; x64)"
2.56.247.56 - - [30/Nov/2023:07:29:51 +0000] "GET /admin/.env HTTP/1.1" 404 6868 "-" "Mozilla/5.0 (Windows NT 10.0; Win64; x64)"
2.56.247.56 - - [30/Nov/2023:07:30:01 +0000] "GET /prod/.env HTTP/1.1" 404 6869 "-" "Mozilla/5.0 (Windows NT 10.0; Win64; x64)"
2.56.247.56 - - [30/Nov/2023:07:30:03 +0000] "GET /.env.save HTTP/1.1" 404 6868 "-" "Mozilla/5.0 (Windows NT 10.0; Win64; x64)"
2.56.247.56 - - [30/Nov/2023:07:30:45 +0000] "GET /.env.bak HTTP/1.1" 404 6869 "-" "Mozilla/5.0 (Windows NT 10.0; Win64; x64)"
67.21.36.5 - - [30/Nov/2023:07:32:43 +0000] "-" 408 0 "-" "-"
2.56.247.56 - - [30/Nov/2023:07:38:31 +0000] "GET /web/.env HTTP/1.1" 404 6869 "-" "Mozilla/5.0 (Windows NT 10.0; Win64; x64)"
2.56.247.56 - - [30/Nov/2023:07:38:35 +0000] "GET /crm/.env HTTP/1.1" 404 6868 "-" "Mozilla/5.0 (Windows NT 10.0; Win64; x64)"
2.56.247.56 - - [30/Nov/2023:07:38:38 +0000] "GET /local/.env HTTP/1.1" 404 6868 "-" "Mozilla/5.0 (Windows NT 10.0; Win64; x64)"
2.56.247.56 - - [30/Nov/2023:07:39:04 +0000] "GET /application/.env HTTP/1.1" 404 6869 "-" "Mozilla/5.0 (Windows NT 10.0; Win64; x64)"
2.56.247.56 - - [30/Nov/2023:07:39:26 +0000] "GET /.aws/credentials HTTP/1.1" 404 6869 "-" "Mozilla/5.0 (Windows NT 10.0; Win64; x64)"
2.56.247.56 - - [30/Nov/2023:07:39:36 +0000] "GET /.aws/config HTTP/1.1" 404 6869 "-" "Mozilla/5.0 (Windows NT 10.0; Win64; x64)"
2.56.247.56 - - [30/Nov/2023:07:39:57 +0000] "GET /app/config/parameters.yml HTTP/1.1" 404 6869 "-" "Mozilla/5.0 (Windows NT 10.0; Win64; x64)"
2.56.247.56 - - [30/Nov/2023:07:40:01 +0000] "GET /config.js HTTP/1.1" 404 6868 "-" "Mozilla/5.0 (Windows NT 10.0; Win64; x64)"
2.56.247.56 - - [30/Nov/2023:07:40:27 +0000] "GET /?phpinfo=1 HTTP/1.1" 200 8315 "-" "Mozilla/5.0 (Windows NT 10.0; Win64; x64)"
185.216.140.159 - - [30/Nov/2023:07:44:27 +0000] "GET / HTTP/1.1" 200 28640 "-" "-"
2.57.122.233 - - [30/Nov/2023:07:48:31 +0000] "GET /op/9_md/9/9/9/9/9 HTTP/1.1" 404 6813 "-" "Mozilla/5.0 zgrab/0.x"
2.56.247.56 - - [30/Nov/2023:07:49:09 +0000] "GET /infophp.php HTTP/1.1" 404 6869 "-" "Mozilla/5.0 (Windows NT 10.0; Win64; x64)"
2.56.247.56 - - [30/Nov/2023:07:49:10 +0000] "GET /dashboard/phpinfo.php HTTP/1.1" 404 6868 "-" "Mozilla/5.0 (Windows NT 10.0; Win64; x64)"
2.56.247.56 - - [30/Nov/2023:07:49:20 +0000] "GET /config/default.json HTTP/1.1" 404 6869 "-" "Mozilla/5.0 (Windows NT 10.0; Win64; x64)"
176.97.210.240 - - [30/Nov/2023:08:08:00 +0000] "GET / HTTP/1.1" 200 28640 "-" "Go-http-client/1.1"
161.35.190.219 - - [30/Nov/2023:08:45:04 +0000] "GET / HTTP/1.0" 200 28656 "-" "Mozilla/5.0 (X11; Linux x86_64; rv:73.0) Gecko/20100101 Firefox/73.0"
1.14.7.100 - - [30/Nov/2023:08:45:24 +0000] "HEAD /Core/Skin/Login.aspx HTTP/1.1" 404 169 "-" "Mozilla/5.0 (Windows NT 10.0; Win64; x64) AppleWebKit/537.36 (KHTML, like Gecko) Chrome/106.0.0.0 Safari/537.36"
20.68.197.52 - - [30/Nov/2023:08:50:45 +0000] "GET /.env HTTP/1.1" 404 6869 "-" "Mozilla/5.0 (X11; Linux x86_64) AppleWebKit/537.36 (KHTML, like Gecko) Chrome/81.0.4044.129 Safari/537.36"
20.68.197.52 - - [30/Nov/2023:08:50:45 +0000] "POST / HTTP/1.1" 405 1026574 "-" "Mozilla/5.0 (X11; Linux x86_64) AppleWebKit/537.36 (KHTML, like Gecko) Chrome/81.0.4044.129 Safari/537.36"
161.35.190.219 - - [30/Nov/2023:09:06:55 +0000] "GET / HTTP/1.1" 200 8315 "-" "Mozilla/5.0 (X11; Linux x86_64; rv:73.0) Gecko/20100101 Firefox/73.0"
161.35.190.219 - - [30/Nov/2023:09:06:55 +0000] "GET /favicon.ico HTTP/1.1" 200 295 "http://52.53.240.195/" "Mozilla/5.0 (X11; Linux x86_64; rv:73.0) Gecko/20100101 Firefox/73.0"
141.98.11.60 - - [30/Nov/2023:09:26:24 +0000] "GET / HTTP/1.1" 200 8315 "-" "Mozilla/5.0 (Windows NT 10.0; Win64; x64) AppleWebKit/537.36 (KHTML, like Gecko) Chrome/90.0.4430.85 Safari/537.36 Edg/90.0.818.46"
78.153.140.221 - - [30/Nov/2023:09:34:45 +0000] "GET /.env HTTP/1.1" 404 6869 "-" "Mozilla/5.0 (X11; Linux x86_64) AppleWebKit/537.36 (KHTML, like Gecko) Chrome/81.0.4044.129 Safari/537.36"
78.153.140.221 - - [30/Nov/2023:09:34:47 +0000] "\x16\x03\x01\x01H\x01" 400 483 "-" "-"
205.210.31.21 - - [30/Nov/2023:09:45:54 +0000] "GET / HTTP/1.0" 200 28656 "-" "Expanse, a Palo Alto Networks company, searches across the global IPv4 space multiple times per day to identify customers&#39; presences on the Internet. If you would like to be excluded from our scans, please send IP addresses/domains to: scaninfo@paloaltonetworks.com"
35.203.211.94 - - [30/Nov/2023:09:52:29 +0000] "GET / HTTP/1.1" 200 28640 "-" "Expanse, a Palo Alto Networks company, searches across the global IPv4 space multiple times per day to identify customers&#39; presences on the Internet. If you would like to be excluded from our scans, please send IP addresses/domains to: scaninfo@paloaltonetworks.com"
192.155.90.118 - - [30/Nov/2023:10:00:28 +0000] "\x16\x03\x01" 400 483 "-" "-"
185.180.143.50 - - [30/Nov/2023:10:18:51 +0000] "GET / HTTP/1.1" 200 8259 "-" "Mozilla/5.0 (Windows NT 10.0; Win64; x64) AppleWebKit/537.36 (KHTML, like Gecko) Chrome/60.0.3112.113 Safari/537.36"
1.14.7.100 - - [30/Nov/2023:10:46:13 +0000] "HEAD /Core/Skin/Login.aspx HTTP/1.1" 404 169 "-" "Mozilla/5.0 (Windows NT 10.0; Win64; x64) AppleWebKit/537.36 (KHTML, like Gecko) Chrome/106.0.0.0 Safari/537.36"
198.235.24.20 - - [30/Nov/2023:10:48:29 +0000] "\x16\x03\x01" 400 483 "-" "-"
198.235.24.20 - - [30/Nov/2023:10:48:29 +0000] "\x16\x03\x01" 400 483 "-" "-"
66.240.205.34 - - [30/Nov/2023:11:10:05 +0000] "Gh0st\xad" 400 483 "-" "-"
116.103.229.50 - - [30/Nov/2023:11:24:35 +0000] "CONNECT www.google.com:443 HTTP/1.1" 404 6813 "-" "Go-http-client/1.1"
185.254.196.173 - - [30/Nov/2023:11:34:19 +0000] "GET /.env HTTP/1.1" 404 6869 "-" "Mozilla/5.0 (X11; Linux x86_64) AppleWebKit/537.36 (KHTML, like Gecko) Chrome/81.0.4044.129 Safari/537.36"
185.254.196.173 - - [30/Nov/2023:11:34:19 +0000] "POST / HTTP/1.1" 405 1026564 "-" "Mozilla/5.0 (X11; Linux x86_64) AppleWebKit/537.36 (KHTML, like Gecko) Chrome/81.0.4044.129 Safari/537.36"
106.75.60.18 - - [30/Nov/2023:11:43:42 +0000] "GET / HTTP/1.1" 200 28640 "-" "-"
78.153.140.219 - - [30/Nov/2023:12:49:16 +0000] "GET /.env HTTP/1.1" 404 6869 "-" "Mozilla/5.0 (X11; Linux x86_64) AppleWebKit/537.36 (KHTML, like Gecko) Chrome/81.0.4044.129 Safari/537.36"
78.153.140.219 - - [30/Nov/2023:12:49:17 +0000] "\x16\x03\x01\x01H\x01" 400 483 "-" "-"
64.226.98.14 - - [30/Nov/2023:12:49:27 +0000] "GET /Temporary_Listen_Addresses HTTP/1.1" 404 6813 "-" "Mozilla/5.0 zgrab/0.x"
64.226.98.14 - - [30/Nov/2023:12:49:27 +0000] "GET /Pages/log/ HTTP/1.1" 301 528 "-" "Mozilla/5.0 zgrab/0.x"
1.14.7.100 - - [30/Nov/2023:12:55:56 +0000] "HEAD /Core/Skin/Login.aspx HTTP/1.1" 404 169 "-" "Mozilla/5.0 (Windows NT 10.0; Win64; x64) AppleWebKit/537.36 (KHTML, like Gecko) Chrome/106.0.0.0 Safari/537.36"
45.79.128.205 - - [30/Nov/2023:13:50:35 +0000] "\x16\x03\x01" 400 483 "-" "-"
64.62.197.97 - - [30/Nov/2023:13:55:51 +0000] "GET / HTTP/1.1" 200 8259 "-" "Mozilla/5.0 (Macintosh; Intel Mac OS X 10.15; rv:109.0) Gecko/20100101 Firefox/109.0"
64.62.197.105 - - [30/Nov/2023:13:57:42 +0000] "GET /favicon.ico HTTP/1.1" 200 240 "-" "Mozilla/5.0 (Windows NT 10.0; rv:102.0) Gecko/20100101 Firefox/102.0"
64.62.197.101 - - [30/Nov/2023:13:58:23 +0000] "GET /geoserver/web/ HTTP/1.1" 301 536 "-" "Mozilla/5.0 (Macintosh; Intel Mac OS X 10.15; rv:109.0) Gecko/20100101 Firefox/109.0"
107.170.246.29 - - [30/Nov/2023:14:00:47 +0000] "GET / HTTP/1.1" 200 8259 "-" "Mozilla/5.0 zgrab/0.x"
135.125.246.110 - - [30/Nov/2023:14:09:29 +0000] "GET /.env HTTP/1.1" 404 6869 "-" "Mozilla/5.0 (X11; Linux x86_64) AppleWebKit/537.36 (KHTML, like Gecko) Chrome/81.0.4044.129 Safari/537.36"
135.125.246.110 - - [30/Nov/2023:14:09:29 +0000] "POST / HTTP/1.1" 405 1026574 "-" "Mozilla/5.0 (X11; Linux x86_64) AppleWebKit/537.36 (KHTML, like Gecko) Chrome/81.0.4044.129 Safari/537.36"
176.97.210.240 - - [30/Nov/2023:15:06:52 +0000] "GET / HTTP/1.1" 200 28640 "-" "Go-http-client/1.1"
1.14.7.100 - - [30/Nov/2023:15:12:40 +0000] "HEAD /Core/Skin/Login.aspx HTTP/1.1" 404 169 "-" "Mozilla/5.0 (Windows NT 10.0; Win64; x64) AppleWebKit/537.36 (KHTML, like Gecko) Chrome/106.0.0.0 Safari/537.36"
167.94.145.51 - - [30/Nov/2023:15:31:08 +0000] "GET / HTTP/1.1" 200 28640 "-" "-"
167.94.145.51 - - [30/Nov/2023:15:31:12 +0000] "GET / HTTP/1.1" 200 8259 "-" "Mozilla/5.0 (compatible; CensysInspect/1.1; +https://about.censys.io/)"
167.94.145.51 - - [30/Nov/2023:15:31:12 +0000] "PRI * HTTP/2.0" 400 483 "-" "-"
167.94.145.51 - - [30/Nov/2023:15:31:12 +0000] "GET /favicon.ico HTTP/1.1" 200 259 "-" "Mozilla/5.0 (compatible; CensysInspect/1.1; +https://about.censys.io/)"
91.92.244.112 - - [30/Nov/2023:15:48:09 +0000] "GET /.env HTTP/1.1" 404 6869 "-" "Mozilla/5.0 (Linux; U; Android 4.4.2; en-US; HM NOTE 1W Build/KOT49H) AppleWebKit/534.30 (KHTML, like Gecko) Version/4.0 UCBrowser/11.0.5.850 U3/0.8.0 Mobile Safari/534.30"
91.92.244.112 - - [30/Nov/2023:15:48:09 +0000] "POST / HTTP/1.1" 405 1026850 "-" "Mozilla/5.0 (Linux; U; Android 4.4.2; en-US; HM NOTE 1W Build/KOT49H) AppleWebKit/534.30 (KHTML, like Gecko) Version/4.0 UCBrowser/11.0.5.850 U3/0.8.0 Mobile Safari/534.30"
35.178.199.25 - - [30/Nov/2023:15:48:32 +0000] "" 400 483 "-" "-"
35.178.199.25 - - [30/Nov/2023:15:50:11 +0000] "" 400 483 "-" "-"
45.79.172.21 - - [30/Nov/2023:15:53:21 +0000] "\x16\x03\x01" 400 483 "-" "-"
35.178.212.160 - - [30/Nov/2023:16:04:09 +0000] "" 400 483 "-" "-"
35.178.212.160 - - [30/Nov/2023:16:06:12 +0000] "" 400 483 "-" "-"
35.178.212.160 - - [30/Nov/2023:16:10:50 +0000] "\x16\x03\x01" 400 483 "-" "-"
5.234.39.8 - - [30/Nov/2023:16:11:54 +0000] "GET / HTTP/1.1" 200 28640 "-" "Mozilla/5.0 (Windows NT 6.1; WOW64) AppleWebKit/537.36 (KHTML, like Gecko) Chrome/52.0.2743.116 Safari/537.36"
35.178.212.160 - - [30/Nov/2023:16:12:38 +0000] "\x16\x03\x01" 400 483 "-" "-"
35.178.212.160 - - [30/Nov/2023:16:13:20 +0000] "GET /favicon.ico HTTP/1.1" 200 240 "-" "'Cloud mapping experiment. Contact research@pdrlabs.net'"
35.178.212.160 - - [30/Nov/2023:16:14:36 +0000] "\x16\x03\x01" 400 483 "-" "-"
35.178.212.160 - - [30/Nov/2023:16:15:19 +0000] "GET /manage/account/login HTTP/1.1" 404 6813 "-" "'Cloud mapping experiment. Contact research@pdrlabs.net'"
35.178.212.160 - - [30/Nov/2023:16:17:12 +0000] "\x16\x03\x01" 400 483 "-" "-"
35.178.212.160 - - [30/Nov/2023:16:17:54 +0000] "GET /admin/index.html HTTP/1.1" 404 6813 "-" "'Cloud mapping experiment. Contact research@pdrlabs.net'"
35.178.212.160 - - [30/Nov/2023:16:19:54 +0000] "\x16\x03\x01" 400 483 "-" "-"
35.178.212.160 - - [30/Nov/2023:16:20:36 +0000] "GET /index.html HTTP/1.1" 404 6813 "-" "'Cloud mapping experiment. Contact research@pdrlabs.net'"
185.180.143.8 - - [30/Nov/2023:16:20:45 +0000] "GET / HTTP/1.1" 200 8259 "-" "Mozilla/5.0 (Windows NT 10.0; Win64; x64) AppleWebKit/537.36 (KHTML, like Gecko) Chrome/60.0.3112.113 Safari/537.36"
35.178.212.160 - - [30/Nov/2023:16:22:44 +0000] "\x16\x03\x01" 400 483 "-" "-"
35.178.212.160 - - [30/Nov/2023:16:23:25 +0000] "GET /+CSCOE+/logon.html HTTP/1.1" 404 6813 "-" "'Cloud mapping experiment. Contact research@pdrlabs.net'"
35.178.212.160 - - [30/Nov/2023:16:25:27 +0000] "\x16\x03\x01" 400 483 "-" "-"
35.178.212.160 - - [30/Nov/2023:16:26:08 +0000] "GET /cgi-bin/login.cgi HTTP/1.1" 404 6813 "-" "'Cloud mapping experiment. Contact research@pdrlabs.net'"
35.178.212.160 - - [30/Nov/2023:16:27:56 +0000] "\x16\x03\x01" 400 483 "-" "-"
35.178.212.160 - - [30/Nov/2023:16:28:38 +0000] "GET /logon.htm HTTP/1.1" 404 6813 "-" "'Cloud mapping experiment. Contact research@pdrlabs.net'"
35.178.212.160 - - [30/Nov/2023:16:30:32 +0000] "\x16\x03\x01" 400 483 "-" "-"
35.178.212.160 - - [30/Nov/2023:16:31:17 +0000] "GET / HTTP/1.1" 200 8259 "-" "'Cloud mapping experiment. Contact research@pdrlabs.net'"
185.254.196.173 - - [30/Nov/2023:16:47:04 +0000] "GET /.env HTTP/1.1" 404 6869 "-" "Mozilla/5.0 (X11; Linux x86_64) AppleWebKit/537.36 (KHTML, like Gecko) Chrome/81.0.4044.129 Safari/537.36"
185.254.196.173 - - [30/Nov/2023:16:47:12 +0000] "POST / HTTP/1.1" 405 1026564 "-" "Mozilla/5.0 (X11; Linux x86_64) AppleWebKit/537.36 (KHTML, like Gecko) Chrome/81.0.4044.129 Safari/537.36"
135.125.246.110 - - [30/Nov/2023:17:01:32 +0000] "GET /.env HTTP/1.1" 404 6869 "-" "Mozilla/5.0 (X11; Linux x86_64) AppleWebKit/537.36 (KHTML, like Gecko) Chrome/81.0.4044.129 Safari/537.36"
135.125.246.110 - - [30/Nov/2023:17:01:32 +0000] "POST / HTTP/1.1" 405 1026574 "-" "Mozilla/5.0 (X11; Linux x86_64) AppleWebKit/537.36 (KHTML, like Gecko) Chrome/81.0.4044.129 Safari/537.36"
1.14.7.100 - - [30/Nov/2023:17:22:16 +0000] "HEAD /Core/Skin/Login.aspx HTTP/1.1" 404 169 "-" "Mozilla/5.0 (Windows NT 10.0; Win64; x64) AppleWebKit/537.36 (KHTML, like Gecko) Chrome/106.0.0.0 Safari/537.36"
162.243.142.44 - - [30/Nov/2023:17:46:02 +0000] "GET /actuator/health HTTP/1.1" 404 6813 "-" "Mozilla/5.0 zgrab/0.x"
34.76.96.55 - - [30/Nov/2023:18:37:14 +0000] "GET / HTTP/1.1" 200 8315 "-" "python-requests/2.31.0"
162.142.125.220 - - [30/Nov/2023:18:42:35 +0000] "GET / HTTP/1.1" 200 28640 "-" "-"
135.125.246.110 - - [30/Nov/2023:18:43:27 +0000] "GET /.env HTTP/1.1" 404 6869 "-" "Mozilla/5.0 (X11; Linux x86_64) AppleWebKit/537.36 (KHTML, like Gecko) Chrome/81.0.4044.129 Safari/537.36"
135.125.246.110 - - [30/Nov/2023:18:43:28 +0000] "POST / HTTP/1.1" 405 1026574 "-" "Mozilla/5.0 (X11; Linux x86_64) AppleWebKit/537.36 (KHTML, like Gecko) Chrome/81.0.4044.129 Safari/537.36"
1.14.7.100 - - [30/Nov/2023:19:17:06 +0000] "HEAD /Core/Skin/Login.aspx HTTP/1.1" 404 169 "-" "Mozilla/5.0 (Windows NT 10.0; Win64; x64) AppleWebKit/537.36 (KHTML, like Gecko) Chrome/106.0.0.0 Safari/537.36"
31.7.58.42 - - [30/Nov/2023:19:38:50 +0000] "GET / HTTP/1.1" 200 28640 "-" "Hello World"
198.235.24.236 - - [30/Nov/2023:19:55:55 +0000] "GET / HTTP/1.1" 200 28640 "-" "Expanse, a Palo Alto Networks company, searches across the global IPv4 space multiple times per day to identify customers&#39; presences on the Internet. If you would like to be excluded from our scans, please send IP addresses/domains to: scaninfo@paloaltonetworks.com"
185.180.140.6 - - [30/Nov/2023:20:11:10 +0000] "GET /js/NewWindow_2_all.js HTTP/1.1" 404 6813 "-" "Mozilla/5.0 (Windows NT 10.0; Win64; x64) AppleWebKit/537.36 (KHTML, like Gecko) Chrome/60.0.3112.113 Safari/537.36"
135.125.246.110 - - [30/Nov/2023:20:26:50 +0000] "GET /.env HTTP/1.1" 404 6869 "-" "Mozilla/5.0 (X11; Linux x86_64) AppleWebKit/537.36 (KHTML, like Gecko) Chrome/81.0.4044.129 Safari/537.36"
135.125.246.110 - - [30/Nov/2023:20:26:51 +0000] "POST / HTTP/1.1" 405 1026574 "-" "Mozilla/5.0 (X11; Linux x86_64) AppleWebKit/537.36 (KHTML, like Gecko) Chrome/81.0.4044.129 Safari/537.36"
176.97.210.240 - - [30/Nov/2023:20:40:53 +0000] "GET / HTTP/1.1" 200 28640 "-" "Go-http-client/1.1"
185.254.196.173 - - [30/Nov/2023:20:42:08 +0000] "GET /.env HTTP/1.1" 404 6869 "-" "Mozilla/5.0 (X11; Linux x86_64) AppleWebKit/537.36 (KHTML, like Gecko) Chrome/81.0.4044.129 Safari/537.36"
185.254.196.173 - - [30/Nov/2023:20:42:09 +0000] "POST / HTTP/1.1" 405 1026564 "-" "Mozilla/5.0 (X11; Linux x86_64) AppleWebKit/537.36 (KHTML, like Gecko) Chrome/81.0.4044.129 Safari/537.36"
1.14.7.100 - - [30/Nov/2023:21:01:48 +0000] "HEAD /Core/Skin/Login.aspx HTTP/1.1" 404 169 "-" "Mozilla/5.0 (Windows NT 10.0; Win64; x64) AppleWebKit/537.36 (KHTML, like Gecko) Chrome/106.0.0.0 Safari/537.36"
135.125.246.110 - - [30/Nov/2023:21:16:28 +0000] "GET /.env HTTP/1.1" 404 6869 "-" "Mozilla/5.0 (X11; Linux x86_64) AppleWebKit/537.36 (KHTML, like Gecko) Chrome/81.0.4044.129 Safari/537.36"
135.125.246.110 - - [30/Nov/2023:21:16:29 +0000] "POST / HTTP/1.1" 405 1026574 "-" "Mozilla/5.0 (X11; Linux x86_64) AppleWebKit/537.36 (KHTML, like Gecko) Chrome/81.0.4044.129 Safari/537.36"
162.216.149.155 - - [30/Nov/2023:21:39:57 +0000] "GET / HTTP/1.1" 200 28640 "-" "Expanse, a Palo Alto Networks company, searches across the global IPv4 space multiple times per day to identify customers&#39; presences on the Internet. If you would like to be excluded from our scans, please send IP addresses/domains to: scaninfo@paloaltonetworks.com"
3.236.244.177 - - [30/Nov/2023:21:58:16 +0000] "GET / HTTP/1.1" 200 8278 "-" "Opera/7.50 (Windows XP; U)"
44.234.87.135 - - [30/Nov/2023:22:00:41 +0000] "GET /.env.production HTTP/1.1" 404 6869 "-" "Mozilla/5.0 (Windows NT 10.0; Win64; x64) AppleWebKit/537.36 (KHTML, like Gecko) Chrome/109.0.0.0 Safari/537.36"
44.234.87.135 - - [30/Nov/2023:22:00:41 +0000] "POST /.env.production HTTP/1.1" 404 6869 "-" "Mozilla/5.0 (Windows NT 10.0; Win64; x64) AppleWebKit/537.36 (KHTML, like Gecko) Chrome/109.0.0.0 Safari/537.36"
44.234.87.135 - - [30/Nov/2023:22:00:41 +0000] "GET /laravel/.env HTTP/1.1" 404 6869 "-" "Mozilla/5.0 (Windows NT 10.0; Win64; x64) AppleWebKit/537.36 (KHTML, like Gecko) Chrome/109.0.0.0 Safari/537.36"
44.234.87.135 - - [30/Nov/2023:22:00:41 +0000] "POST /laravel/.env HTTP/1.1" 404 6869 "-" "Mozilla/5.0 (Windows NT 10.0; Win64; x64) AppleWebKit/537.36 (KHTML, like Gecko) Chrome/109.0.0.0 Safari/537.36"
44.234.87.135 - - [30/Nov/2023:22:00:42 +0000] "GET /sources/.env HTTP/1.1" 404 6869 "-" "Mozilla/5.0 (Windows NT 10.0; Win64; x64) AppleWebKit/537.36 (KHTML, like Gecko) Chrome/109.0.0.0 Safari/537.36"
44.234.87.135 - - [30/Nov/2023:22:00:42 +0000] "POST /sources/.env HTTP/1.1" 404 6869 "-" "Mozilla/5.0 (Windows NT 10.0; Win64; x64) AppleWebKit/537.36 (KHTML, like Gecko) Chrome/109.0.0.0 Safari/537.36"
44.234.87.135 - - [30/Nov/2023:22:00:42 +0000] "GET /docker/.env HTTP/1.1" 404 6869 "-" "Mozilla/5.0 (Windows NT 10.0; Win64; x64) AppleWebKit/537.36 (KHTML, like Gecko) Chrome/109.0.0.0 Safari/537.36"
44.234.87.135 - - [30/Nov/2023:22:00:42 +0000] "POST /docker/.env HTTP/1.1" 404 6869 "-" "Mozilla/5.0 (Windows NT 10.0; Win64; x64) AppleWebKit/537.36 (KHTML, like Gecko) Chrome/109.0.0.0 Safari/537.36"
44.234.87.135 - - [30/Nov/2023:22:00:42 +0000] "GET /.env HTTP/1.1" 404 6869 "-" "Mozilla/5.0 (Windows NT 10.0; Win64; x64) AppleWebKit/537.36 (KHTML, like Gecko) Chrome/109.0.0.0 Safari/537.36"
44.234.87.135 - - [30/Nov/2023:22:00:42 +0000] "POST /.env HTTP/1.1" 404 6869 "-" "Mozilla/5.0 (Windows NT 10.0; Win64; x64) AppleWebKit/537.36 (KHTML, like Gecko) Chrome/109.0.0.0 Safari/537.36"
44.234.87.135 - - [30/Nov/2023:22:00:42 +0000] "GET /enviroments/.env HTTP/1.1" 404 6869 "-" "Mozilla/5.0 (Windows NT 10.0; Win64; x64) AppleWebKit/537.36 (KHTML, like Gecko) Chrome/109.0.0.0 Safari/537.36"
44.234.87.135 - - [30/Nov/2023:22:00:42 +0000] "POST /enviroments/.env HTTP/1.1" 404 6869 "-" "Mozilla/5.0 (Windows NT 10.0; Win64; x64) AppleWebKit/537.36 (KHTML, like Gecko) Chrome/109.0.0.0 Safari/537.36"
44.234.87.135 - - [30/Nov/2023:22:00:42 +0000] "GET /back/.env HTTP/1.1" 404 6869 "-" "Mozilla/5.0 (Windows NT 10.0; Win64; x64) AppleWebKit/537.36 (KHTML, like Gecko) Chrome/109.0.0.0 Safari/537.36"
44.234.87.135 - - [30/Nov/2023:22:00:42 +0000] "POST /back/.env HTTP/1.1" 404 6869 "-" "Mozilla/5.0 (Windows NT 10.0; Win64; x64) AppleWebKit/537.36 (KHTML, like Gecko) Chrome/109.0.0.0 Safari/537.36"
44.234.87.135 - - [30/Nov/2023:22:00:42 +0000] "GET /.aws/credentials HTTP/1.1" 404 6869 "-" "Mozilla/5.0 (Windows NT 10.0; Win64; x64) AppleWebKit/537.36 (KHTML, like Gecko) Chrome/109.0.0.0 Safari/537.36"
44.234.87.135 - - [30/Nov/2023:22:00:42 +0000] "POST /.aws/credentials HTTP/1.1" 404 6869 "-" "Mozilla/5.0 (Windows NT 10.0; Win64; x64) AppleWebKit/537.36 (KHTML, like Gecko) Chrome/109.0.0.0 Safari/537.36"
44.234.87.135 - - [30/Nov/2023:22:00:42 +0000] "GET /system/.env HTTP/1.1" 404 6869 "-" "Mozilla/5.0 (Windows NT 10.0; Win64; x64) AppleWebKit/537.36 (KHTML, like Gecko) Chrome/109.0.0.0 Safari/537.36"
44.234.87.135 - - [30/Nov/2023:22:00:42 +0000] "POST /system/.env HTTP/1.1" 404 6869 "-" "Mozilla/5.0 (Windows NT 10.0; Win64; x64) AppleWebKit/537.36 (KHTML, like Gecko) Chrome/109.0.0.0 Safari/537.36"
44.234.87.135 - - [30/Nov/2023:22:00:42 +0000] "GET /cms/.env HTTP/1.1" 404 6869 "-" "Mozilla/5.0 (Windows NT 10.0; Win64; x64) AppleWebKit/537.36 (KHTML, like Gecko) Chrome/109.0.0.0 Safari/537.36"
44.234.87.135 - - [30/Nov/2023:22:00:42 +0000] "POST /cms/.env HTTP/1.1" 404 6869 "-" "Mozilla/5.0 (Windows NT 10.0; Win64; x64) AppleWebKit/537.36 (KHTML, like Gecko) Chrome/109.0.0.0 Safari/537.36"
44.234.87.135 - - [30/Nov/2023:22:00:42 +0000] "GET /.env.project HTTP/1.1" 404 6869 "-" "Mozilla/5.0 (Windows NT 10.0; Win64; x64) AppleWebKit/537.36 (KHTML, like Gecko) Chrome/109.0.0.0 Safari/537.36"
44.234.87.135 - - [30/Nov/2023:22:00:42 +0000] "POST /.env.project HTTP/1.1" 404 6869 "-" "Mozilla/5.0 (Windows NT 10.0; Win64; x64) AppleWebKit/537.36 (KHTML, like Gecko) Chrome/109.0.0.0 Safari/537.36"
44.234.87.135 - - [30/Nov/2023:22:00:43 +0000] "GET /enviroments/.env.production HTTP/1.1" 404 6869 "-" "Mozilla/5.0 (Windows NT 10.0; Win64; x64) AppleWebKit/537.36 (KHTML, like Gecko) Chrome/109.0.0.0 Safari/537.36"
44.234.87.135 - - [30/Nov/2023:22:00:43 +0000] "POST /enviroments/.env.production HTTP/1.1" 404 6869 "-" "Mozilla/5.0 (Windows NT 10.0; Win64; x64) AppleWebKit/537.36 (KHTML, like Gecko) Chrome/109.0.0.0 Safari/537.36"
44.234.87.135 - - [30/Nov/2023:22:00:43 +0000] "GET /.env.save HTTP/1.1" 404 6869 "-" "Mozilla/5.0 (Windows NT 10.0; Win64; x64) AppleWebKit/537.36 (KHTML, like Gecko) Chrome/109.0.0.0 Safari/537.36"
44.234.87.135 - - [30/Nov/2023:22:00:43 +0000] "POST /.env.save HTTP/1.1" 404 6869 "-" "Mozilla/5.0 (Windows NT 10.0; Win64; x64) AppleWebKit/537.36 (KHTML, like Gecko) Chrome/109.0.0.0 Safari/537.36"
44.234.87.135 - - [30/Nov/2023:22:00:43 +0000] "GET /admin-app/.env HTTP/1.1" 404 6869 "-" "Mozilla/5.0 (Windows NT 10.0; Win64; x64) AppleWebKit/537.36 (KHTML, like Gecko) Chrome/109.0.0.0 Safari/537.36"
44.234.87.135 - - [30/Nov/2023:22:00:43 +0000] "POST /admin-app/.env HTTP/1.1" 404 6869 "-" "Mozilla/5.0 (Windows NT 10.0; Win64; x64) AppleWebKit/537.36 (KHTML, like Gecko) Chrome/109.0.0.0 Safari/537.36"
44.234.87.135 - - [30/Nov/2023:22:00:43 +0000] "GET /.env.development HTTP/1.1" 404 6869 "-" "Mozilla/5.0 (Windows NT 10.0; Win64; x64) AppleWebKit/537.36 (KHTML, like Gecko) Chrome/109.0.0.0 Safari/537.36"
44.234.87.135 - - [30/Nov/2023:22:00:43 +0000] "POST /.env.development HTTP/1.1" 404 6869 "-" "Mozilla/5.0 (Windows NT 10.0; Win64; x64) AppleWebKit/537.36 (KHTML, like Gecko) Chrome/109.0.0.0 Safari/537.36"
44.234.87.135 - - [30/Nov/2023:22:00:43 +0000] "GET /shared/.env HTTP/1.1" 404 6869 "-" "Mozilla/5.0 (Windows NT 10.0; Win64; x64) AppleWebKit/537.36 (KHTML, like Gecko) Chrome/109.0.0.0 Safari/537.36"
44.234.87.135 - - [30/Nov/2023:22:00:43 +0000] "POST /shared/.env HTTP/1.1" 404 6869 "-" "Mozilla/5.0 (Windows NT 10.0; Win64; x64) AppleWebKit/537.36 (KHTML, like Gecko) Chrome/109.0.0.0 Safari/537.36"
44.234.87.135 - - [30/Nov/2023:22:00:43 +0000] "GET /api/.env HTTP/1.1" 404 6901 "-" "Mozilla/5.0 (Windows NT 10.0; Win64; x64) AppleWebKit/537.36 (KHTML, like Gecko) Chrome/109.0.0.0 Safari/537.36"
44.234.87.135 - - [30/Nov/2023:22:00:43 +0000] "POST /api/.env HTTP/1.1" 404 6901 "-" "Mozilla/5.0 (Windows NT 10.0; Win64; x64) AppleWebKit/537.36 (KHTML, like Gecko) Chrome/109.0.0.0 Safari/537.36"
44.234.87.135 - - [30/Nov/2023:22:00:43 +0000] "GET /core/.env HTTP/1.1" 404 6869 "-" "Mozilla/5.0 (Windows NT 10.0; Win64; x64) AppleWebKit/537.36 (KHTML, like Gecko) Chrome/109.0.0.0 Safari/537.36"
44.234.87.135 - - [30/Nov/2023:22:00:43 +0000] "POST /core/.env HTTP/1.1" 404 6869 "-" "Mozilla/5.0 (Windows NT 10.0; Win64; x64) AppleWebKit/537.36 (KHTML, like Gecko) Chrome/109.0.0.0 Safari/537.36"
44.234.87.135 - - [30/Nov/2023:22:00:43 +0000] "GET /apps/.env HTTP/1.1" 404 6869 "-" "Mozilla/5.0 (Windows NT 10.0; Win64; x64) AppleWebKit/537.36 (KHTML, like Gecko) Chrome/109.0.0.0 Safari/537.36"
44.234.87.135 - - [30/Nov/2023:22:00:43 +0000] "POST /apps/.env HTTP/1.1" 404 6869 "-" "Mozilla/5.0 (Windows NT 10.0; Win64; x64) AppleWebKit/537.36 (KHTML, like Gecko) Chrome/109.0.0.0 Safari/537.36"
44.234.87.135 - - [30/Nov/2023:22:00:43 +0000] "GET /.env.old HTTP/1.1" 404 6869 "-" "Mozilla/5.0 (Windows NT 10.0; Win64; x64) AppleWebKit/537.36 (KHTML, like Gecko) Chrome/109.0.0.0 Safari/537.36"
44.234.87.135 - - [30/Nov/2023:22:00:43 +0000] "POST /.env.old HTTP/1.1" 404 6869 "-" "Mozilla/5.0 (Windows NT 10.0; Win64; x64) AppleWebKit/537.36 (KHTML, like Gecko) Chrome/109.0.0.0 Safari/537.36"
44.234.87.135 - - [30/Nov/2023:22:00:44 +0000] "GET /app/.env HTTP/1.1" 404 6869 "-" "Mozilla/5.0 (Windows NT 10.0; Win64; x64) AppleWebKit/537.36 (KHTML, like Gecko) Chrome/109.0.0.0 Safari/537.36"
44.234.87.135 - - [30/Nov/2023:22:00:44 +0000] "POST /app/.env HTTP/1.1" 404 6869 "-" "Mozilla/5.0 (Windows NT 10.0; Win64; x64) AppleWebKit/537.36 (KHTML, like Gecko) Chrome/109.0.0.0 Safari/537.36"
44.234.87.135 - - [30/Nov/2023:22:00:44 +0000] "GET /development/.env HTTP/1.1" 404 6869 "-" "Mozilla/5.0 (Windows NT 10.0; Win64; x64) AppleWebKit/537.36 (KHTML, like Gecko) Chrome/109.0.0.0 Safari/537.36"
44.234.87.135 - - [30/Nov/2023:22:00:44 +0000] "POST /development/.env HTTP/1.1" 404 6869 "-" "Mozilla/5.0 (Windows NT 10.0; Win64; x64) AppleWebKit/537.36 (KHTML, like Gecko) Chrome/109.0.0.0 Safari/537.36"
44.234.87.135 - - [30/Nov/2023:22:00:44 +0000] "GET /application/.env HTTP/1.1" 404 6869 "-" "Mozilla/5.0 (Windows NT 10.0; Win64; x64) AppleWebKit/537.36 (KHTML, like Gecko) Chrome/109.0.0.0 Safari/537.36"
44.234.87.135 - - [30/Nov/2023:22:00:44 +0000] "POST /application/.env HTTP/1.1" 404 6869 "-" "Mozilla/5.0 (Windows NT 10.0; Win64; x64) AppleWebKit/537.36 (KHTML, like Gecko) Chrome/109.0.0.0 Safari/537.36"
44.234.87.135 - - [30/Nov/2023:22:00:44 +0000] "GET /live_env HTTP/1.1" 404 6869 "-" "Mozilla/5.0 (Windows NT 10.0; Win64; x64) AppleWebKit/537.36 (KHTML, like Gecko) Chrome/109.0.0.0 Safari/537.36"
44.234.87.135 - - [30/Nov/2023:22:00:44 +0000] "POST /live_env HTTP/1.1" 404 6869 "-" "Mozilla/5.0 (Windows NT 10.0; Win64; x64) AppleWebKit/537.36 (KHTML, like Gecko) Chrome/109.0.0.0 Safari/537.36"
44.234.87.135 - - [30/Nov/2023:22:00:44 +0000] "GET /private/.env HTTP/1.1" 404 6869 "-" "Mozilla/5.0 (Windows NT 10.0; Win64; x64) AppleWebKit/537.36 (KHTML, like Gecko) Chrome/109.0.0.0 Safari/537.36"
44.234.87.135 - - [30/Nov/2023:22:00:44 +0000] "POST /private/.env HTTP/1.1" 404 6869 "-" "Mozilla/5.0 (Windows NT 10.0; Win64; x64) AppleWebKit/537.36 (KHTML, like Gecko) Chrome/109.0.0.0 Safari/537.36"
44.234.87.135 - - [30/Nov/2023:22:00:44 +0000] "GET /.env.dist HTTP/1.1" 404 6869 "-" "Mozilla/5.0 (Windows NT 10.0; Win64; x64) AppleWebKit/537.36 (KHTML, like Gecko) Chrome/109.0.0.0 Safari/537.36"
44.234.87.135 - - [30/Nov/2023:22:00:44 +0000] "POST /.env.dist HTTP/1.1" 404 6869 "-" "Mozilla/5.0 (Windows NT 10.0; Win64; x64) AppleWebKit/537.36 (KHTML, like Gecko) Chrome/109.0.0.0 Safari/537.36"
44.234.87.135 - - [30/Nov/2023:22:00:44 +0000] "GET /.env.prod HTTP/1.1" 404 6869 "-" "Mozilla/5.0 (Windows NT 10.0; Win64; x64) AppleWebKit/537.36 (KHTML, like Gecko) Chrome/109.0.0.0 Safari/537.36"
44.234.87.135 - - [30/Nov/2023:22:00:44 +0000] "POST /.env.prod HTTP/1.1" 404 6869 "-" "Mozilla/5.0 (Windows NT 10.0; Win64; x64) AppleWebKit/537.36 (KHTML, like Gecko) Chrome/109.0.0.0 Safari/537.36"
44.234.87.135 - - [30/Nov/2023:22:00:44 +0000] "GET /script/.env HTTP/1.1" 404 6869 "-" "Mozilla/5.0 (Windows NT 10.0; Win64; x64) AppleWebKit/537.36 (KHTML, like Gecko) Chrome/109.0.0.0 Safari/537.36"
44.234.87.135 - - [30/Nov/2023:22:00:44 +0000] "POST /script/.env HTTP/1.1" 404 6869 "-" "Mozilla/5.0 (Windows NT 10.0; Win64; x64) AppleWebKit/537.36 (KHTML, like Gecko) Chrome/109.0.0.0 Safari/537.36"
44.234.87.135 - - [30/Nov/2023:22:00:44 +0000] "GET /frontend_dev.php/$ HTTP/1.1" 404 6869 "-" "Mozilla/5.0 (Windows NT 10.0; Win64; x64) AppleWebKit/537.36 (KHTML, like Gecko) Chrome/109.0.0.0 Safari/537.36"
44.234.87.135 - - [30/Nov/2023:22:00:45 +0000] "GET /debug/default/view?panel=config HTTP/1.1" 404 6869 "-" "Mozilla/5.0 (Windows NT 10.0; Win64; x64) AppleWebKit/537.36 (KHTML, like Gecko) Chrome/109.0.0.0 Safari/537.36"
44.234.87.135 - - [30/Nov/2023:22:00:45 +0000] "GET /config.json HTTP/1.1" 404 6869 "-" "Mozilla/5.0 (Windows NT 10.0; Win64; x64) AppleWebKit/537.36 (KHTML, like Gecko) Chrome/109.0.0.0 Safari/537.36"
44.234.87.135 - - [30/Nov/2023:22:00:45 +0000] "GET /.json HTTP/1.1" 404 6869 "-" "Mozilla/5.0 (Windows NT 10.0; Win64; x64) AppleWebKit/537.36 (KHTML, like Gecko) Chrome/109.0.0.0 Safari/537.36"
44.234.87.135 - - [30/Nov/2023:22:00:45 +0000] "GET /info.php HTTP/1.1" 404 6869 "-" "Mozilla/5.0 (Windows NT 10.0; Win64; x64) AppleWebKit/537.36 (KHTML, like Gecko) Chrome/109.0.0.0 Safari/537.36"
44.234.87.135 - - [30/Nov/2023:22:00:45 +0000] "GET /information HTTP/1.1" 404 6869 "-" "Mozilla/5.0 (Windows NT 10.0; Win64; x64) AppleWebKit/537.36 (KHTML, like Gecko) Chrome/109.0.0.0 Safari/537.36"
44.234.87.135 - - [30/Nov/2023:22:00:45 +0000] "GET /admin/phpinfo.php HTTP/1.1" 404 6869 "-" "Mozilla/5.0 (Windows NT 10.0; Win64; x64) AppleWebKit/537.36 (KHTML, like Gecko) Chrome/109.0.0.0 Safari/537.36"
44.234.87.135 - - [30/Nov/2023:22:00:45 +0000] "GET /phpinfo HTTP/1.1" 404 6869 "-" "Mozilla/5.0 (Windows NT 10.0; Win64; x64) AppleWebKit/537.36 (KHTML, like Gecko) Chrome/109.0.0.0 Safari/537.36"
44.234.87.135 - - [30/Nov/2023:22:00:45 +0000] "GET /phpinfo.php HTTP/1.1" 404 6869 "-" "Mozilla/5.0 (Windows NT 10.0; Win64; x64) AppleWebKit/537.36 (KHTML, like Gecko) Chrome/109.0.0.0 Safari/537.36"
44.234.87.135 - - [30/Nov/2023:22:00:45 +0000] "GET /testphpinfo HTTP/1.1" 404 6869 "-" "Mozilla/5.0 (Windows NT 10.0; Win64; x64) AppleWebKit/537.36 (KHTML, like Gecko) Chrome/109.0.0.0 Safari/537.36"
44.234.87.135 - - [30/Nov/2023:22:00:45 +0000] "GET /_phpinfo.php HTTP/1.1" 404 6869 "-" "Mozilla/5.0 (Windows NT 10.0; Win64; x64) AppleWebKit/537.36 (KHTML, like Gecko) Chrome/109.0.0.0 Safari/537.36"
44.234.87.135 - - [30/Nov/2023:22:00:45 +0000] "GET /info/phpinfo.php HTTP/1.1" 404 6869 "-" "Mozilla/5.0 (Windows NT 10.0; Win64; x64) AppleWebKit/537.36 (KHTML, like Gecko) Chrome/109.0.0.0 Safari/537.36"
44.234.87.135 - - [30/Nov/2023:22:00:45 +0000] "GET /infophp.php HTTP/1.1" 404 6869 "-" "Mozilla/5.0 (Windows NT 10.0; Win64; x64) AppleWebKit/537.36 (KHTML, like Gecko) Chrome/109.0.0.0 Safari/537.36"
44.234.87.135 - - [30/Nov/2023:22:00:45 +0000] "GET /phpversion.php HTTP/1.1" 404 6869 "-" "Mozilla/5.0 (Windows NT 10.0; Win64; x64) AppleWebKit/537.36 (KHTML, like Gecko) Chrome/109.0.0.0 Safari/537.36"
44.234.87.135 - - [30/Nov/2023:22:00:45 +0000] "GET /pinfo.php HTTP/1.1" 404 6869 "-" "Mozilla/5.0 (Windows NT 10.0; Win64; x64) AppleWebKit/537.36 (KHTML, like Gecko) Chrome/109.0.0.0 Safari/537.36"
44.234.87.135 - - [30/Nov/2023:22:00:45 +0000] "GET /scripts/phpinfo.php HTTP/1.1" 404 6869 "-" "Mozilla/5.0 (Windows NT 10.0; Win64; x64) AppleWebKit/537.36 (KHTML, like Gecko) Chrome/109.0.0.0 Safari/537.36"
44.234.87.135 - - [30/Nov/2023:22:00:45 +0000] "GET /PHPConf.php HTTP/1.1" 404 6869 "-" "Mozilla/5.0 (Windows NT 10.0; Win64; x64) AppleWebKit/537.36 (KHTML, like Gecko) Chrome/109.0.0.0 Safari/537.36"
44.234.87.135 - - [30/Nov/2023:22:00:45 +0000] "GET /_profiler/phpinfo HTTP/1.1" 404 6869 "-" "Mozilla/5.0 (Windows NT 10.0; Win64; x64) AppleWebKit/537.36 (KHTML, like Gecko) Chrome/109.0.0.0 Safari/537.36"
44.234.87.135 - - [30/Nov/2023:22:00:45 +0000] "GET /admin.php HTTP/1.1" 404 6869 "-" "Mozilla/5.0 (Windows NT 10.0; Win64; x64) AppleWebKit/537.36 (KHTML, like Gecko) Chrome/109.0.0.0 Safari/537.36"
44.234.87.135 - - [30/Nov/2023:22:00:45 +0000] "GET /testphpinfo.php HTTP/1.1" 404 6869 "-" "Mozilla/5.0 (Windows NT 10.0; Win64; x64) AppleWebKit/537.36 (KHTML, like Gecko) Chrome/109.0.0.0 Safari/537.36"
44.234.87.135 - - [30/Nov/2023:22:00:46 +0000] "GET /viewinfo.php HTTP/1.1" 404 6869 "-" "Mozilla/5.0 (Windows NT 10.0; Win64; x64) AppleWebKit/537.36 (KHTML, like Gecko) Chrome/109.0.0.0 Safari/537.36"
44.234.87.135 - - [30/Nov/2023:22:00:46 +0000] "GET /phpinformation HTTP/1.1" 404 6869 "-" "Mozilla/5.0 (Windows NT 10.0; Win64; x64) AppleWebKit/537.36 (KHTML, like Gecko) Chrome/109.0.0.0 Safari/537.36"
44.234.87.135 - - [30/Nov/2023:22:00:46 +0000] "GET /php-info.php HTTP/1.1" 404 6869 "-" "Mozilla/5.0 (Windows NT 10.0; Win64; x64) AppleWebKit/537.36 (KHTML, like Gecko) Chrome/109.0.0.0 Safari/537.36"
44.234.87.135 - - [30/Nov/2023:22:00:46 +0000] "GET /information.php HTTP/1.1" 404 6869 "-" "Mozilla/5.0 (Windows NT 10.0; Win64; x64) AppleWebKit/537.36 (KHTML, like Gecko) Chrome/109.0.0.0 Safari/537.36"
44.234.87.135 - - [30/Nov/2023:22:00:46 +0000] "GET /phptest.php HTTP/1.1" 404 6869 "-" "Mozilla/5.0 (Windows NT 10.0; Win64; x64) AppleWebKit/537.36 (KHTML, like Gecko) Chrome/109.0.0.0 Safari/537.36"
44.234.87.135 - - [30/Nov/2023:22:00:46 +0000] "GET /phpinfo/phpinfo.php HTTP/1.1" 404 6869 "-" "Mozilla/5.0 (Windows NT 10.0; Win64; x64) AppleWebKit/537.36 (KHTML, like Gecko) Chrome/109.0.0.0 Safari/537.36"
44.234.87.135 - - [30/Nov/2023:22:00:46 +0000] "GET /info/info.php HTTP/1.1" 404 6869 "-" "Mozilla/5.0 (Windows NT 10.0; Win64; x64) AppleWebKit/537.36 (KHTML, like Gecko) Chrome/109.0.0.0 Safari/537.36"
44.234.87.135 - - [30/Nov/2023:22:00:46 +0000] "GET /php.php HTTP/1.1" 404 6869 "-" "Mozilla/5.0 (Windows NT 10.0; Win64; x64) AppleWebKit/537.36 (KHTML, like Gecko) Chrome/109.0.0.0 Safari/537.36"
44.234.87.135 - - [30/Nov/2023:22:00:46 +0000] "GET /php_info.php HTTP/1.1" 404 6869 "-" "Mozilla/5.0 (Windows NT 10.0; Win64; x64) AppleWebKit/537.36 (KHTML, like Gecko) Chrome/109.0.0.0 Safari/537.36"
205.210.31.35 - - [30/Nov/2023:22:11:28 +0000] "GET / HTTP/1.1" 200 28640 "-" "Expanse, a Palo Alto Networks company, searches across the global IPv4 space multiple times per day to identify customers&#39; presences on the Internet. If you would like to be excluded from our scans, please send IP addresses/domains to: scaninfo@paloaltonetworks.com"
3.236.140.101 - - [30/Nov/2023:22:12:01 +0000] "GET / HTTP/1.1" 200 8278 "-" "Mozilla/5.0 (X11; U; Linux x86_64; us; rv:1.9.1.19) Gecko/20110430 shadowfox/7.0 (like Firefox/7.0"
185.254.196.173 - - [30/Nov/2023:22:21:24 +0000] "GET /.env HTTP/1.1" 404 6869 "-" "Mozilla/5.0 (X11; Linux x86_64) AppleWebKit/537.36 (KHTML, like Gecko) Chrome/81.0.4044.129 Safari/537.36"
185.254.196.173 - - [30/Nov/2023:22:21:25 +0000] "POST / HTTP/1.1" 405 1026564 "-" "Mozilla/5.0 (X11; Linux x86_64) AppleWebKit/537.36 (KHTML, like Gecko) Chrome/81.0.4044.129 Safari/537.36"
1.14.7.100 - - [30/Nov/2023:22:48:46 +0000] "HEAD /Core/Skin/Login.aspx HTTP/1.1" 404 169 "-" "Mozilla/5.0 (Windows NT 10.0; Win64; x64) AppleWebKit/537.36 (KHTML, like Gecko) Chrome/106.0.0.0 Safari/537.36"
185.254.196.173 - - [30/Nov/2023:23:58:59 +0000] "GET /.env HTTP/1.1" 404 6869 "-" "Mozilla/5.0 (X11; Linux x86_64) AppleWebKit/537.36 (KHTML, like Gecko) Chrome/81.0.4044.129 Safari/537.36"
185.254.196.173 - - [30/Nov/2023:23:59:01 +0000] "POST / HTTP/1.1" 405 1026564 "-" "Mozilla/5.0 (X11; Linux x86_64) AppleWebKit/537.36 (KHTML, like Gecko) Chrome/81.0.4044.129 Safari/537.36"
135.125.246.110 - - [01/Dec/2023:00:07:44 +0000] "GET /.env HTTP/1.1" 404 6869 "-" "Mozilla/5.0 (X11; Linux x86_64) AppleWebKit/537.36 (KHTML, like Gecko) Chrome/81.0.4044.129 Safari/537.36"
135.125.246.110 - - [01/Dec/2023:00:07:44 +0000] "POST / HTTP/1.1" 405 1026574 "-" "Mozilla/5.0 (X11; Linux x86_64) AppleWebKit/537.36 (KHTML, like Gecko) Chrome/81.0.4044.129 Safari/537.36"
141.98.11.52 - - [01/Dec/2023:00:27:36 +0000] "GET / HTTP/1.1" 200 8315 "-" "Mozilla/5.0 (Windows NT 10.0; Win64; x64) AppleWebKit/537.36 (KHTML, like Gecko) Chrome/90.0.4430.85 Safari/537.36 Edg/90.0.818.46"
1.14.7.100 - - [01/Dec/2023:00:43:08 +0000] "HEAD /Core/Skin/Login.aspx HTTP/1.1" 404 169 "-" "Mozilla/5.0 (Windows NT 10.0; Win64; x64) AppleWebKit/537.36 (KHTML, like Gecko) Chrome/106.0.0.0 Safari/537.36"
54.191.4.115 - - [01/Dec/2023:00:43:23 +0000] "GET / HTTP/1.1" 200 8278 "-" "Mozilla/5.0 (Windows NT 6.1; WOW64) AppleWebKit/537.36 (KHTML, like Gecko) Chrome/56.0.2924.76 Safari/537.36"
185.224.128.187 - - [01/Dec/2023:01:17:46 +0000] "GET / HTTP/1.1" 200 28640 "-" "-"
185.254.196.173 - - [01/Dec/2023:01:28:26 +0000] "GET /.env HTTP/1.1" 404 6869 "-" "Mozilla/5.0 (X11; Linux x86_64) AppleWebKit/537.36 (KHTML, like Gecko) Chrome/81.0.4044.129 Safari/537.36"
185.254.196.173 - - [01/Dec/2023:01:28:26 +0000] "POST / HTTP/1.1" 405 1026564 "-" "Mozilla/5.0 (X11; Linux x86_64) AppleWebKit/537.36 (KHTML, like Gecko) Chrome/81.0.4044.129 Safari/537.36"
135.125.244.48 - - [01/Dec/2023:01:39:38 +0000] "GET /.env HTTP/1.1" 404 6869 "-" "Mozilla/5.0 (X11; Linux x86_64) AppleWebKit/537.36 (KHTML, like Gecko) Chrome/81.0.4044.129 Safari/537.36"
135.125.244.48 - - [01/Dec/2023:01:39:38 +0000] "POST / HTTP/1.1" 405 1026574 "-" "Mozilla/5.0 (X11; Linux x86_64) AppleWebKit/537.36 (KHTML, like Gecko) Chrome/81.0.4044.129 Safari/537.36"
192.241.196.34 - - [01/Dec/2023:01:59:10 +0000] "GET / HTTP/1.1" 200 8259 "-" "Mozilla/5.0 zgrab/0.x"
34.219.158.199 - - [01/Dec/2023:02:17:00 +0000] "GET / HTTP/1.1" 200 8315 "-" "Mozilla/5.0 (Macintosh; Intel Mac OS X 10_15_7) AppleWebKit/537.36 (KHTML, like Gecko) Chrome/113.0.0.0 Safari/537.36"
185.254.196.186 - - [01/Dec/2023:02:37:33 +0000] "GET /.env HTTP/1.1" 404 6869 "-" "Mozilla/5.0 (X11; Linux x86_64) AppleWebKit/537.36 (KHTML, like Gecko) Chrome/81.0.4044.129 Safari/537.36"
185.254.196.186 - - [01/Dec/2023:02:37:34 +0000] "POST / HTTP/1.1" 405 1026564 "-" "Mozilla/5.0 (X11; Linux x86_64) AppleWebKit/537.36 (KHTML, like Gecko) Chrome/81.0.4044.129 Safari/537.36"
1.14.7.100 - - [01/Dec/2023:02:41:24 +0000] "HEAD /Core/Skin/Login.aspx HTTP/1.1" 404 169 "-" "Mozilla/5.0 (Windows NT 10.0; Win64; x64) AppleWebKit/537.36 (KHTML, like Gecko) Chrome/106.0.0.0 Safari/537.36"
192.241.236.82 - - [01/Dec/2023:02:44:25 +0000] "GET /portal/redlion HTTP/1.1" 404 6813 "-" "Mozilla/5.0 zgrab/0.x"
176.97.210.240 - - [01/Dec/2023:02:58:06 +0000] "GET / HTTP/1.1" 200 28640 "-" "Go-http-client/1.1"
205.210.31.210 - - [01/Dec/2023:03:18:38 +0000] "GET / HTTP/1.0" 200 28656 "-" "Expanse, a Palo Alto Networks company, searches across the global IPv4 space multiple times per day to identify customers&#39; presences on the Internet. If you would like to be excluded from our scans, please send IP addresses/domains to: scaninfo@paloaltonetworks.com"
20.245.144.150 - - [01/Dec/2023:03:33:34 +0000] "GET /.env HTTP/1.1" 404 6869 "-" "Mozilla/5.0 (X11; Linux x86_64) AppleWebKit/537.36 (KHTML, like Gecko) Chrome/81.0.4044.129 Safari/537.36"
20.245.144.150 - - [01/Dec/2023:03:33:34 +0000] "POST / HTTP/1.1" 405 1026594 "-" "Mozilla/5.0 (X11; Linux x86_64) AppleWebKit/537.36 (KHTML, like Gecko) Chrome/81.0.4044.129 Safari/537.36"
52.206.99.128 - - [01/Dec/2023:03:38:40 +0000] "GET / HTTP/1.1" 200 8278 "-" "Mozilla/5.0 (Linux; Android 5.0; SM-G900F Build/LRX21T; wv) AppleWebKit/537.36 (KHTML, like Gecko) Version/4.0 Chrome/45.0.2454.95 Mobile Safari/537.36"
162.216.150.109 - - [01/Dec/2023:04:22:13 +0000] "GET / HTTP/1.1" 200 28640 "-" "Expanse, a Palo Alto Networks company, searches across the global IPv4 space multiple times per day to identify customers&#39; presences on the Internet. If you would like to be excluded from our scans, please send IP addresses/domains to: scaninfo@paloaltonetworks.com"
135.125.244.48 - - [01/Dec/2023:04:37:29 +0000] "GET /.env HTTP/1.1" 404 6869 "-" "Mozilla/5.0 (X11; Linux x86_64) AppleWebKit/537.36 (KHTML, like Gecko) Chrome/81.0.4044.129 Safari/537.36"
135.125.244.48 - - [01/Dec/2023:04:37:29 +0000] "POST / HTTP/1.1" 405 1026574 "-" "Mozilla/5.0 (X11; Linux x86_64) AppleWebKit/537.36 (KHTML, like Gecko) Chrome/81.0.4044.129 Safari/537.36"
1.14.7.100 - - [01/Dec/2023:04:44:30 +0000] "HEAD /Core/Skin/Login.aspx HTTP/1.1" 404 169 "-" "Mozilla/5.0 (Windows NT 10.0; Win64; x64) AppleWebKit/537.36 (KHTML, like Gecko) Chrome/106.0.0.0 Safari/537.36"
135.125.244.48 - - [01/Dec/2023:05:01:22 +0000] "GET /.env HTTP/1.1" 404 6869 "-" "Mozilla/5.0 (X11; Linux x86_64) AppleWebKit/537.36 (KHTML, like Gecko) Chrome/81.0.4044.129 Safari/537.36"
135.125.244.48 - - [01/Dec/2023:05:01:22 +0000] "POST / HTTP/1.1" 405 1026574 "-" "Mozilla/5.0 (X11; Linux x86_64) AppleWebKit/537.36 (KHTML, like Gecko) Chrome/81.0.4044.129 Safari/537.36"
185.180.143.136 - - [01/Dec/2023:05:44:24 +0000] "GET / HTTP/1.1" 200 8259 "-" "Mozilla/5.0 (Windows NT 10.0; Win64; x64) AppleWebKit/537.36 (KHTML, like Gecko) Chrome/60.0.3112.113 Safari/537.36"
185.180.143.136 - - [01/Dec/2023:05:44:24 +0000] "GET /cf_scripts/scripts/ajax/ckeditor/ckeditor.js HTTP/1.1" 404 6813 "-" "Mozilla/5.0 (Windows NT 10.0; Win64; x64) AppleWebKit/537.36 (KHTML, like Gecko) Chrome/60.0.3112.113 Safari/537.36"
135.125.244.48 - - [01/Dec/2023:05:58:42 +0000] "GET /.env HTTP/1.1" 404 6869 "-" "Mozilla/5.0 (X11; Linux x86_64) AppleWebKit/537.36 (KHTML, like Gecko) Chrome/81.0.4044.129 Safari/537.36"
135.125.244.48 - - [01/Dec/2023:05:58:42 +0000] "POST / HTTP/1.1" 405 1026574 "-" "Mozilla/5.0 (X11; Linux x86_64) AppleWebKit/537.36 (KHTML, like Gecko) Chrome/81.0.4044.129 Safari/537.36"
167.94.145.55 - - [01/Dec/2023:05:59:27 +0000] "GET / HTTP/1.1" 200 28640 "-" "-"
167.94.145.55 - - [01/Dec/2023:05:59:31 +0000] "GET / HTTP/1.1" 200 8259 "-" "Mozilla/5.0 (compatible; CensysInspect/1.1; +https://about.censys.io/)"
167.94.145.55 - - [01/Dec/2023:05:59:31 +0000] "PRI * HTTP/2.0" 400 483 "-" "-"
167.94.145.55 - - [01/Dec/2023:05:59:31 +0000] "GET /favicon.ico HTTP/1.1" 200 259 "-" "Mozilla/5.0 (compatible; CensysInspect/1.1; +https://about.censys.io/)"
3.128.87.86 - - [01/Dec/2023:06:43:00 +0000] "GET / HTTP/1.1" 200 8278 "-" "Mozilla/5.0 (Linux; Android 9; SM-N960U) AppleWebKit/537.36 (KHTML, like Gecko) Chrome/76.0.3809.111 Mobile Safari/537.36"
3.128.87.86 - - [01/Dec/2023:06:48:40 +0000] "GET / HTTP/1.1" 200 8278 "-" "Mozilla/5.0 (Linux; Android 6.0; Nexus 5 Build/MRA58N) AppleWebKit/537.36 (KHTML, like Gecko) Chrome/76.0.3809.100 Mobile Safari/537.36"
135.125.244.48 - - [01/Dec/2023:07:00:30 +0000] "GET /.env HTTP/1.1" 404 6869 "-" "Mozilla/5.0 (X11; Linux x86_64) AppleWebKit/537.36 (KHTML, like Gecko) Chrome/81.0.4044.129 Safari/537.36"
135.125.244.48 - - [01/Dec/2023:07:00:31 +0000] "POST / HTTP/1.1" 405 1026574 "-" "Mozilla/5.0 (X11; Linux x86_64) AppleWebKit/537.36 (KHTML, like Gecko) Chrome/81.0.4044.129 Safari/537.36"
135.125.244.48 - - [01/Dec/2023:08:00:47 +0000] "GET /.env HTTP/1.1" 404 6869 "-" "Mozilla/5.0 (X11; Linux x86_64) AppleWebKit/537.36 (KHTML, like Gecko) Chrome/81.0.4044.129 Safari/537.36"
135.125.244.48 - - [01/Dec/2023:08:00:47 +0000] "POST / HTTP/1.1" 405 1026574 "-" "Mozilla/5.0 (X11; Linux x86_64) AppleWebKit/537.36 (KHTML, like Gecko) Chrome/81.0.4044.129 Safari/537.36"
198.235.24.147 - - [01/Dec/2023:08:31:25 +0000] "GET / HTTP/1.0" 200 28656 "-" "Expanse, a Palo Alto Networks company, searches across the global IPv4 space multiple times per day to identify customers&#39; presences on the Internet. If you would like to be excluded from our scans, please send IP addresses/domains to: scaninfo@paloaltonetworks.com"
35.203.210.249 - - [01/Dec/2023:08:42:26 +0000] "GET / HTTP/1.1" 200 28640 "-" "Expanse, a Palo Alto Networks company, searches across the global IPv4 space multiple times per day to identify customers&#39; presences on the Internet. If you would like to be excluded from our scans, please send IP addresses/domains to: scaninfo@paloaltonetworks.com"
1.14.7.100 - - [01/Dec/2023:08:51:13 +0000] "HEAD /Core/Skin/Login.aspx HTTP/1.1" 404 169 "-" "Mozilla/5.0 (Windows NT 10.0; Win64; x64) AppleWebKit/537.36 (KHTML, like Gecko) Chrome/106.0.0.0 Safari/537.36"
205.210.31.161 - - [01/Dec/2023:10:02:41 +0000] "\x16\x03\x01" 400 483 "-" "-"
205.210.31.161 - - [01/Dec/2023:10:02:41 +0000] "\x16\x03\x01" 400 483 "-" "-"
135.125.244.48 - - [01/Dec/2023:10:07:09 +0000] "GET /.env HTTP/1.1" 404 6869 "-" "Mozilla/5.0 (X11; Linux x86_64) AppleWebKit/537.36 (KHTML, like Gecko) Chrome/81.0.4044.129 Safari/537.36"
135.125.244.48 - - [01/Dec/2023:10:07:09 +0000] "POST / HTTP/1.1" 405 1026574 "-" "Mozilla/5.0 (X11; Linux x86_64) AppleWebKit/537.36 (KHTML, like Gecko) Chrome/81.0.4044.129 Safari/537.36"
185.254.196.173 - - [01/Dec/2023:10:12:04 +0000] "GET /.env HTTP/1.1" 404 6869 "-" "Mozilla/5.0 (X11; Linux x86_64) AppleWebKit/537.36 (KHTML, like Gecko) Chrome/81.0.4044.129 Safari/537.36"
185.254.196.173 - - [01/Dec/2023:10:12:04 +0000] "POST / HTTP/1.1" 405 1026564 "-" "Mozilla/5.0 (X11; Linux x86_64) AppleWebKit/537.36 (KHTML, like Gecko) Chrome/81.0.4044.129 Safari/537.36"
198.199.111.87 - - [01/Dec/2023:10:20:05 +0000] "GET /hudson HTTP/1.1" 404 6813 "-" "Mozilla/5.0 zgrab/0.x"
135.125.244.48 - - [01/Dec/2023:10:31:37 +0000] "GET /.env HTTP/1.1" 404 6869 "-" "Mozilla/5.0 (X11; Linux x86_64) AppleWebKit/537.36 (KHTML, like Gecko) Chrome/81.0.4044.129 Safari/537.36"
135.125.244.48 - - [01/Dec/2023:10:31:38 +0000] "POST / HTTP/1.1" 405 1026574 "-" "Mozilla/5.0 (X11; Linux x86_64) AppleWebKit/537.36 (KHTML, like Gecko) Chrome/81.0.4044.129 Safari/537.36"
45.164.35.204 - - [01/Dec/2023:10:36:45 +0000] "GET / HTTP/1.1" 200 28640 "-" "Mozilla/5.0 (Windows NT 6.1; WOW64) AppleWebKit/537.36 (KHTML, like Gecko) Chrome/52.0.2743.116 Safari/537.36"
184.105.139.68 - - [01/Dec/2023:10:50:41 +0000] "\x16\x03\x01" 400 483 "-" "-"
1.14.7.100 - - [01/Dec/2023:10:52:25 +0000] "HEAD /Core/Skin/Login.aspx HTTP/1.1" 404 169 "-" "Mozilla/5.0 (Windows NT 10.0; Win64; x64) AppleWebKit/537.36 (KHTML, like Gecko) Chrome/106.0.0.0 Safari/537.36"
54.183.164.142 - - [01/Dec/2023:10:59:02 +0000] "GET / HTTP/1.1" 200 8278 "-" "Mozilla/5.0 (Linux; Android 9; SM-N950U) AppleWebKit/537.36 (KHTML, like Gecko) Chrome/76.0.3809.89 Mobile Safari/537.36"
192.241.207.96 - - [01/Dec/2023:11:00:14 +0000] "MGLNDD_52.53.240.195_80\n" 400 483 "-" "-"
176.97.210.240 - - [01/Dec/2023:11:29:23 +0000] "GET / HTTP/1.1" 200 28640 "-" "Go-http-client/1.1"
185.254.196.186 - - [01/Dec/2023:11:33:53 +0000] "GET /.env HTTP/1.1" 404 6869 "-" "Mozilla/5.0 (X11; Linux x86_64) AppleWebKit/537.36 (KHTML, like Gecko) Chrome/81.0.4044.129 Safari/537.36"
185.254.196.186 - - [01/Dec/2023:11:33:53 +0000] "POST / HTTP/1.1" 405 1026564 "-" "Mozilla/5.0 (X11; Linux x86_64) AppleWebKit/537.36 (KHTML, like Gecko) Chrome/81.0.4044.129 Safari/537.36"
209.38.226.213 - - [01/Dec/2023:11:39:08 +0000] "GET / HTTP/1.1" 200 8259 "-" "Mozilla/5.0 (X11; Linux x86_64) AppleWebKit/537.36 (KHTML, like Gecko) Chrome/108.0.0.0 Safari/537.36"
195.210.178.162 - - [01/Dec/2023:12:49:43 +0000] "GET / HTTP/1.1" 200 28640 "-" "Mozilla/5.0 (Windows NT 10.0; WOW64) AppleWebKit/537.36 (KHTML, like Gecko) Chrome/51.0.2704.103 Safari/537.36"
1.14.7.100 - - [01/Dec/2023:13:04:01 +0000] "HEAD /Core/Skin/Login.aspx HTTP/1.1" 404 169 "-" "Mozilla/5.0 (Windows NT 10.0; Win64; x64) AppleWebKit/537.36 (KHTML, like Gecko) Chrome/106.0.0.0 Safari/537.36"
