174.138.21.166 - - [04/Dec/2023:01:33:02 +0000] "POST /_ignition/execute-solution HTTP/1.1" 403 10401 "-" "python-requests/2.27.1"
174.138.21.166 - - [04/Dec/2023:01:33:02 +0000] "POST /_ignition/execute-solution HTTP/1.1" 403 10401 "-" "python-requests/2.27.1"
174.138.21.166 - - [04/Dec/2023:01:33:03 +0000] "POST /_ignition/execute-solution HTTP/1.1" 403 10401 "-" "python-requests/2.27.1"
174.138.21.166 - - [04/Dec/2023:01:33:03 +0000] "POST /_ignition/execute-solution HTTP/1.1" 403 10401 "-" "python-requests/2.27.1"
174.138.21.166 - - [04/Dec/2023:01:33:04 +0000] "POST /_ignition/execute-solution HTTP/1.1" 403 10401 "-" "python-requests/2.27.1"
174.138.21.166 - - [04/Dec/2023:01:33:04 +0000] "POST /_ignition/execute-solution HTTP/1.1" 403 10401 "-" "python-requests/2.27.1"
174.138.21.166 - - [04/Dec/2023:01:33:04 +0000] "POST /_ignition/execute-solution HTTP/1.1" 403 10401 "-" "python-requests/2.27.1"
174.138.21.166 - - [04/Dec/2023:01:33:05 +0000] "POST /_ignition/execute-solution HTTP/1.1" 403 10401 "-" "python-requests/2.27.1"
174.138.21.166 - - [04/Dec/2023:01:33:05 +0000] "POST /_ignition/execute-solution HTTP/1.1" 403 10401 "-" "python-requests/2.27.1"
174.138.21.166 - - [04/Dec/2023:01:33:05 +0000] "POST /_ignition/execute-solution HTTP/1.1" 403 10401 "-" "python-requests/2.27.1"
174.138.21.166 - - [04/Dec/2023:01:33:06 +0000] "POST /_ignition/execute-solution HTTP/1.1" 403 10401 "-" "python-requests/2.27.1"
174.138.21.166 - - [04/Dec/2023:01:33:06 +0000] "POST /_ignition/execute-solution HTTP/1.1" 403 10401 "-" "python-requests/2.27.1"
174.138.21.166 - - [04/Dec/2023:01:33:07 +0000] "POST /_ignition/execute-solution HTTP/1.1" 403 10401 "-" "python-requests/2.27.1"
174.138.21.166 - - [04/Dec/2023:01:33:07 +0000] "POST /_ignition/execute-solution HTTP/1.1" 403 10401 "-" "python-requests/2.27.1"
174.138.21.166 - - [04/Dec/2023:01:33:07 +0000] "POST /_ignition/execute-solution HTTP/1.1" 403 10401 "-" "python-requests/2.27.1"
174.138.21.166 - - [04/Dec/2023:01:33:08 +0000] "POST /_ignition/execute-solution HTTP/1.1" 403 10401 "-" "python-requests/2.27.1"
174.138.21.166 - - [04/Dec/2023:01:33:08 +0000] "POST /_ignition/execute-solution HTTP/1.1" 403 10401 "-" "python-requests/2.27.1"
174.138.21.166 - - [04/Dec/2023:01:33:08 +0000] "POST /_ignition/execute-solution HTTP/1.1" 403 10401 "-" "python-requests/2.27.1"
174.138.21.166 - - [04/Dec/2023:01:33:09 +0000] "POST /_ignition/execute-solution HTTP/1.1" 403 10401 "-" "python-requests/2.27.1"
174.138.21.166 - - [04/Dec/2023:01:33:09 +0000] "POST /_ignition/execute-solution HTTP/1.1" 403 10401 "-" "python-requests/2.27.1"
174.138.21.166 - - [04/Dec/2023:01:33:10 +0000] "POST /_ignition/execute-solution HTTP/1.1" 403 10401 "-" "python-requests/2.27.1"
174.138.21.166 - - [04/Dec/2023:01:33:10 +0000] "POST /_ignition/execute-solution HTTP/1.1" 403 10401 "-" "python-requests/2.27.1"
174.138.21.166 - - [04/Dec/2023:01:33:10 +0000] "POST /_ignition/execute-solution HTTP/1.1" 403 10401 "-" "python-requests/2.27.1"
174.138.21.166 - - [04/Dec/2023:01:33:11 +0000] "POST /_ignition/execute-solution HTTP/1.1" 403 10401 "-" "python-requests/2.27.1"
174.138.21.166 - - [04/Dec/2023:01:33:11 +0000] "POST /_ignition/execute-solution HTTP/1.1" 403 10401 "-" "python-requests/2.27.1"
174.138.21.166 - - [04/Dec/2023:01:33:11 +0000] "POST /_ignition/execute-solution HTTP/1.1" 403 10401 "-" "python-requests/2.27.1"
174.138.21.166 - - [04/Dec/2023:01:33:12 +0000] "POST /_ignition/execute-solution HTTP/1.1" 403 10401 "-" "python-requests/2.27.1"
174.138.21.166 - - [04/Dec/2023:01:33:12 +0000] "POST /_ignition/execute-solution HTTP/1.1" 403 10401 "-" "python-requests/2.27.1"
174.138.21.166 - - [04/Dec/2023:01:33:13 +0000] "POST /_ignition/execute-solution HTTP/1.1" 403 10401 "-" "python-requests/2.27.1"
174.138.21.166 - - [04/Dec/2023:01:33:13 +0000] "POST /_ignition/execute-solution HTTP/1.1" 403 10401 "-" "python-requests/2.27.1"
174.138.21.166 - - [04/Dec/2023:01:33:13 +0000] "POST /_ignition/execute-solution HTTP/1.1" 403 10401 "-" "python-requests/2.27.1"
174.138.21.166 - - [04/Dec/2023:01:33:14 +0000] "POST /_ignition/execute-solution HTTP/1.1" 403 10401 "-" "python-requests/2.27.1"
174.138.21.166 - - [04/Dec/2023:01:33:14 +0000] "POST /_ignition/execute-solution HTTP/1.1" 403 10401 "-" "python-requests/2.27.1"
174.138.21.166 - - [04/Dec/2023:01:33:15 +0000] "POST /_ignition/execute-solution HTTP/1.1" 403 10401 "-" "python-requests/2.27.1"
174.138.21.166 - - [04/Dec/2023:01:33:15 +0000] "POST /_ignition/execute-solution HTTP/1.1" 403 10401 "-" "python-requests/2.27.1"
174.138.21.166 - - [04/Dec/2023:01:33:15 +0000] "POST /_ignition/execute-solution HTTP/1.1" 403 10401 "-" "python-requests/2.27.1"
174.138.21.166 - - [04/Dec/2023:01:33:16 +0000] "POST /_ignition/execute-solution HTTP/1.1" 403 10401 "-" "python-requests/2.27.1"
174.138.21.166 - - [04/Dec/2023:01:33:16 +0000] "POST /_ignition/execute-solution HTTP/1.1" 403 10401 "-" "python-requests/2.27.1"
174.138.21.166 - - [04/Dec/2023:01:33:16 +0000] "POST /_ignition/execute-solution HTTP/1.1" 403 10401 "-" "python-requests/2.27.1"
174.138.21.166 - - [04/Dec/2023:01:33:17 +0000] "POST /_ignition/execute-solution HTTP/1.1" 403 10401 "-" "python-requests/2.27.1"
174.138.21.166 - - [04/Dec/2023:01:33:17 +0000] "POST /_ignition/execute-solution HTTP/1.1" 403 10401 "-" "python-requests/2.27.1"
174.138.21.166 - - [04/Dec/2023:01:33:18 +0000] "POST /_ignition/execute-solution HTTP/1.1" 403 10401 "-" "python-requests/2.27.1"
1.14.7.100 - - [04/Dec/2023:01:41:02 +0000] "HEAD /Core/Skin/Login.aspx HTTP/1.1" 404 169 "-" "Mozilla/5.0 (Windows NT 10.0; Win64; x64) AppleWebKit/537.36 (KHTML, like Gecko) Chrome/106.0.0.0 Safari/537.36"
167.248.133.33 - - [04/Dec/2023:02:15:51 +0000] "GET / HTTP/1.1" 200 28640 "-" "-"
167.248.133.33 - - [04/Dec/2023:02:15:56 +0000] "GET / HTTP/1.1" 200 8259 "-" "Mozilla/5.0 (compatible; CensysInspect/1.1; +https://about.censys.io/)"
167.248.133.33 - - [04/Dec/2023:02:15:56 +0000] "PRI * HTTP/2.0" 400 483 "-" "-"
167.248.133.33 - - [04/Dec/2023:02:15:56 +0000] "GET /favicon.ico HTTP/1.1" 200 259 "-" "Mozilla/5.0 (compatible; CensysInspect/1.1; +https://about.censys.io/)"
90.151.171.108 - - [04/Dec/2023:02:18:36 +0000] "CONNECT check.best-proxies.ru:443 HTTP/1.1" 404 6813 "-" "Mozilla/5.0 (Windows NT 6.1; rv:16.0) Gecko/20100101 Firefox/16.0 (+https://best-proxies.ru/faq/#from) Z75720595780Q1"
90.151.171.108 - - [04/Dec/2023:02:18:46 +0000] "GET http://check.best-proxies.ru/ip.php?Z75720595780Q1 HTTP/1.1" 404 6832 "https://google.com/" "Mozilla/5.0 (Windows NT 6.1; rv:16.0) Gecko/20100101 Firefox/16.0 (+https://best-proxies.ru/faq/#from)"
74.82.47.2 - - [04/Dec/2023:02:21:01 +0000] "\x16\x03\x01" 400 483 "-" "-"
135.125.244.48 - - [04/Dec/2023:02:47:37 +0000] "GET /.env HTTP/1.1" 404 6869 "-" "Mozilla/5.0 (X11; Linux x86_64) AppleWebKit/537.36 (KHTML, like Gecko) Chrome/81.0.4044.129 Safari/537.36"
135.125.244.48 - - [04/Dec/2023:02:47:38 +0000] "POST / HTTP/1.1" 405 1026574 "-" "Mozilla/5.0 (X11; Linux x86_64) AppleWebKit/537.36 (KHTML, like Gecko) Chrome/81.0.4044.129 Safari/537.36"
54.186.232.86 - - [04/Dec/2023:02:50:26 +0000] "GET / HTTP/1.1" 200 8315 "-" "Mozilla/5.0 (Macintosh; Intel Mac OS X 10_15_7) AppleWebKit/537.36 (KHTML, like Gecko) Chrome/113.0.0.0 Safari/537.36"
90.151.171.106 - - [04/Dec/2023:02:56:16 +0000] "CONNECT v4.ident.me:443 HTTP/1.1" 404 6813 "-" "Mozilla/5.0 (Windows NT 6.1; rv:16.0) Gecko/20100101 Firefox/16.0 (+https://best-proxies.ru/faq/#from) Z75720595780Q1"
90.151.171.106 - - [04/Dec/2023:02:56:26 +0000] "GET http://v4.ident.me?Z75720595780Q1 HTTP/1.1" 404 6832 "https://google.com/" "Mozilla/5.0 (Windows NT 6.1; rv:16.0) Gecko/20100101 Firefox/16.0 (+https://best-proxies.ru/faq/#from)"
198.235.24.21 - - [04/Dec/2023:02:58:27 +0000] "GET / HTTP/1.0" 200 28656 "-" "Expanse, a Palo Alto Networks company, searches across the global IPv4 space multiple times per day to identify customers&#39; presences on the Internet. If you would like to be excluded from our scans, please send IP addresses/domains to: scaninfo@paloaltonetworks.com"
185.254.196.173 - - [04/Dec/2023:03:10:21 +0000] "GET /.env HTTP/1.1" 404 6869 "-" "Mozilla/5.0 (X11; Linux x86_64) AppleWebKit/537.36 (KHTML, like Gecko) Chrome/81.0.4044.129 Safari/537.36"
185.254.196.173 - - [04/Dec/2023:03:10:24 +0000] "POST / HTTP/1.1" 405 1026564 "-" "Mozilla/5.0 (X11; Linux x86_64) AppleWebKit/537.36 (KHTML, like Gecko) Chrome/81.0.4044.129 Safari/537.36"
1.14.7.100 - - [04/Dec/2023:03:38:33 +0000] "HEAD /Core/Skin/Login.aspx HTTP/1.1" 404 169 "-" "Mozilla/5.0 (Windows NT 10.0; Win64; x64) AppleWebKit/537.36 (KHTML, like Gecko) Chrome/106.0.0.0 Safari/537.36"
185.134.22.149 - - [04/Dec/2023:03:39:53 +0000] "GET / HTTP/1.1" 200 8259 "-" "Mozilla/5.0 infrawatch/0.1"
185.134.22.149 - - [04/Dec/2023:03:39:54 +0000] "GET /systembc/password.php HTTP/1.1" 404 6813 "-" "Mozilla/5.0 infrawatch/0.1"
185.134.22.149 - - [04/Dec/2023:03:39:55 +0000] "GET /Ep1v HTTP/1.1" 404 6813 "-" "Mozilla/5.0 infrawatch/0.1"
185.134.22.149 - - [04/Dec/2023:03:39:56 +0000] "GET /GWqN HTTP/1.1" 404 6813 "-" "Mozilla/5.0 infrawatch/0.1"
192.241.196.124 - - [04/Dec/2023:04:19:53 +0000] "GET / HTTP/1.1" 200 8259 "-" "Mozilla/5.0 zgrab/0.x"
185.254.196.173 - - [04/Dec/2023:04:40:08 +0000] "GET /.env HTTP/1.1" 404 6869 "-" "Mozilla/5.0 (X11; Linux x86_64) AppleWebKit/537.36 (KHTML, like Gecko) Chrome/81.0.4044.129 Safari/537.36"
185.254.196.173 - - [04/Dec/2023:04:40:09 +0000] "POST / HTTP/1.1" 405 1026564 "-" "Mozilla/5.0 (X11; Linux x86_64) AppleWebKit/537.36 (KHTML, like Gecko) Chrome/81.0.4044.129 Safari/537.36"
45.79.172.21 - - [04/Dec/2023:04:41:50 +0000] "\x16\x03\x01" 400 483 "-" "-"
149.50.96.22 - - [04/Dec/2023:04:53:58 +0000] "GET / HTTP/1.1" 200 28640 "-" "-"
35.203.211.133 - - [04/Dec/2023:05:06:33 +0000] "GET / HTTP/1.1" 200 28640 "-" "Expanse, a Palo Alto Networks company, searches across the global IPv4 space multiple times per day to identify customers&#39; presences on the Internet. If you would like to be excluded from our scans, please send IP addresses/domains to: scaninfo@paloaltonetworks.com"
135.125.244.48 - - [04/Dec/2023:05:29:10 +0000] "GET /.env HTTP/1.1" 404 6869 "-" "Mozilla/5.0 (X11; Linux x86_64) AppleWebKit/537.36 (KHTML, like Gecko) Chrome/81.0.4044.129 Safari/537.36"
135.125.244.48 - - [04/Dec/2023:05:29:11 +0000] "POST / HTTP/1.1" 405 1026574 "-" "Mozilla/5.0 (X11; Linux x86_64) AppleWebKit/537.36 (KHTML, like Gecko) Chrome/81.0.4044.129 Safari/537.36"
1.14.7.100 - - [04/Dec/2023:05:40:21 +0000] "HEAD /Core/Skin/Login.aspx HTTP/1.1" 404 169 "-" "Mozilla/5.0 (Windows NT 10.0; Win64; x64) AppleWebKit/537.36 (KHTML, like Gecko) Chrome/106.0.0.0 Safari/537.36"
185.254.196.173 - - [04/Dec/2023:05:52:19 +0000] "GET /.env HTTP/1.1" 404 6869 "-" "Mozilla/5.0 (X11; Linux x86_64) AppleWebKit/537.36 (KHTML, like Gecko) Chrome/81.0.4044.129 Safari/537.36"
185.254.196.173 - - [04/Dec/2023:05:52:20 +0000] "POST / HTTP/1.1" 405 1026564 "-" "Mozilla/5.0 (X11; Linux x86_64) AppleWebKit/537.36 (KHTML, like Gecko) Chrome/81.0.4044.129 Safari/537.36"
90.151.171.106 - - [04/Dec/2023:06:25:23 +0000] "CONNECT check.best-proxies.ru:443 HTTP/1.1" 404 6813 "-" "Mozilla/5.0 (Windows NT 6.1; rv:16.0) Gecko/20100101 Firefox/16.0 (+https://best-proxies.ru/faq/#from) Z75720595780Q1"
90.151.171.106 - - [04/Dec/2023:06:25:33 +0000] "GET http://check.best-proxies.ru/ip.php?Z75720595780Q1 HTTP/1.1" 404 6832 "https://google.com/" "Mozilla/5.0 (Windows NT 6.1; rv:16.0) Gecko/20100101 Firefox/16.0 (+https://best-proxies.ru/faq/#from)"
198.235.24.254 - - [04/Dec/2023:06:39:17 +0000] "\x16\x03\x01" 400 483 "-" "-"
198.235.24.254 - - [04/Dec/2023:06:39:17 +0000] "\x16\x03\x01" 400 483 "-" "-"
185.254.196.173 - - [04/Dec/2023:07:00:59 +0000] "GET /.env HTTP/1.1" 404 6869 "-" "Mozilla/5.0 (X11; Linux x86_64) AppleWebKit/537.36 (KHTML, like Gecko) Chrome/81.0.4044.129 Safari/537.36"
185.254.196.173 - - [04/Dec/2023:07:01:00 +0000] "POST / HTTP/1.1" 405 1026564 "-" "Mozilla/5.0 (X11; Linux x86_64) AppleWebKit/537.36 (KHTML, like Gecko) Chrome/81.0.4044.129 Safari/537.36"
135.125.244.48 - - [04/Dec/2023:07:16:29 +0000] "GET /.env HTTP/1.1" 404 6869 "-" "Mozilla/5.0 (X11; Linux x86_64) AppleWebKit/537.36 (KHTML, like Gecko) Chrome/81.0.4044.129 Safari/537.36"
135.125.244.48 - - [04/Dec/2023:07:16:29 +0000] "POST / HTTP/1.1" 405 1026574 "-" "Mozilla/5.0 (X11; Linux x86_64) AppleWebKit/537.36 (KHTML, like Gecko) Chrome/81.0.4044.129 Safari/537.36"
176.14.187.57 - - [04/Dec/2023:07:20:02 +0000] "GET / HTTP/1.1" 200 28640 "-" "Mozilla/5.0 (Windows NT 6.1; WOW64) AppleWebKit/537.36 (KHTML, like Gecko) Chrome/52.0.2743.116 Safari/537.36"
1.14.7.100 - - [04/Dec/2023:07:44:15 +0000] "HEAD /Core/Skin/Login.aspx HTTP/1.1" 404 169 "-" "Mozilla/5.0 (Windows NT 10.0; Win64; x64) AppleWebKit/537.36 (KHTML, like Gecko) Chrome/106.0.0.0 Safari/537.36"
192.155.90.118 - - [04/Dec/2023:07:53:02 +0000] "\x16\x03\x01" 400 483 "-" "-"
135.125.244.48 - - [04/Dec/2023:07:56:10 +0000] "GET /.env HTTP/1.1" 404 6869 "-" "Mozilla/5.0 (X11; Linux x86_64) AppleWebKit/537.36 (KHTML, like Gecko) Chrome/81.0.4044.129 Safari/537.36"
135.125.244.48 - - [04/Dec/2023:07:56:10 +0000] "POST / HTTP/1.1" 405 1026574 "-" "Mozilla/5.0 (X11; Linux x86_64) AppleWebKit/537.36 (KHTML, like Gecko) Chrome/81.0.4044.129 Safari/537.36"
90.151.171.106 - - [04/Dec/2023:08:11:27 +0000] "CONNECT eth0.me:443 HTTP/1.1" 404 6813 "-" "Mozilla/5.0 (Windows NT 6.1; rv:16.0) Gecko/20100101 Firefox/16.0 (+https://best-proxies.ru/faq/#from) Z75720595780Q1"
90.151.171.106 - - [04/Dec/2023:08:11:37 +0000] "GET http://eth0.me?Z75720595780Q1 HTTP/1.1" 404 6832 "https://google.com/" "Mozilla/5.0 (Windows NT 6.1; rv:16.0) Gecko/20100101 Firefox/16.0 (+https://best-proxies.ru/faq/#from)"
198.199.96.21 - - [04/Dec/2023:08:15:12 +0000] "MGLNDD_52.53.240.195_80\n" 400 483 "-" "-"
90.151.171.108 - - [04/Dec/2023:08:58:15 +0000] "CONNECT checkip.amazonaws.com:443 HTTP/1.1" 404 6813 "-" "Mozilla/5.0 (Windows NT 6.1; rv:16.0) Gecko/20100101 Firefox/16.0 (+https://best-proxies.ru/faq/#from) Z75720595780Q1"
90.151.171.108 - - [04/Dec/2023:08:58:25 +0000] "GET http://checkip.amazonaws.com?Z75720595780Q1 HTTP/1.1" 404 6832 "https://google.com/" "Mozilla/5.0 (Windows NT 6.1; rv:16.0) Gecko/20100101 Firefox/16.0 (+https://best-proxies.ru/faq/#from)"
185.254.196.173 - - [04/Dec/2023:09:01:56 +0000] "GET /.env HTTP/1.1" 404 6869 "-" "Mozilla/5.0 (X11; Linux x86_64) AppleWebKit/537.36 (KHTML, like Gecko) Chrome/81.0.4044.129 Safari/537.36"
185.254.196.173 - - [04/Dec/2023:09:01:57 +0000] "POST / HTTP/1.1" 405 1026564 "-" "Mozilla/5.0 (X11; Linux x86_64) AppleWebKit/537.36 (KHTML, like Gecko) Chrome/81.0.4044.129 Safari/537.36"
176.97.210.240 - - [04/Dec/2023:09:20:08 +0000] "GET / HTTP/1.1" 200 28640 "-" "Go-http-client/1.1"
54.183.164.142 - - [04/Dec/2023:09:31:52 +0000] "GET / HTTP/1.1" 200 8278 "-" "Mozilla/5.0 (SymbianOS/9.1; U; de) AppleWebKit/413 (KHTML, like Gecko) Safari/413"
84.54.51.127 - - [04/Dec/2023:09:33:16 +0000] "CONNECT google.com:443 HTTP/1.1" 404 6813 "-" "Go-http-client/1.1"
1.14.7.100 - - [04/Dec/2023:09:44:09 +0000] "HEAD /Core/Skin/Login.aspx HTTP/1.1" 404 169 "-" "Mozilla/5.0 (Windows NT 10.0; Win64; x64) AppleWebKit/537.36 (KHTML, like Gecko) Chrome/106.0.0.0 Safari/537.36"
107.170.239.34 - - [04/Dec/2023:09:49:52 +0000] "GET /login.html HTTP/1.1" 404 6813 "-" "Mozilla/5.0 zgrab/0.x"
45.33.80.243 - - [04/Dec/2023:09:54:00 +0000] "\x16\x03\x01" 400 483 "-" "-"
90.151.171.108 - - [04/Dec/2023:09:54:18 +0000] "CONNECT api.ipify.org:443 HTTP/1.1" 404 6813 "-" "Mozilla/5.0 (Windows NT 6.1; rv:16.0) Gecko/20100101 Firefox/16.0 (+https://best-proxies.ru/faq/#from) Z75720595780Q1"
90.151.171.108 - - [04/Dec/2023:09:54:28 +0000] "GET http://api.ipify.org?Z75720595780Q1 HTTP/1.1" 404 6832 "https://google.com/" "Mozilla/5.0 (Windows NT 6.1; rv:16.0) Gecko/20100101 Firefox/16.0 (+https://best-proxies.ru/faq/#from)"
104.154.236.77 - - [04/Dec/2023:09:56:17 +0000] "\x16\x03\x01" 400 483 "-" "-"
104.154.236.77 - - [04/Dec/2023:09:56:19 +0000] "OPTIONS / HTTP/1.0" 200 259 "-" "-"
198.235.24.143 - - [04/Dec/2023:10:02:19 +0000] "\x16\x03\x01" 400 483 "-" "-"
198.235.24.143 - - [04/Dec/2023:10:02:19 +0000] "\x16\x03\x01" 400 483 "-" "-"
146.190.47.101 - - [04/Dec/2023:10:29:46 +0000] "\x16\x03\x01" 400 483 "-" "-"
146.190.47.101 - - [04/Dec/2023:10:29:48 +0000] "GET /phpmyadmin/index.php HTTP/1.1" 404 6832 "-" "Mozilla/5.0 (Linux; Android 9; SM-G960F) AppleWebKit/537.36 (KHTML, like Gecko) Chrome/74.0.3729.136 Mobile Safari/537.36"
185.254.196.173 - - [04/Dec/2023:10:31:45 +0000] "GET /.env HTTP/1.1" 404 6869 "-" "Mozilla/5.0 (X11; Linux x86_64) AppleWebKit/537.36 (KHTML, like Gecko) Chrome/81.0.4044.129 Safari/537.36"
54.183.164.142 - - [04/Dec/2023:10:33:31 +0000] "GET / HTTP/1.1" 200 8278 "-" "Mozilla/5.0 (Macintosh; U; Intel Mac OS X 10_7; en-us) AppleWebKit/534.20.8 (KHTML, like Gecko) Version/5.1 Safari/534.20.8"
90.151.171.108 - - [04/Dec/2023:10:34:37 +0000] "CONNECT checkip.amazonaws.com:443 HTTP/1.1" 404 6813 "-" "Mozilla/5.0 (Windows NT 6.1; rv:16.0) Gecko/20100101 Firefox/16.0 (+https://best-proxies.ru/faq/#from) Z75720595780Q1"
90.151.171.108 - - [04/Dec/2023:10:34:47 +0000] "GET http://checkip.amazonaws.com?Z75720595780Q1 HTTP/1.1" 404 6832 "https://google.com/" "Mozilla/5.0 (Windows NT 6.1; rv:16.0) Gecko/20100101 Firefox/16.0 (+https://best-proxies.ru/faq/#from)"
135.125.244.48 - - [04/Dec/2023:10:35:24 +0000] "GET /.env HTTP/1.1" 404 6869 "-" "Mozilla/5.0 (X11; Linux x86_64) AppleWebKit/537.36 (KHTML, like Gecko) Chrome/81.0.4044.129 Safari/537.36"
135.125.244.48 - - [04/Dec/2023:10:35:24 +0000] "POST / HTTP/1.1" 405 1026574 "-" "Mozilla/5.0 (X11; Linux x86_64) AppleWebKit/537.36 (KHTML, like Gecko) Chrome/81.0.4044.129 Safari/537.36"
45.32.156.104 - - [04/Dec/2023:11:05:37 +0000] "GET /.env HTTP/1.1" 404 6869 "-" "python-requests/2.31.0"
45.32.156.104 - - [04/Dec/2023:11:05:38 +0000] "GET /?%3Cplay%3Ewithme%3C/%3E HTTP/1.1" 200 8315 "-" "python-requests/2.31.0"
45.32.156.104 - - [04/Dec/2023:11:05:38 +0000] "POST / HTTP/1.1" 405 1026190 "-" "python-requests/2.31.0"
45.32.156.104 - - [04/Dec/2023:11:05:39 +0000] "POST / HTTP/1.1" 405 1026220 "-" "python-requests/2.31.0"
183.136.225.9 - - [04/Dec/2023:11:08:24 +0000] "GET / HTTP/1.1" 200 28696 "-" "Mozilla/5.0 (Windows NT 6.1) AppleWebKit/537.36 (KHTML, like Gecko) Chrome/71.0.2623.112 Safari/537.36"
183.136.225.9 - - [04/Dec/2023:11:08:25 +0000] "GET / HTTP/1.1" 200 8278 "-" "Mozilla/5.0 (Windows NT 6.1; WOW64) AppleWebKit/537.36 (KHTML, like Gecko) Chrome/63.0.3239.132 Safari/537.36 QIHU 360SE"
183.136.225.9 - - [04/Dec/2023:11:08:25 +0000] "GET /favicon.ico HTTP/1.1" 200 259 "-" "Mozilla/5.0 (Windows NT 6.1; WOW64) AppleWebKit/537.36 (KHTML, like Gecko) Chrome/63.0.3239.132 Safari/537.36 QIHU 360SE"
183.136.225.9 - - [04/Dec/2023:11:08:25 +0000] "GET /robots.txt HTTP/1.1" 200 271 "-" "Mozilla/5.0 (Windows NT 6.1; WOW64) AppleWebKit/537.36 (KHTML, like Gecko) Chrome/63.0.3239.132 Safari/537.36 QIHU 360SE"
184.105.247.196 - - [04/Dec/2023:11:08:29 +0000] "GET / HTTP/1.1" 200 8259 "-" "Mozilla/5.0 (Windows NT 10.0; Win64; x64) AppleWebKit/537.36 (KHTML, like Gecko) Chrome/110.0.0.0 Safari/537.36 Edg/110.0.1587.57"
184.105.247.196 - - [04/Dec/2023:11:11:02 +0000] "GET /favicon.ico HTTP/1.1" 200 240 "-" "Mozilla/5.0 (Macintosh; Intel Mac OS X 10_15_7) AppleWebKit/537.36 (KHTML, like Gecko) Chrome/108.0.0.0 Safari/537.36"
184.105.247.196 - - [04/Dec/2023:11:12:17 +0000] "GET /geoserver/web/ HTTP/1.1" 301 536 "-" "Mozilla/5.0 (Windows NT 10.0; Win64; x64) AppleWebKit/537.36 (KHTML, like Gecko) Chrome/110.0.0.0 Safari/537.36 Edg/110.0.1587.57"
45.32.156.104 - - [04/Dec/2023:11:14:53 +0000] "GET /.env HTTP/1.1" 404 6869 "-" "python-requests/2.31.0"
45.32.156.104 - - [04/Dec/2023:11:14:53 +0000] "GET /?%3Cplay%3Ewithme%3C/%3E HTTP/1.1" 200 8315 "-" "python-requests/2.31.0"
45.32.156.104 - - [04/Dec/2023:11:14:54 +0000] "POST / HTTP/1.1" 405 1026190 "-" "python-requests/2.31.0"
45.32.156.104 - - [04/Dec/2023:11:14:55 +0000] "POST / HTTP/1.1" 405 1026220 "-" "python-requests/2.31.0"
71.6.232.25 - - [04/Dec/2023:11:22:43 +0000] "GET / HTTP/1.1" 200 8259 "-" "Mozilla/5.0 (Windows NT 10.0; Win64; x64) AppleWebKit/537.36 (KHTML, like Gecko) Chrome/74.0.3729.131 Safari/537.36"
43.252.75.21 - - [04/Dec/2023:11:31:09 +0000] "GET /mbilling/ HTTP/1.0" 301 545 "-" "xfa1"
1.14.7.100 - - [04/Dec/2023:11:46:36 +0000] "HEAD /Core/Skin/Login.aspx HTTP/1.1" 404 169 "-" "Mozilla/5.0 (Windows NT 10.0; Win64; x64) AppleWebKit/537.36 (KHTML, like Gecko) Chrome/106.0.0.0 Safari/537.36"
185.254.196.173 - - [04/Dec/2023:12:08:01 +0000] "GET /.env HTTP/1.1" 404 6869 "-" "Mozilla/5.0 (X11; Linux x86_64) AppleWebKit/537.36 (KHTML, like Gecko) Chrome/81.0.4044.129 Safari/537.36"
185.254.196.173 - - [04/Dec/2023:12:08:01 +0000] "POST / HTTP/1.1" 405 1026564 "-" "Mozilla/5.0 (X11; Linux x86_64) AppleWebKit/537.36 (KHTML, like Gecko) Chrome/81.0.4044.129 Safari/537.36"
135.125.244.48 - - [04/Dec/2023:12:18:05 +0000] "GET /.env HTTP/1.1" 404 6869 "-" "Mozilla/5.0 (X11; Linux x86_64) AppleWebKit/537.36 (KHTML, like Gecko) Chrome/81.0.4044.129 Safari/537.36"
135.125.244.48 - - [04/Dec/2023:12:18:06 +0000] "POST / HTTP/1.1" 405 1026574 "-" "Mozilla/5.0 (X11; Linux x86_64) AppleWebKit/537.36 (KHTML, like Gecko) Chrome/81.0.4044.129 Safari/537.36"
176.97.210.240 - - [04/Dec/2023:12:47:47 +0000] "GET / HTTP/1.1" 200 28640 "-" "Go-http-client/1.1"
90.151.171.108 - - [04/Dec/2023:12:55:46 +0000] "CONNECT eth0.me:443 HTTP/1.1" 404 6813 "-" "Mozilla/5.0 (Windows NT 6.1; rv:16.0) Gecko/20100101 Firefox/16.0 (+https://best-proxies.ru/faq/#from) Z75720595780Q1"
90.151.171.108 - - [04/Dec/2023:12:55:56 +0000] "GET http://eth0.me?Z75720595780Q1 HTTP/1.1" 404 6832 "https://google.com/" "Mozilla/5.0 (Windows NT 6.1; rv:16.0) Gecko/20100101 Firefox/16.0 (+https://best-proxies.ru/faq/#from)"
45.95.168.191 - - [04/Dec/2023:13:35:27 +0000] "GET /.env HTTP/1.1" 404 6834 "-" "Python/3.7 aiohttp/3.7.4.post0"
45.95.168.191 - - [04/Dec/2023:13:35:28 +0000] "POST / HTTP/1.1" 405 1026162 "-" "Python/3.7 aiohttp/3.7.4.post0"
135.125.246.110 - - [04/Dec/2023:13:47:05 +0000] "GET /.env HTTP/1.1" 404 6869 "-" "Mozilla/5.0 (X11; Linux x86_64) AppleWebKit/537.36 (KHTML, like Gecko) Chrome/81.0.4044.129 Safari/537.36"
135.125.246.110 - - [04/Dec/2023:13:47:05 +0000] "POST / HTTP/1.1" 405 1026574 "-" "Mozilla/5.0 (X11; Linux x86_64) AppleWebKit/537.36 (KHTML, like Gecko) Chrome/81.0.4044.129 Safari/537.36"
90.151.171.108 - - [04/Dec/2023:13:48:57 +0000] "CONNECT check.best-proxies.ru:443 HTTP/1.1" 404 6813 "-" "Mozilla/5.0 (Windows NT 6.1; rv:16.0) Gecko/20100101 Firefox/16.0 (+https://best-proxies.ru/faq/#from) Z75720595780Q1"
90.151.171.108 - - [04/Dec/2023:13:49:07 +0000] "GET http://check.best-proxies.ru/ip.php?Z75720595780Q1 HTTP/1.1" 404 6832 "https://google.com/" "Mozilla/5.0 (Windows NT 6.1; rv:16.0) Gecko/20100101 Firefox/16.0 (+https://best-proxies.ru/faq/#from)"
1.14.7.100 - - [04/Dec/2023:13:58:39 +0000] "HEAD /Core/Skin/Login.aspx HTTP/1.1" 404 169 "-" "Mozilla/5.0 (Windows NT 10.0; Win64; x64) AppleWebKit/537.36 (KHTML, like Gecko) Chrome/106.0.0.0 Safari/537.36"
185.161.248.148 - - [04/Dec/2023:14:14:30 +0000] "\x03" 400 483 "-" "-"
3.254.49.151 - - [04/Dec/2023:14:48:05 +0000] "GET / HTTP/1.0" 200 28656 "-" "Mozilla/5.0 (compatible; NetcraftSurveyAgent/1.0; +info@netcraft.com)"
185.254.196.173 - - [04/Dec/2023:15:00:46 +0000] "GET /.env HTTP/1.1" 404 6869 "-" "Mozilla/5.0 (X11; Linux x86_64) AppleWebKit/537.36 (KHTML, like Gecko) Chrome/81.0.4044.129 Safari/537.36"
185.254.196.173 - - [04/Dec/2023:15:00:47 +0000] "POST / HTTP/1.1" 405 1026564 "-" "Mozilla/5.0 (X11; Linux x86_64) AppleWebKit/537.36 (KHTML, like Gecko) Chrome/81.0.4044.129 Safari/537.36"
35.85.244.164 - - [04/Dec/2023:15:07:24 +0000] "GET /.env.development HTTP/1.1" 404 6869 "-" "Mozilla/5.0 (Windows NT 10.0; Win64; x64) AppleWebKit/537.36 (KHTML, like Gecko) Chrome/109.0.0.0 Safari/537.36"
35.85.244.164 - - [04/Dec/2023:15:07:24 +0000] "POST /.env.development HTTP/1.1" 404 6869 "-" "Mozilla/5.0 (Windows NT 10.0; Win64; x64) AppleWebKit/537.36 (KHTML, like Gecko) Chrome/109.0.0.0 Safari/537.36"
35.85.244.164 - - [04/Dec/2023:15:07:24 +0000] "GET /application/.env HTTP/1.1" 404 6869 "-" "Mozilla/5.0 (Windows NT 10.0; Win64; x64) AppleWebKit/537.36 (KHTML, like Gecko) Chrome/109.0.0.0 Safari/537.36"
35.85.244.164 - - [04/Dec/2023:15:07:24 +0000] "POST /application/.env HTTP/1.1" 404 6869 "-" "Mozilla/5.0 (Windows NT 10.0; Win64; x64) AppleWebKit/537.36 (KHTML, like Gecko) Chrome/109.0.0.0 Safari/537.36"
35.85.244.164 - - [04/Dec/2023:15:07:24 +0000] "GET /enviroments/.env HTTP/1.1" 404 6869 "-" "Mozilla/5.0 (Windows NT 10.0; Win64; x64) AppleWebKit/537.36 (KHTML, like Gecko) Chrome/109.0.0.0 Safari/537.36"
35.85.244.164 - - [04/Dec/2023:15:07:24 +0000] "POST /enviroments/.env HTTP/1.1" 404 6869 "-" "Mozilla/5.0 (Windows NT 10.0; Win64; x64) AppleWebKit/537.36 (KHTML, like Gecko) Chrome/109.0.0.0 Safari/537.36"
35.85.244.164 - - [04/Dec/2023:15:07:24 +0000] "GET /.env.prod HTTP/1.1" 404 6869 "-" "Mozilla/5.0 (Windows NT 10.0; Win64; x64) AppleWebKit/537.36 (KHTML, like Gecko) Chrome/109.0.0.0 Safari/537.36"
35.85.244.164 - - [04/Dec/2023:15:07:25 +0000] "POST /.env.prod HTTP/1.1" 404 6869 "-" "Mozilla/5.0 (Windows NT 10.0; Win64; x64) AppleWebKit/537.36 (KHTML, like Gecko) Chrome/109.0.0.0 Safari/537.36"
35.85.244.164 - - [04/Dec/2023:15:07:25 +0000] "GET /laravel/.env HTTP/1.1" 404 6869 "-" "Mozilla/5.0 (Windows NT 10.0; Win64; x64) AppleWebKit/537.36 (KHTML, like Gecko) Chrome/109.0.0.0 Safari/537.36"
35.85.244.164 - - [04/Dec/2023:15:07:25 +0000] "POST /laravel/.env HTTP/1.1" 404 6869 "-" "Mozilla/5.0 (Windows NT 10.0; Win64; x64) AppleWebKit/537.36 (KHTML, like Gecko) Chrome/109.0.0.0 Safari/537.36"
35.85.244.164 - - [04/Dec/2023:15:07:25 +0000] "GET /.env.project HTTP/1.1" 404 6869 "-" "Mozilla/5.0 (Windows NT 10.0; Win64; x64) AppleWebKit/537.36 (KHTML, like Gecko) Chrome/109.0.0.0 Safari/537.36"
35.85.244.164 - - [04/Dec/2023:15:07:25 +0000] "POST /.env.project HTTP/1.1" 404 6869 "-" "Mozilla/5.0 (Windows NT 10.0; Win64; x64) AppleWebKit/537.36 (KHTML, like Gecko) Chrome/109.0.0.0 Safari/537.36"
35.85.244.164 - - [04/Dec/2023:15:07:25 +0000] "GET /apps/.env HTTP/1.1" 404 6869 "-" "Mozilla/5.0 (Windows NT 10.0; Win64; x64) AppleWebKit/537.36 (KHTML, like Gecko) Chrome/109.0.0.0 Safari/537.36"
35.85.244.164 - - [04/Dec/2023:15:07:25 +0000] "POST /apps/.env HTTP/1.1" 404 6869 "-" "Mozilla/5.0 (Windows NT 10.0; Win64; x64) AppleWebKit/537.36 (KHTML, like Gecko) Chrome/109.0.0.0 Safari/537.36"
35.85.244.164 - - [04/Dec/2023:15:07:25 +0000] "GET /cms/.env HTTP/1.1" 404 6869 "-" "Mozilla/5.0 (Windows NT 10.0; Win64; x64) AppleWebKit/537.36 (KHTML, like Gecko) Chrome/109.0.0.0 Safari/537.36"
35.85.244.164 - - [04/Dec/2023:15:07:25 +0000] "POST /cms/.env HTTP/1.1" 404 6869 "-" "Mozilla/5.0 (Windows NT 10.0; Win64; x64) AppleWebKit/537.36 (KHTML, like Gecko) Chrome/109.0.0.0 Safari/537.36"
35.85.244.164 - - [04/Dec/2023:15:07:25 +0000] "GET /.env.save HTTP/1.1" 404 6869 "-" "Mozilla/5.0 (Windows NT 10.0; Win64; x64) AppleWebKit/537.36 (KHTML, like Gecko) Chrome/109.0.0.0 Safari/537.36"
35.85.244.164 - - [04/Dec/2023:15:07:25 +0000] "POST /.env.save HTTP/1.1" 404 6869 "-" "Mozilla/5.0 (Windows NT 10.0; Win64; x64) AppleWebKit/537.36 (KHTML, like Gecko) Chrome/109.0.0.0 Safari/537.36"
35.85.244.164 - - [04/Dec/2023:15:07:25 +0000] "GET /shared/.env HTTP/1.1" 404 6869 "-" "Mozilla/5.0 (Windows NT 10.0; Win64; x64) AppleWebKit/537.36 (KHTML, like Gecko) Chrome/109.0.0.0 Safari/537.36"
35.85.244.164 - - [04/Dec/2023:15:07:25 +0000] "POST /shared/.env HTTP/1.1" 404 6869 "-" "Mozilla/5.0 (Windows NT 10.0; Win64; x64) AppleWebKit/537.36 (KHTML, like Gecko) Chrome/109.0.0.0 Safari/537.36"
35.85.244.164 - - [04/Dec/2023:15:07:25 +0000] "GET /live_env HTTP/1.1" 404 6869 "-" "Mozilla/5.0 (Windows NT 10.0; Win64; x64) AppleWebKit/537.36 (KHTML, like Gecko) Chrome/109.0.0.0 Safari/537.36"
35.85.244.164 - - [04/Dec/2023:15:07:25 +0000] "POST /live_env HTTP/1.1" 404 6869 "-" "Mozilla/5.0 (Windows NT 10.0; Win64; x64) AppleWebKit/537.36 (KHTML, like Gecko) Chrome/109.0.0.0 Safari/537.36"
35.85.244.164 - - [04/Dec/2023:15:07:25 +0000] "GET /.env HTTP/1.1" 404 6869 "-" "Mozilla/5.0 (Windows NT 10.0; Win64; x64) AppleWebKit/537.36 (KHTML, like Gecko) Chrome/109.0.0.0 Safari/537.36"
35.85.244.164 - - [04/Dec/2023:15:07:25 +0000] "POST /.env HTTP/1.1" 404 6869 "-" "Mozilla/5.0 (Windows NT 10.0; Win64; x64) AppleWebKit/537.36 (KHTML, like Gecko) Chrome/109.0.0.0 Safari/537.36"
35.85.244.164 - - [04/Dec/2023:15:07:26 +0000] "GET /system/.env HTTP/1.1" 404 6869 "-" "Mozilla/5.0 (Windows NT 10.0; Win64; x64) AppleWebKit/537.36 (KHTML, like Gecko) Chrome/109.0.0.0 Safari/537.36"
35.85.244.164 - - [04/Dec/2023:15:07:26 +0000] "POST /system/.env HTTP/1.1" 404 6869 "-" "Mozilla/5.0 (Windows NT 10.0; Win64; x64) AppleWebKit/537.36 (KHTML, like Gecko) Chrome/109.0.0.0 Safari/537.36"
35.85.244.164 - - [04/Dec/2023:15:07:26 +0000] "GET /app/.env HTTP/1.1" 404 6869 "-" "Mozilla/5.0 (Windows NT 10.0; Win64; x64) AppleWebKit/537.36 (KHTML, like Gecko) Chrome/109.0.0.0 Safari/537.36"
35.85.244.164 - - [04/Dec/2023:15:07:26 +0000] "POST /app/.env HTTP/1.1" 404 6869 "-" "Mozilla/5.0 (Windows NT 10.0; Win64; x64) AppleWebKit/537.36 (KHTML, like Gecko) Chrome/109.0.0.0 Safari/537.36"
35.85.244.164 - - [04/Dec/2023:15:07:26 +0000] "GET /script/.env HTTP/1.1" 404 6869 "-" "Mozilla/5.0 (Windows NT 10.0; Win64; x64) AppleWebKit/537.36 (KHTML, like Gecko) Chrome/109.0.0.0 Safari/537.36"
35.85.244.164 - - [04/Dec/2023:15:07:26 +0000] "POST /script/.env HTTP/1.1" 404 6869 "-" "Mozilla/5.0 (Windows NT 10.0; Win64; x64) AppleWebKit/537.36 (KHTML, like Gecko) Chrome/109.0.0.0 Safari/537.36"
35.85.244.164 - - [04/Dec/2023:15:07:26 +0000] "GET /enviroments/.env.production HTTP/1.1" 404 6869 "-" "Mozilla/5.0 (Windows NT 10.0; Win64; x64) AppleWebKit/537.36 (KHTML, like Gecko) Chrome/109.0.0.0 Safari/537.36"
35.85.244.164 - - [04/Dec/2023:15:07:26 +0000] "POST /enviroments/.env.production HTTP/1.1" 404 6869 "-" "Mozilla/5.0 (Windows NT 10.0; Win64; x64) AppleWebKit/537.36 (KHTML, like Gecko) Chrome/109.0.0.0 Safari/537.36"
35.85.244.164 - - [04/Dec/2023:15:07:26 +0000] "GET /.aws/credentials HTTP/1.1" 404 6869 "-" "Mozilla/5.0 (Windows NT 10.0; Win64; x64) AppleWebKit/537.36 (KHTML, like Gecko) Chrome/109.0.0.0 Safari/537.36"
35.85.244.164 - - [04/Dec/2023:15:07:26 +0000] "POST /.aws/credentials HTTP/1.1" 404 6869 "-" "Mozilla/5.0 (Windows NT 10.0; Win64; x64) AppleWebKit/537.36 (KHTML, like Gecko) Chrome/109.0.0.0 Safari/537.36"
35.85.244.164 - - [04/Dec/2023:15:07:26 +0000] "GET /sources/.env HTTP/1.1" 404 6869 "-" "Mozilla/5.0 (Windows NT 10.0; Win64; x64) AppleWebKit/537.36 (KHTML, like Gecko) Chrome/109.0.0.0 Safari/537.36"
35.85.244.164 - - [04/Dec/2023:15:07:26 +0000] "POST /sources/.env HTTP/1.1" 404 6869 "-" "Mozilla/5.0 (Windows NT 10.0; Win64; x64) AppleWebKit/537.36 (KHTML, like Gecko) Chrome/109.0.0.0 Safari/537.36"
35.85.244.164 - - [04/Dec/2023:15:07:26 +0000] "GET /.env.old HTTP/1.1" 404 6869 "-" "Mozilla/5.0 (Windows NT 10.0; Win64; x64) AppleWebKit/537.36 (KHTML, like Gecko) Chrome/109.0.0.0 Safari/537.36"
35.85.244.164 - - [04/Dec/2023:15:07:26 +0000] "POST /.env.old HTTP/1.1" 404 6869 "-" "Mozilla/5.0 (Windows NT 10.0; Win64; x64) AppleWebKit/537.36 (KHTML, like Gecko) Chrome/109.0.0.0 Safari/537.36"
35.85.244.164 - - [04/Dec/2023:15:07:26 +0000] "GET /private/.env HTTP/1.1" 404 6869 "-" "Mozilla/5.0 (Windows NT 10.0; Win64; x64) AppleWebKit/537.36 (KHTML, like Gecko) Chrome/109.0.0.0 Safari/537.36"
35.85.244.164 - - [04/Dec/2023:15:07:26 +0000] "POST /private/.env HTTP/1.1" 404 6869 "-" "Mozilla/5.0 (Windows NT 10.0; Win64; x64) AppleWebKit/537.36 (KHTML, like Gecko) Chrome/109.0.0.0 Safari/537.36"
35.85.244.164 - - [04/Dec/2023:15:07:26 +0000] "GET /.env.dist HTTP/1.1" 404 6869 "-" "Mozilla/5.0 (Windows NT 10.0; Win64; x64) AppleWebKit/537.36 (KHTML, like Gecko) Chrome/109.0.0.0 Safari/537.36"
35.85.244.164 - - [04/Dec/2023:15:07:26 +0000] "POST /.env.dist HTTP/1.1" 404 6869 "-" "Mozilla/5.0 (Windows NT 10.0; Win64; x64) AppleWebKit/537.36 (KHTML, like Gecko) Chrome/109.0.0.0 Safari/537.36"
35.85.244.164 - - [04/Dec/2023:15:07:27 +0000] "GET /development/.env HTTP/1.1" 404 6869 "-" "Mozilla/5.0 (Windows NT 10.0; Win64; x64) AppleWebKit/537.36 (KHTML, like Gecko) Chrome/109.0.0.0 Safari/537.36"
35.85.244.164 - - [04/Dec/2023:15:07:27 +0000] "POST /development/.env HTTP/1.1" 404 6869 "-" "Mozilla/5.0 (Windows NT 10.0; Win64; x64) AppleWebKit/537.36 (KHTML, like Gecko) Chrome/109.0.0.0 Safari/537.36"
35.85.244.164 - - [04/Dec/2023:15:07:27 +0000] "GET /docker/.env HTTP/1.1" 404 6869 "-" "Mozilla/5.0 (Windows NT 10.0; Win64; x64) AppleWebKit/537.36 (KHTML, like Gecko) Chrome/109.0.0.0 Safari/537.36"
35.85.244.164 - - [04/Dec/2023:15:07:27 +0000] "POST /docker/.env HTTP/1.1" 404 6869 "-" "Mozilla/5.0 (Windows NT 10.0; Win64; x64) AppleWebKit/537.36 (KHTML, like Gecko) Chrome/109.0.0.0 Safari/537.36"
35.85.244.164 - - [04/Dec/2023:15:07:27 +0000] "GET /admin-app/.env HTTP/1.1" 404 6869 "-" "Mozilla/5.0 (Windows NT 10.0; Win64; x64) AppleWebKit/537.36 (KHTML, like Gecko) Chrome/109.0.0.0 Safari/537.36"
35.85.244.164 - - [04/Dec/2023:15:07:27 +0000] "POST /admin-app/.env HTTP/1.1" 404 6869 "-" "Mozilla/5.0 (Windows NT 10.0; Win64; x64) AppleWebKit/537.36 (KHTML, like Gecko) Chrome/109.0.0.0 Safari/537.36"
35.85.244.164 - - [04/Dec/2023:15:07:27 +0000] "GET /back/.env HTTP/1.1" 404 6869 "-" "Mozilla/5.0 (Windows NT 10.0; Win64; x64) AppleWebKit/537.36 (KHTML, like Gecko) Chrome/109.0.0.0 Safari/537.36"
35.85.244.164 - - [04/Dec/2023:15:07:27 +0000] "POST /back/.env HTTP/1.1" 404 6869 "-" "Mozilla/5.0 (Windows NT 10.0; Win64; x64) AppleWebKit/537.36 (KHTML, like Gecko) Chrome/109.0.0.0 Safari/537.36"
35.85.244.164 - - [04/Dec/2023:15:07:27 +0000] "GET /api/.env HTTP/1.1" 404 6901 "-" "Mozilla/5.0 (Windows NT 10.0; Win64; x64) AppleWebKit/537.36 (KHTML, like Gecko) Chrome/109.0.0.0 Safari/537.36"
35.85.244.164 - - [04/Dec/2023:15:07:27 +0000] "POST /api/.env HTTP/1.1" 404 6901 "-" "Mozilla/5.0 (Windows NT 10.0; Win64; x64) AppleWebKit/537.36 (KHTML, like Gecko) Chrome/109.0.0.0 Safari/537.36"
35.85.244.164 - - [04/Dec/2023:15:07:27 +0000] "GET /.env.production HTTP/1.1" 404 6869 "-" "Mozilla/5.0 (Windows NT 10.0; Win64; x64) AppleWebKit/537.36 (KHTML, like Gecko) Chrome/109.0.0.0 Safari/537.36"
35.85.244.164 - - [04/Dec/2023:15:07:27 +0000] "POST /.env.production HTTP/1.1" 404 6869 "-" "Mozilla/5.0 (Windows NT 10.0; Win64; x64) AppleWebKit/537.36 (KHTML, like Gecko) Chrome/109.0.0.0 Safari/537.36"
35.85.244.164 - - [04/Dec/2023:15:07:27 +0000] "GET /core/.env HTTP/1.1" 404 6869 "-" "Mozilla/5.0 (Windows NT 10.0; Win64; x64) AppleWebKit/537.36 (KHTML, like Gecko) Chrome/109.0.0.0 Safari/537.36"
35.85.244.164 - - [04/Dec/2023:15:07:27 +0000] "POST /core/.env HTTP/1.1" 404 6869 "-" "Mozilla/5.0 (Windows NT 10.0; Win64; x64) AppleWebKit/537.36 (KHTML, like Gecko) Chrome/109.0.0.0 Safari/537.36"
35.85.244.164 - - [04/Dec/2023:15:07:27 +0000] "GET /frontend_dev.php/$ HTTP/1.1" 404 6869 "-" "Mozilla/5.0 (Windows NT 10.0; Win64; x64) AppleWebKit/537.36 (KHTML, like Gecko) Chrome/109.0.0.0 Safari/537.36"
35.85.244.164 - - [04/Dec/2023:15:07:27 +0000] "GET /debug/default/view?panel=config HTTP/1.1" 404 6869 "-" "Mozilla/5.0 (Windows NT 10.0; Win64; x64) AppleWebKit/537.36 (KHTML, like Gecko) Chrome/109.0.0.0 Safari/537.36"
35.85.244.164 - - [04/Dec/2023:15:07:27 +0000] "GET /config.json HTTP/1.1" 404 6869 "-" "Mozilla/5.0 (Windows NT 10.0; Win64; x64) AppleWebKit/537.36 (KHTML, like Gecko) Chrome/109.0.0.0 Safari/537.36"
35.85.244.164 - - [04/Dec/2023:15:07:27 +0000] "GET /.json HTTP/1.1" 404 6869 "-" "Mozilla/5.0 (Windows NT 10.0; Win64; x64) AppleWebKit/537.36 (KHTML, like Gecko) Chrome/109.0.0.0 Safari/537.36"
35.85.244.164 - - [04/Dec/2023:15:07:28 +0000] "GET /phptest.php HTTP/1.1" 404 6869 "-" "Mozilla/5.0 (Windows NT 10.0; Win64; x64) AppleWebKit/537.36 (KHTML, like Gecko) Chrome/109.0.0.0 Safari/537.36"
35.85.244.164 - - [04/Dec/2023:15:07:28 +0000] "GET /phpinfo/phpinfo.php HTTP/1.1" 404 6869 "-" "Mozilla/5.0 (Windows NT 10.0; Win64; x64) AppleWebKit/537.36 (KHTML, like Gecko) Chrome/109.0.0.0 Safari/537.36"
35.85.244.164 - - [04/Dec/2023:15:07:28 +0000] "GET /information.php HTTP/1.1" 404 6869 "-" "Mozilla/5.0 (Windows NT 10.0; Win64; x64) AppleWebKit/537.36 (KHTML, like Gecko) Chrome/109.0.0.0 Safari/537.36"
35.85.244.164 - - [04/Dec/2023:15:07:28 +0000] "GET /phpversion.php HTTP/1.1" 404 6869 "-" "Mozilla/5.0 (Windows NT 10.0; Win64; x64) AppleWebKit/537.36 (KHTML, like Gecko) Chrome/109.0.0.0 Safari/537.36"
35.85.244.164 - - [04/Dec/2023:15:07:28 +0000] "GET /php.php HTTP/1.1" 404 6869 "-" "Mozilla/5.0 (Windows NT 10.0; Win64; x64) AppleWebKit/537.36 (KHTML, like Gecko) Chrome/109.0.0.0 Safari/537.36"
35.85.244.164 - - [04/Dec/2023:15:07:28 +0000] "GET /infophp.php HTTP/1.1" 404 6869 "-" "Mozilla/5.0 (Windows NT 10.0; Win64; x64) AppleWebKit/537.36 (KHTML, like Gecko) Chrome/109.0.0.0 Safari/537.36"
35.85.244.164 - - [04/Dec/2023:15:07:28 +0000] "GET /info/phpinfo.php HTTP/1.1" 404 6869 "-" "Mozilla/5.0 (Windows NT 10.0; Win64; x64) AppleWebKit/537.36 (KHTML, like Gecko) Chrome/109.0.0.0 Safari/537.36"
35.85.244.164 - - [04/Dec/2023:15:07:28 +0000] "GET /pinfo.php HTTP/1.1" 404 6869 "-" "Mozilla/5.0 (Windows NT 10.0; Win64; x64) AppleWebKit/537.36 (KHTML, like Gecko) Chrome/109.0.0.0 Safari/537.36"
35.85.244.164 - - [04/Dec/2023:15:07:28 +0000] "GET /phpinfo HTTP/1.1" 404 6869 "-" "Mozilla/5.0 (Windows NT 10.0; Win64; x64) AppleWebKit/537.36 (KHTML, like Gecko) Chrome/109.0.0.0 Safari/537.36"
35.85.244.164 - - [04/Dec/2023:15:07:28 +0000] "GET /php-info.php HTTP/1.1" 404 6869 "-" "Mozilla/5.0 (Windows NT 10.0; Win64; x64) AppleWebKit/537.36 (KHTML, like Gecko) Chrome/109.0.0.0 Safari/537.36"
35.85.244.164 - - [04/Dec/2023:15:07:28 +0000] "GET /php_info.php HTTP/1.1" 404 6869 "-" "Mozilla/5.0 (Windows NT 10.0; Win64; x64) AppleWebKit/537.36 (KHTML, like Gecko) Chrome/109.0.0.0 Safari/537.36"
35.85.244.164 - - [04/Dec/2023:15:07:28 +0000] "GET /phpinfo.php HTTP/1.1" 404 6869 "-" "Mozilla/5.0 (Windows NT 10.0; Win64; x64) AppleWebKit/537.36 (KHTML, like Gecko) Chrome/109.0.0.0 Safari/537.36"
35.85.244.164 - - [04/Dec/2023:15:07:28 +0000] "GET /PHPConf.php HTTP/1.1" 404 6869 "-" "Mozilla/5.0 (Windows NT 10.0; Win64; x64) AppleWebKit/537.36 (KHTML, like Gecko) Chrome/109.0.0.0 Safari/537.36"
35.85.244.164 - - [04/Dec/2023:15:07:28 +0000] "GET /admin.php HTTP/1.1" 404 6869 "-" "Mozilla/5.0 (Windows NT 10.0; Win64; x64) AppleWebKit/537.36 (KHTML, like Gecko) Chrome/109.0.0.0 Safari/537.36"
35.85.244.164 - - [04/Dec/2023:15:07:28 +0000] "GET /testphpinfo HTTP/1.1" 404 6869 "-" "Mozilla/5.0 (Windows NT 10.0; Win64; x64) AppleWebKit/537.36 (KHTML, like Gecko) Chrome/109.0.0.0 Safari/537.36"
35.85.244.164 - - [04/Dec/2023:15:07:28 +0000] "GET /_phpinfo.php HTTP/1.1" 404 6869 "-" "Mozilla/5.0 (Windows NT 10.0; Win64; x64) AppleWebKit/537.36 (KHTML, like Gecko) Chrome/109.0.0.0 Safari/537.36"
35.85.244.164 - - [04/Dec/2023:15:07:28 +0000] "GET /viewinfo.php HTTP/1.1" 404 6869 "-" "Mozilla/5.0 (Windows NT 10.0; Win64; x64) AppleWebKit/537.36 (KHTML, like Gecko) Chrome/109.0.0.0 Safari/537.36"
35.85.244.164 - - [04/Dec/2023:15:07:28 +0000] "GET /scripts/phpinfo.php HTTP/1.1" 404 6869 "-" "Mozilla/5.0 (Windows NT 10.0; Win64; x64) AppleWebKit/537.36 (KHTML, like Gecko) Chrome/109.0.0.0 Safari/537.36"
35.85.244.164 - - [04/Dec/2023:15:07:28 +0000] "GET /phpinformation HTTP/1.1" 404 6869 "-" "Mozilla/5.0 (Windows NT 10.0; Win64; x64) AppleWebKit/537.36 (KHTML, like Gecko) Chrome/109.0.0.0 Safari/537.36"
35.85.244.164 - - [04/Dec/2023:15:07:29 +0000] "GET /_profiler/phpinfo HTTP/1.1" 404 6869 "-" "Mozilla/5.0 (Windows NT 10.0; Win64; x64) AppleWebKit/537.36 (KHTML, like Gecko) Chrome/109.0.0.0 Safari/537.36"
35.85.244.164 - - [04/Dec/2023:15:07:29 +0000] "GET /testphpinfo.php HTTP/1.1" 404 6869 "-" "Mozilla/5.0 (Windows NT 10.0; Win64; x64) AppleWebKit/537.36 (KHTML, like Gecko) Chrome/109.0.0.0 Safari/537.36"
35.85.244.164 - - [04/Dec/2023:15:07:29 +0000] "GET /admin/phpinfo.php HTTP/1.1" 404 6869 "-" "Mozilla/5.0 (Windows NT 10.0; Win64; x64) AppleWebKit/537.36 (KHTML, like Gecko) Chrome/109.0.0.0 Safari/537.36"
35.85.244.164 - - [04/Dec/2023:15:07:29 +0000] "GET /info.php HTTP/1.1" 404 6869 "-" "Mozilla/5.0 (Windows NT 10.0; Win64; x64) AppleWebKit/537.36 (KHTML, like Gecko) Chrome/109.0.0.0 Safari/537.36"
35.85.244.164 - - [04/Dec/2023:15:07:29 +0000] "GET /information HTTP/1.1" 404 6869 "-" "Mozilla/5.0 (Windows NT 10.0; Win64; x64) AppleWebKit/537.36 (KHTML, like Gecko) Chrome/109.0.0.0 Safari/537.36"
35.85.244.164 - - [04/Dec/2023:15:07:29 +0000] "GET /info/info.php HTTP/1.1" 404 6869 "-" "Mozilla/5.0 (Windows NT 10.0; Win64; x64) AppleWebKit/537.36 (KHTML, like Gecko) Chrome/109.0.0.0 Safari/537.36"
1.14.7.100 - - [04/Dec/2023:16:11:35 +0000] "HEAD /Core/Skin/Login.aspx HTTP/1.1" 404 169 "-" "Mozilla/5.0 (Windows NT 10.0; Win64; x64) AppleWebKit/537.36 (KHTML, like Gecko) Chrome/106.0.0.0 Safari/537.36"
135.125.246.110 - - [04/Dec/2023:16:12:10 +0000] "GET /.env HTTP/1.1" 404 6869 "-" "Mozilla/5.0 (X11; Linux x86_64) AppleWebKit/537.36 (KHTML, like Gecko) Chrome/81.0.4044.129 Safari/537.36"
135.125.246.110 - - [04/Dec/2023:16:12:11 +0000] "POST / HTTP/1.1" 405 1026574 "-" "Mozilla/5.0 (X11; Linux x86_64) AppleWebKit/537.36 (KHTML, like Gecko) Chrome/81.0.4044.129 Safari/537.36"
185.254.196.173 - - [04/Dec/2023:16:29:55 +0000] "GET /.env HTTP/1.1" 404 6869 "-" "Mozilla/5.0 (X11; Linux x86_64) AppleWebKit/537.36 (KHTML, like Gecko) Chrome/81.0.4044.129 Safari/537.36"
185.254.196.173 - - [04/Dec/2023:16:29:59 +0000] "POST / HTTP/1.1" 405 1026564 "-" "Mozilla/5.0 (X11; Linux x86_64) AppleWebKit/537.36 (KHTML, like Gecko) Chrome/81.0.4044.129 Safari/537.36"
66.240.236.109 - - [04/Dec/2023:16:51:19 +0000] "GET / HTTP/1.1" 200 8259 "-" "Mozilla/5.0 zgrab/0.x"
18.202.196.83 - - [04/Dec/2023:16:55:30 +0000] "GET / HTTP/1.1" 200 8278 "-" "Mozilla/5.0 (Macintosh; Intel Mac OS X 10_11_5) AppleWebKit/537.36 (KHTML, like Gecko) Chrome/76.0.3809.100 Safari/537.36"
135.125.246.110 - - [04/Dec/2023:17:00:59 +0000] "GET /.env HTTP/1.1" 404 6869 "-" "Mozilla/5.0 (X11; Linux x86_64) AppleWebKit/537.36 (KHTML, like Gecko) Chrome/81.0.4044.129 Safari/537.36"
135.125.246.110 - - [04/Dec/2023:17:00:59 +0000] "POST / HTTP/1.1" 405 1026574 "-" "Mozilla/5.0 (X11; Linux x86_64) AppleWebKit/537.36 (KHTML, like Gecko) Chrome/81.0.4044.129 Safari/537.36"
102.129.232.53 - - [04/Dec/2023:17:17:17 +0000] "HEAD / HTTP/1.1" 200 1164 "-" "Mozilla/5.0 (Windows NT 6.4; WOW64) AppleWebKit/537.36 (KHTML, like Gecko) Chrome/41.0.2225.0 Safari/537.36"
34.76.96.55 - - [04/Dec/2023:17:37:13 +0000] "GET / HTTP/1.1" 200 8315 "-" "python-requests/2.31.0"
172.104.11.51 - - [04/Dec/2023:18:01:22 +0000] "\x16\x03\x01" 400 483 "-" "-"
1.14.7.100 - - [04/Dec/2023:18:12:08 +0000] "HEAD /Core/Skin/Login.aspx HTTP/1.1" 404 169 "-" "Mozilla/5.0 (Windows NT 10.0; Win64; x64) AppleWebKit/537.36 (KHTML, like Gecko) Chrome/106.0.0.0 Safari/537.36"
192.241.192.58 - - [04/Dec/2023:18:21:34 +0000] "GET /hudson HTTP/1.1" 404 6813 "-" "Mozilla/5.0 zgrab/0.x"
191.36.152.9 - - [04/Dec/2023:18:24:11 +0000] "GET / HTTP/1.1" 200 28640 "-" "Mozilla/5.0 (Windows NT 6.1; WOW64) AppleWebKit/537.36 (KHTML, like Gecko) Chrome/51.0.2704.103 Safari/537.36"
41.83.156.199 - - [04/Dec/2023:18:34:35 +0000] "GET /.env HTTP/1.1" 404 6869 "-" "Mozilla/5.0 (X11; Linux x86_64) AppleWebKit/537.36 (KHTML, like Gecko) Chrome/81.0.4044.129 Safari/537.36"
41.83.156.199 - - [04/Dec/2023:18:34:35 +0000] "POST / HTTP/1.1" 405 1026574 "-" "Mozilla/5.0 (X11; Linux x86_64) AppleWebKit/537.36 (KHTML, like Gecko) Chrome/81.0.4044.129 Safari/537.36"
45.156.129.7 - - [04/Dec/2023:18:48:10 +0000] "GET / HTTP/1.1" 200 8259 "-" "Mozilla/5.0 (Windows NT 10.0; Win64; x64) AppleWebKit/537.36 (KHTML, like Gecko) Chrome/60.0.3112.113 Safari/537.36"
185.254.196.173 - - [04/Dec/2023:19:16:10 +0000] "GET /.env HTTP/1.1" 404 6869 "-" "Mozilla/5.0 (X11; Linux x86_64) AppleWebKit/537.36 (KHTML, like Gecko) Chrome/81.0.4044.129 Safari/537.36"
185.254.196.173 - - [04/Dec/2023:19:16:10 +0000] "POST / HTTP/1.1" 405 1026564 "-" "Mozilla/5.0 (X11; Linux x86_64) AppleWebKit/537.36 (KHTML, like Gecko) Chrome/81.0.4044.129 Safari/537.36"
90.151.171.108 - - [04/Dec/2023:19:20:03 +0000] "CONNECT ip.bablosoft.com:443 HTTP/1.1" 404 6813 "-" "Mozilla/5.0 (Windows NT 6.1; rv:16.0) Gecko/20100101 Firefox/16.0 (+https://best-proxies.ru/faq/#from) Z75720595780Q1"
90.151.171.108 - - [04/Dec/2023:19:20:13 +0000] "GET http://ip.bablosoft.com/?Z75720595780Q1 HTTP/1.1" 200 28659 "https://google.com/" "Mozilla/5.0 (Windows NT 6.1; rv:16.0) Gecko/20100101 Firefox/16.0 (+https://best-proxies.ru/faq/#from)"
34.245.104.229 - - [04/Dec/2023:19:44:39 +0000] "GET / HTTP/1.0" 200 28656 "-" "Mozilla/5.0 (compatible; NetcraftSurveyAgent/1.0; +info@netcraft.com)"
135.125.246.110 - - [04/Dec/2023:19:55:12 +0000] "GET /.env HTTP/1.1" 404 6869 "-" "Mozilla/5.0 (X11; Linux x86_64) AppleWebKit/537.36 (KHTML, like Gecko) Chrome/81.0.4044.129 Safari/537.36"
135.125.246.110 - - [04/Dec/2023:19:55:12 +0000] "POST / HTTP/1.1" 405 1026574 "-" "Mozilla/5.0 (X11; Linux x86_64) AppleWebKit/537.36 (KHTML, like Gecko) Chrome/81.0.4044.129 Safari/537.36"
1.14.7.100 - - [04/Dec/2023:20:01:06 +0000] "HEAD /Core/Skin/Login.aspx HTTP/1.1" 404 169 "-" "Mozilla/5.0 (Windows NT 10.0; Win64; x64) AppleWebKit/537.36 (KHTML, like Gecko) Chrome/106.0.0.0 Safari/537.36"
94.102.61.10 - - [04/Dec/2023:20:08:43 +0000] "GET / HTTP/1.1" 200 8259 "-" "Mozilla/5.0 (Windows NT 10.0; Win64; x64) AppleWebKit/537.36 (KHTML, like Gecko) Chrome/88.0.4324.190 Safari/537.36"
135.125.246.110 - - [04/Dec/2023:20:43:53 +0000] "GET /.env HTTP/1.1" 404 6869 "-" "Mozilla/5.0 (X11; Linux x86_64) AppleWebKit/537.36 (KHTML, like Gecko) Chrome/81.0.4044.129 Safari/537.36"
135.125.246.110 - - [04/Dec/2023:20:43:53 +0000] "POST / HTTP/1.1" 405 1026574 "-" "Mozilla/5.0 (X11; Linux x86_64) AppleWebKit/537.36 (KHTML, like Gecko) Chrome/81.0.4044.129 Safari/537.36"
205.210.31.40 - - [04/Dec/2023:20:46:15 +0000] "GET / HTTP/1.0" 200 28656 "-" "Expanse, a Palo Alto Networks company, searches across the global IPv4 space multiple times per day to identify customers&#39; presences on the Internet. If you would like to be excluded from our scans, please send IP addresses/domains to: scaninfo@paloaltonetworks.com"
90.151.171.106 - - [04/Dec/2023:20:51:07 +0000] "CONNECT checkip.amazonaws.com:443 HTTP/1.1" 404 6813 "-" "Mozilla/5.0 (Windows NT 6.1; rv:16.0) Gecko/20100101 Firefox/16.0 (+https://best-proxies.ru/faq/#from) Z75720595780Q1"
90.151.171.106 - - [04/Dec/2023:20:51:17 +0000] "GET http://checkip.amazonaws.com?Z75720595780Q1 HTTP/1.1" 404 6832 "https://google.com/" "Mozilla/5.0 (Windows NT 6.1; rv:16.0) Gecko/20100101 Firefox/16.0 (+https://best-proxies.ru/faq/#from)"
3.87.139.64 - - [04/Dec/2023:21:00:21 +0000] "GET / HTTP/1.1" 200 8278 "-" "Mozilla/5.0 (X11; Linux i686) AppleWebKit/537.36 (KHTML, like Gecko) Chrome/39.0.2166.2 Safari/537.36"
128.90.142.170 - - [04/Dec/2023:21:01:08 +0000] "HEAD /wordpress HTTP/1.1" 404 169 "-" "Mozilla/5.0 (Windows NT 10.0; Win64; x64) AppleWebKit/537.36 (KHTML, like Gecko) Chrome/74.0.3729.169 Safari/537.36"
128.90.142.170 - - [04/Dec/2023:21:01:08 +0000] "HEAD / HTTP/1.1" 200 1084 "-" "Mozilla/5.0 (Windows NT 10.0; Win64; x64) AppleWebKit/537.36 (KHTML, like Gecko) Chrome/74.0.3729.169 Safari/537.36"
128.90.142.170 - - [04/Dec/2023:21:01:08 +0000] "HEAD /wp HTTP/1.1" 404 169 "-" "Mozilla/5.0 (Windows NT 10.0; Win64; x64) AppleWebKit/537.36 (KHTML, like Gecko) Chrome/74.0.3729.169 Safari/537.36"
128.90.142.170 - - [04/Dec/2023:21:01:08 +0000] "HEAD /bc HTTP/1.1" 404 169 "-" "Mozilla/5.0 (Windows NT 10.0; Win64; x64) AppleWebKit/537.36 (KHTML, like Gecko) Chrome/74.0.3729.169 Safari/537.36"
128.90.142.170 - - [04/Dec/2023:21:01:09 +0000] "HEAD /bk HTTP/1.1" 404 169 "-" "Mozilla/5.0 (Windows NT 10.0; Win64; x64) AppleWebKit/537.36 (KHTML, like Gecko) Chrome/74.0.3729.169 Safari/537.36"
128.90.142.170 - - [04/Dec/2023:21:01:09 +0000] "HEAD /backup HTTP/1.1" 404 169 "-" "Mozilla/5.0 (Windows NT 10.0; Win64; x64) AppleWebKit/537.36 (KHTML, like Gecko) Chrome/74.0.3729.169 Safari/537.36"
128.90.142.170 - - [04/Dec/2023:21:01:09 +0000] "HEAD /old HTTP/1.1" 404 169 "-" "Mozilla/5.0 (Windows NT 10.0; Win64; x64) AppleWebKit/537.36 (KHTML, like Gecko) Chrome/74.0.3729.169 Safari/537.36"
128.90.142.170 - - [04/Dec/2023:21:01:09 +0000] "HEAD /new HTTP/1.1" 404 169 "-" "Mozilla/5.0 (Windows NT 10.0; Win64; x64) AppleWebKit/537.36 (KHTML, like Gecko) Chrome/74.0.3729.169 Safari/537.36"
128.90.142.170 - - [04/Dec/2023:21:01:10 +0000] "HEAD /main HTTP/1.1" 404 169 "-" "Mozilla/5.0 (Windows NT 10.0; Win64; x64) AppleWebKit/537.36 (KHTML, like Gecko) Chrome/74.0.3729.169 Safari/537.36"
128.90.142.170 - - [04/Dec/2023:21:01:10 +0000] "HEAD /home HTTP/1.1" 404 169 "-" "Mozilla/5.0 (Windows NT 10.0; Win64; x64) AppleWebKit/537.36 (KHTML, like Gecko) Chrome/74.0.3729.169 Safari/537.36"
198.235.24.35 - - [04/Dec/2023:21:24:32 +0000] "GET / HTTP/1.1" 200 28640 "-" "Expanse, a Palo Alto Networks company, searches across the global IPv4 space multiple times per day to identify customers&#39; presences on the Internet. If you would like to be excluded from our scans, please send IP addresses/domains to: scaninfo@paloaltonetworks.com"
