5.202.174.253 - - [03/Dec/2023:10:05:41 +0000] "GET / HTTP/1.1" 200 28640 "-" "Mozilla/5.0 (Windows NT 10.0; WOW64) AppleWebKit/537.36 (KHTML, like Gecko) Chrome/52.0.2743.116 Safari/537.36"
90.151.171.106 - - [03/Dec/2023:10:12:28 +0000] "CONNECT check.best-proxies.ru:443 HTTP/1.1" 404 6813 "-" "Mozilla/5.0 (Windows NT 6.1; rv:16.0) Gecko/20100101 Firefox/16.0 (+https://best-proxies.ru/faq/#from) Z75720595780Q1"
90.151.171.106 - - [03/Dec/2023:10:12:38 +0000] "GET http://check.best-proxies.ru/ip.php?Z75720595780Q1 HTTP/1.1" 404 6832 "https://google.com/" "Mozilla/5.0 (Windows NT 6.1; rv:16.0) Gecko/20100101 Firefox/16.0 (+https://best-proxies.ru/faq/#from)"
135.125.244.48 - - [03/Dec/2023:10:29:25 +0000] "GET /.env HTTP/1.1" 404 6869 "-" "Mozilla/5.0 (X11; Linux x86_64) AppleWebKit/537.36 (KHTML, like Gecko) Chrome/81.0.4044.129 Safari/537.36"
135.125.244.48 - - [03/Dec/2023:10:29:26 +0000] "POST / HTTP/1.1" 405 1026574 "-" "Mozilla/5.0 (X11; Linux x86_64) AppleWebKit/537.36 (KHTML, like Gecko) Chrome/81.0.4044.129 Safari/537.36"
90.151.171.106 - - [03/Dec/2023:11:11:07 +0000] "CONNECT eth0.me:443 HTTP/1.1" 404 6813 "-" "Mozilla/5.0 (Windows NT 6.1; rv:16.0) Gecko/20100101 Firefox/16.0 (+https://best-proxies.ru/faq/#from) Z75720595780Q1"
90.151.171.106 - - [03/Dec/2023:11:11:16 +0000] "GET http://eth0.me?Z75720595780Q1 HTTP/1.1" 404 6832 "https://google.com/" "Mozilla/5.0 (Windows NT 6.1; rv:16.0) Gecko/20100101 Firefox/16.0 (+https://best-proxies.ru/faq/#from)"
184.160.157.253 - - [03/Dec/2023:11:19:00 +0000] "GET /admin/phpMyAdmin/index.php?lang=en HTTP/1.1" 404 6813 "-" "Mozilla/5.0 (Windows NT 10.0; Win64; x64) AppleWebKit/537.36 (KHTML, like Gecko) Chrome/117.0.0.0 Safari/537.36"
184.160.157.253 - - [03/Dec/2023:11:19:00 +0000] "GET /1phpmyadmin/index.php?lang=en HTTP/1.1" 404 6813 "-" "Mozilla/5.0 (Windows NT 10.0; Win64; x64) AppleWebKit/537.36 (KHTML, like Gecko) Chrome/117.0.0.0 Safari/537.36"
184.160.157.253 - - [03/Dec/2023:11:19:00 +0000] "GET /dbadmin/index.php?lang=en HTTP/1.1" 404 6813 "-" "Mozilla/5.0 (Windows NT 10.0; Win64; x64) AppleWebKit/537.36 (KHTML, like Gecko) Chrome/117.0.0.0 Safari/537.36"
184.160.157.253 - - [03/Dec/2023:11:19:00 +0000] "GET /phpMyAdmin-5.3.0-all-languages/index.php?lang=en HTTP/1.1" 404 6813 "-" "Mozilla/5.0 (Windows NT 10.0; Win64; x64) AppleWebKit/537.36 (KHTML, like Gecko) Chrome/117.0.0.0 Safari/537.36"
184.160.157.253 - - [03/Dec/2023:11:19:00 +0000] "GET /phpmyadmin2014/index.php?lang=en HTTP/1.1" 404 6813 "-" "Mozilla/5.0 (Windows NT 10.0; Win64; x64) AppleWebKit/537.36 (KHTML, like Gecko) Chrome/117.0.0.0 Safari/537.36"
184.160.157.253 - - [03/Dec/2023:11:19:00 +0000] "GET /sql/phpMyAdmin2/index.php?lang=en HTTP/1.1" 404 6813 "-" "Mozilla/5.0 (Windows NT 10.0; Win64; x64) AppleWebKit/537.36 (KHTML, like Gecko) Chrome/117.0.0.0 Safari/537.36"
184.160.157.253 - - [03/Dec/2023:11:19:00 +0000] "GET /db/phpMyAdmin3/index.php?lang=en HTTP/1.1" 404 6813 "-" "Mozilla/5.0 (Windows NT 10.0; Win64; x64) AppleWebKit/537.36 (KHTML, like Gecko) Chrome/117.0.0.0 Safari/537.36"
184.160.157.253 - - [03/Dec/2023:11:19:00 +0000] "GET /db/webadmin/index.php?lang=en HTTP/1.1" 404 6813 "-" "Mozilla/5.0 (Windows NT 10.0; Win64; x64) AppleWebKit/537.36 (KHTML, like Gecko) Chrome/117.0.0.0 Safari/537.36"
184.160.157.253 - - [03/Dec/2023:11:19:00 +0000] "GET /MyAdmin/index.php?lang=en HTTP/1.1" 404 6813 "-" "Mozilla/5.0 (Windows NT 10.0; Win64; x64) AppleWebKit/537.36 (KHTML, like Gecko) Chrome/117.0.0.0 Safari/537.36"
184.160.157.253 - - [03/Dec/2023:11:19:00 +0000] "GET /db/dbweb/index.php?lang=en HTTP/1.1" 404 6813 "-" "Mozilla/5.0 (Windows NT 10.0; Win64; x64) AppleWebKit/537.36 (KHTML, like Gecko) Chrome/117.0.0.0 Safari/537.36"
184.160.157.253 - - [03/Dec/2023:11:19:01 +0000] "GET /db/phpmyadmin5/index.php?lang=en HTTP/1.1" 404 6813 "-" "Mozilla/5.0 (Windows NT 10.0; Win64; x64) AppleWebKit/537.36 (KHTML, like Gecko) Chrome/117.0.0.0 Safari/537.36"
184.160.157.253 - - [03/Dec/2023:11:19:01 +0000] "GET /phpMyAdmin-5.1.3/index.php?lang=en HTTP/1.1" 404 6813 "-" "Mozilla/5.0 (Windows NT 10.0; Win64; x64) AppleWebKit/537.36 (KHTML, like Gecko) Chrome/117.0.0.0 Safari/537.36"
184.160.157.253 - - [03/Dec/2023:11:19:01 +0000] "GET /phpmyadmin2021/index.php?lang=en HTTP/1.1" 404 6813 "-" "Mozilla/5.0 (Windows NT 10.0; Win64; x64) AppleWebKit/537.36 (KHTML, like Gecko) Chrome/117.0.0.0 Safari/537.36"
184.160.157.253 - - [03/Dec/2023:11:19:01 +0000] "GET /phpmyadmin/index.php?lang=en HTTP/1.1" 404 6813 "-" "Mozilla/5.0 (Windows NT 10.0; Win64; x64) AppleWebKit/537.36 (KHTML, like Gecko) Chrome/117.0.0.0 Safari/537.36"
184.160.157.253 - - [03/Dec/2023:11:19:01 +0000] "GET /phpMyAdmin-4/index.php?lang=en HTTP/1.1" 404 6813 "-" "Mozilla/5.0 (Windows NT 10.0; Win64; x64) AppleWebKit/537.36 (KHTML, like Gecko) Chrome/117.0.0.0 Safari/537.36"
184.160.157.253 - - [03/Dec/2023:11:19:01 +0000] "GET /phpMyAdmin-4.9.10-all-languages/index.php?lang=en HTTP/1.1" 404 6813 "-" "Mozilla/5.0 (Windows NT 10.0; Win64; x64) AppleWebKit/537.36 (KHTML, like Gecko) Chrome/117.0.0.0 Safari/537.36"
184.160.157.253 - - [03/Dec/2023:11:19:01 +0000] "GET /php-my-admin/index.php?lang=en HTTP/1.1" 404 6813 "-" "Mozilla/5.0 (Windows NT 10.0; Win64; x64) AppleWebKit/537.36 (KHTML, like Gecko) Chrome/117.0.0.0 Safari/537.36"
184.160.157.253 - - [03/Dec/2023:11:19:01 +0000] "GET /sql/phpMyAdmin/index.php?lang=en HTTP/1.1" 404 6813 "-" "Mozilla/5.0 (Windows NT 10.0; Win64; x64) AppleWebKit/537.36 (KHTML, like Gecko) Chrome/117.0.0.0 Safari/537.36"
184.160.157.253 - - [03/Dec/2023:11:19:01 +0000] "GET /sql/webadmin/index.php?lang=en HTTP/1.1" 404 6813 "-" "Mozilla/5.0 (Windows NT 10.0; Win64; x64) AppleWebKit/537.36 (KHTML, like Gecko) Chrome/117.0.0.0 Safari/537.36"
184.160.157.253 - - [03/Dec/2023:11:19:01 +0000] "GET /phpMyAdmin5/index.php?lang=en HTTP/1.1" 404 6813 "-" "Mozilla/5.0 (Windows NT 10.0; Win64; x64) AppleWebKit/537.36 (KHTML, like Gecko) Chrome/117.0.0.0 Safari/537.36"
184.160.157.253 - - [03/Dec/2023:11:19:02 +0000] "GET /sql/sql-admin/index.php?lang=en HTTP/1.1" 404 6813 "-" "Mozilla/5.0 (Windows NT 10.0; Win64; x64) AppleWebKit/537.36 (KHTML, like Gecko) Chrome/117.0.0.0 Safari/537.36"
184.160.157.253 - - [03/Dec/2023:11:19:02 +0000] "GET /phpmy/index.php?lang=en HTTP/1.1" 404 6813 "-" "Mozilla/5.0 (Windows NT 10.0; Win64; x64) AppleWebKit/537.36 (KHTML, like Gecko) Chrome/117.0.0.0 Safari/537.36"
184.160.157.253 - - [03/Dec/2023:11:19:02 +0000] "GET /phpmyadmin2013/index.php?lang=en HTTP/1.1" 404 6813 "-" "Mozilla/5.0 (Windows NT 10.0; Win64; x64) AppleWebKit/537.36 (KHTML, like Gecko) Chrome/117.0.0.0 Safari/537.36"
184.160.157.253 - - [03/Dec/2023:11:19:02 +0000] "GET /db/webdb/index.php?lang=en HTTP/1.1" 404 6813 "-" "Mozilla/5.0 (Windows NT 10.0; Win64; x64) AppleWebKit/537.36 (KHTML, like Gecko) Chrome/117.0.0.0 Safari/537.36"
184.160.157.253 - - [03/Dec/2023:11:19:02 +0000] "GET /sqlmanager/index.php?lang=en HTTP/1.1" 404 6813 "-" "Mozilla/5.0 (Windows NT 10.0; Win64; x64) AppleWebKit/537.36 (KHTML, like Gecko) Chrome/117.0.0.0 Safari/537.36"
184.160.157.253 - - [03/Dec/2023:11:19:02 +0000] "GET /phpMyAdmin-5/index.php?lang=en HTTP/1.1" 404 6813 "-" "Mozilla/5.0 (Windows NT 10.0; Win64; x64) AppleWebKit/537.36 (KHTML, like Gecko) Chrome/117.0.0.0 Safari/537.36"
184.160.157.253 - - [03/Dec/2023:11:19:02 +0000] "GET /phpmyadmin2012/index.php?lang=en HTTP/1.1" 404 6813 "-" "Mozilla/5.0 (Windows NT 10.0; Win64; x64) AppleWebKit/537.36 (KHTML, like Gecko) Chrome/117.0.0.0 Safari/537.36"
184.160.157.253 - - [03/Dec/2023:11:19:02 +0000] "GET /phpMyAdmin/index.php?lang=en HTTP/1.1" 404 6813 "-" "Mozilla/5.0 (Windows NT 10.0; Win64; x64) AppleWebKit/537.36 (KHTML, like Gecko) Chrome/117.0.0.0 Safari/537.36"
184.160.157.253 - - [03/Dec/2023:11:19:02 +0000] "GET /db/phpmyadmin4/index.php?lang=en HTTP/1.1" 404 6813 "-" "Mozilla/5.0 (Windows NT 10.0; Win64; x64) AppleWebKit/537.36 (KHTML, like Gecko) Chrome/117.0.0.0 Safari/537.36"
184.160.157.253 - - [03/Dec/2023:11:19:02 +0000] "GET /admin/phpmyadmin/index.php?lang=en HTTP/1.1" 404 6813 "-" "Mozilla/5.0 (Windows NT 10.0; Win64; x64) AppleWebKit/537.36 (KHTML, like Gecko) Chrome/117.0.0.0 Safari/537.36"
184.160.157.253 - - [03/Dec/2023:11:19:02 +0000] "GET /db/phpMyAdmin-5/index.php?lang=en HTTP/1.1" 404 6813 "-" "Mozilla/5.0 (Windows NT 10.0; Win64; x64) AppleWebKit/537.36 (KHTML, like Gecko) Chrome/117.0.0.0 Safari/537.36"
184.160.157.253 - - [03/Dec/2023:11:19:03 +0000] "GET /db/dbadmin/index.php?lang=en HTTP/1.1" 404 6813 "-" "Mozilla/5.0 (Windows NT 10.0; Win64; x64) AppleWebKit/537.36 (KHTML, like Gecko) Chrome/117.0.0.0 Safari/537.36"
184.160.157.253 - - [03/Dec/2023:11:19:03 +0000] "GET /php-myadmin/index.php?lang=en HTTP/1.1" 404 6813 "-" "Mozilla/5.0 (Windows NT 10.0; Win64; x64) AppleWebKit/537.36 (KHTML, like Gecko) Chrome/117.0.0.0 Safari/537.36"
184.160.157.253 - - [03/Dec/2023:11:19:03 +0000] "GET /db/phpmyadmin/index.php?lang=en HTTP/1.1" 404 6813 "-" "Mozilla/5.0 (Windows NT 10.0; Win64; x64) AppleWebKit/537.36 (KHTML, like Gecko) Chrome/117.0.0.0 Safari/537.36"
184.160.157.253 - - [03/Dec/2023:11:19:03 +0000] "GET /mysql/db/index.php?lang=en HTTP/1.1" 404 6813 "-" "Mozilla/5.0 (Windows NT 10.0; Win64; x64) AppleWebKit/537.36 (KHTML, like Gecko) Chrome/117.0.0.0 Safari/537.36"
184.160.157.253 - - [03/Dec/2023:11:19:03 +0000] "GET /phpMyAdmin4/index.php?lang=en HTTP/1.1" 404 6813 "-" "Mozilla/5.0 (Windows NT 10.0; Win64; x64) AppleWebKit/537.36 (KHTML, like Gecko) Chrome/117.0.0.0 Safari/537.36"
184.160.157.253 - - [03/Dec/2023:11:19:03 +0000] "GET /phpMyAdmin-latest-all-languages/index.php?lang=en HTTP/1.1" 404 6813 "-" "Mozilla/5.0 (Windows NT 10.0; Win64; x64) AppleWebKit/537.36 (KHTML, like Gecko) Chrome/117.0.0.0 Safari/537.36"
184.160.157.253 - - [03/Dec/2023:11:19:03 +0000] "GET /db/phpMyAdmin-3/index.php?lang=en HTTP/1.1" 404 6813 "-" "Mozilla/5.0 (Windows NT 10.0; Win64; x64) AppleWebKit/537.36 (KHTML, like Gecko) Chrome/117.0.0.0 Safari/537.36"
184.160.157.253 - - [03/Dec/2023:11:19:03 +0000] "GET /phpmyadmin1/index.php?lang=en HTTP/1.1" 404 6813 "-" "Mozilla/5.0 (Windows NT 10.0; Win64; x64) AppleWebKit/537.36 (KHTML, like Gecko) Chrome/117.0.0.0 Safari/537.36"
184.160.157.253 - - [03/Dec/2023:11:19:03 +0000] "GET /phpmyadmin2017/index.php?lang=en HTTP/1.1" 404 6813 "-" "Mozilla/5.0 (Windows NT 10.0; Win64; x64) AppleWebKit/537.36 (KHTML, like Gecko) Chrome/117.0.0.0 Safari/537.36"
184.160.157.253 - - [03/Dec/2023:11:19:03 +0000] "GET /phpmyadmin_/index.php?lang=en HTTP/1.1" 404 6813 "-" "Mozilla/5.0 (Windows NT 10.0; Win64; x64) AppleWebKit/537.36 (KHTML, like Gecko) Chrome/117.0.0.0 Safari/537.36"
184.160.157.253 - - [03/Dec/2023:11:19:04 +0000] "GET /phpMyAdmin-5.1.0/index.php?lang=en HTTP/1.1" 404 6813 "-" "Mozilla/5.0 (Windows NT 10.0; Win64; x64) AppleWebKit/537.36 (KHTML, like Gecko) Chrome/117.0.0.0 Safari/537.36"
184.160.157.253 - - [03/Dec/2023:11:19:04 +0000] "GET /phpmyadmin2015/index.php?lang=en HTTP/1.1" 404 6813 "-" "Mozilla/5.0 (Windows NT 10.0; Win64; x64) AppleWebKit/537.36 (KHTML, like Gecko) Chrome/117.0.0.0 Safari/537.36"
184.160.157.253 - - [03/Dec/2023:11:19:04 +0000] "GET /phpmyadmin2016/index.php?lang=en HTTP/1.1" 404 6813 "-" "Mozilla/5.0 (Windows NT 10.0; Win64; x64) AppleWebKit/537.36 (KHTML, like Gecko) Chrome/117.0.0.0 Safari/537.36"
184.160.157.253 - - [03/Dec/2023:11:19:04 +0000] "GET /administrator/pma/index.php?lang=en HTTP/1.1" 404 6813 "-" "Mozilla/5.0 (Windows NT 10.0; Win64; x64) AppleWebKit/537.36 (KHTML, like Gecko) Chrome/117.0.0.0 Safari/537.36"
184.160.157.253 - - [03/Dec/2023:11:19:04 +0000] "GET /admin/db/index.php?lang=en HTTP/1.1" 404 6813 "-" "Mozilla/5.0 (Windows NT 10.0; Win64; x64) AppleWebKit/537.36 (KHTML, like Gecko) Chrome/117.0.0.0 Safari/537.36"
184.160.157.253 - - [03/Dec/2023:11:19:04 +0000] "GET /mysql/index.php?lang=en HTTP/1.1" 404 6813 "-" "Mozilla/5.0 (Windows NT 10.0; Win64; x64) AppleWebKit/537.36 (KHTML, like Gecko) Chrome/117.0.0.0 Safari/537.36"
184.160.157.253 - - [03/Dec/2023:11:19:04 +0000] "GET /_phpMyAdmin/index.php?lang=en HTTP/1.1" 404 6813 "-" "Mozilla/5.0 (Windows NT 10.0; Win64; x64) AppleWebKit/537.36 (KHTML, like Gecko) Chrome/117.0.0.0 Safari/537.36"
184.160.157.253 - - [03/Dec/2023:11:19:04 +0000] "GET /sql/sqlweb/index.php?lang=en HTTP/1.1" 404 6813 "-" "Mozilla/5.0 (Windows NT 10.0; Win64; x64) AppleWebKit/537.36 (KHTML, like Gecko) Chrome/117.0.0.0 Safari/537.36"
184.160.157.253 - - [03/Dec/2023:11:19:04 +0000] "GET /administrator/web/index.php?lang=en HTTP/1.1" 404 6813 "-" "Mozilla/5.0 (Windows NT 10.0; Win64; x64) AppleWebKit/537.36 (KHTML, like Gecko) Chrome/117.0.0.0 Safari/537.36"
184.160.157.253 - - [03/Dec/2023:11:19:04 +0000] "GET /program/index.php?lang=en HTTP/1.1" 404 6813 "-" "Mozilla/5.0 (Windows NT 10.0; Win64; x64) AppleWebKit/537.36 (KHTML, like Gecko) Chrome/117.0.0.0 Safari/537.36"
184.160.157.253 - - [03/Dec/2023:11:19:05 +0000] "GET /db/index.php?lang=en HTTP/1.1" 404 6813 "-" "Mozilla/5.0 (Windows NT 10.0; Win64; x64) AppleWebKit/537.36 (KHTML, like Gecko) Chrome/117.0.0.0 Safari/537.36"
184.160.157.253 - - [03/Dec/2023:11:19:05 +0000] "GET /mysqladmin/index.php?lang=en HTTP/1.1" 404 6813 "-" "Mozilla/5.0 (Windows NT 10.0; Win64; x64) AppleWebKit/537.36 (KHTML, like Gecko) Chrome/117.0.0.0 Safari/537.36"
184.160.157.253 - - [03/Dec/2023:11:19:05 +0000] "GET /sql/sql/index.php?lang=en HTTP/1.1" 404 6813 "-" "Mozilla/5.0 (Windows NT 10.0; Win64; x64) AppleWebKit/537.36 (KHTML, like Gecko) Chrome/117.0.0.0 Safari/537.36"
184.160.157.253 - - [03/Dec/2023:11:19:05 +0000] "GET /phpmy-admin/index.php?lang=en HTTP/1.1" 404 6813 "-" "Mozilla/5.0 (Windows NT 10.0; Win64; x64) AppleWebKit/537.36 (KHTML, like Gecko) Chrome/117.0.0.0 Safari/537.36"
184.160.157.253 - - [03/Dec/2023:11:19:05 +0000] "GET /phpMyAdmin5.2/index.php?lang=en HTTP/1.1" 404 6813 "-" "Mozilla/5.0 (Windows NT 10.0; Win64; x64) AppleWebKit/537.36 (KHTML, like Gecko) Chrome/117.0.0.0 Safari/537.36"
184.160.157.253 - - [03/Dec/2023:11:19:05 +0000] "GET /wpma5.2/index.php?lang=en HTTP/1.1" 404 6813 "-" "Mozilla/5.0 (Windows NT 10.0; Win64; x64) AppleWebKit/537.36 (KHTML, like Gecko) Chrome/117.0.0.0 Safari/537.36"
184.160.157.253 - - [03/Dec/2023:11:19:05 +0000] "GET /phpMyAdmin-5.1.1/index.php?lang=en HTTP/1.1" 404 6813 "-" "Mozilla/5.0 (Windows NT 10.0; Win64; x64) AppleWebKit/537.36 (KHTML, like Gecko) Chrome/117.0.0.0 Safari/537.36"
184.160.157.253 - - [03/Dec/2023:11:19:05 +0000] "GET /phpMyAdmin-5.1.2/index.php?lang=en HTTP/1.1" 404 6813 "-" "Mozilla/5.0 (Windows NT 10.0; Win64; x64) AppleWebKit/537.36 (KHTML, like Gecko) Chrome/117.0.0.0 Safari/537.36"
184.160.157.253 - - [03/Dec/2023:11:19:05 +0000] "GET /phpMyAdmin3/index.php?lang=en HTTP/1.1" 404 6813 "-" "Mozilla/5.0 (Windows NT 10.0; Win64; x64) AppleWebKit/537.36 (KHTML, like Gecko) Chrome/117.0.0.0 Safari/537.36"
184.160.157.253 - - [03/Dec/2023:11:19:05 +0000] "GET /phppma/index.php?lang=en HTTP/1.1" 404 6813 "-" "Mozilla/5.0 (Windows NT 10.0; Win64; x64) AppleWebKit/537.36 (KHTML, like Gecko) Chrome/117.0.0.0 Safari/537.36"
184.160.157.253 - - [03/Dec/2023:11:19:06 +0000] "GET /mysql/dbadmin/index.php?lang=en HTTP/1.1" 404 6813 "-" "Mozilla/5.0 (Windows NT 10.0; Win64; x64) AppleWebKit/537.36 (KHTML, like Gecko) Chrome/117.0.0.0 Safari/537.36"
184.160.157.253 - - [03/Dec/2023:11:19:06 +0000] "GET /__phpmyadmin/index.php?lang=en HTTP/1.1" 404 6813 "-" "Mozilla/5.0 (Windows NT 10.0; Win64; x64) AppleWebKit/537.36 (KHTML, like Gecko) Chrome/117.0.0.0 Safari/537.36"
184.160.157.253 - - [03/Dec/2023:11:19:06 +0000] "GET /_phpmyadmin/index.php?lang=en HTTP/1.1" 404 6813 "-" "Mozilla/5.0 (Windows NT 10.0; Win64; x64) AppleWebKit/537.36 (KHTML, like Gecko) Chrome/117.0.0.0 Safari/537.36"
184.160.157.253 - - [03/Dec/2023:11:19:06 +0000] "GET /sql/websql/index.php?lang=en HTTP/1.1" 404 6813 "-" "Mozilla/5.0 (Windows NT 10.0; Win64; x64) AppleWebKit/537.36 (KHTML, like Gecko) Chrome/117.0.0.0 Safari/537.36"
184.160.157.253 - - [03/Dec/2023:11:19:06 +0000] "GET /phpMyAdmin-latest-english/index.php?lang=en HTTP/1.1" 404 6813 "-" "Mozilla/5.0 (Windows NT 10.0; Win64; x64) AppleWebKit/537.36 (KHTML, like Gecko) Chrome/117.0.0.0 Safari/537.36"
184.160.157.253 - - [03/Dec/2023:11:19:06 +0000] "GET /mysql/web/index.php?lang=en HTTP/1.1" 404 6813 "-" "Mozilla/5.0 (Windows NT 10.0; Win64; x64) AppleWebKit/537.36 (KHTML, like Gecko) Chrome/117.0.0.0 Safari/537.36"
184.160.157.253 - - [03/Dec/2023:11:19:06 +0000] "GET /_phpmyadmin_/index.php?lang=en HTTP/1.1" 404 6813 "-" "Mozilla/5.0 (Windows NT 10.0; Win64; x64) AppleWebKit/537.36 (KHTML, like Gecko) Chrome/117.0.0.0 Safari/537.36"
184.160.157.253 - - [03/Dec/2023:11:19:06 +0000] "GET /phpmyAdmin/index.php?lang=en HTTP/1.1" 404 6813 "-" "Mozilla/5.0 (Windows NT 10.0; Win64; x64) AppleWebKit/537.36 (KHTML, like Gecko) Chrome/117.0.0.0 Safari/537.36"
184.160.157.253 - - [03/Dec/2023:11:19:06 +0000] "GET /admin/pma/index.php?lang=en HTTP/1.1" 404 6813 "-" "Mozilla/5.0 (Windows NT 10.0; Win64; x64) AppleWebKit/537.36 (KHTML, like Gecko) Chrome/117.0.0.0 Safari/537.36"
184.160.157.253 - - [03/Dec/2023:11:19:06 +0000] "GET /phpMyAdmin-5.2.0/index.php?lang=en HTTP/1.1" 404 6813 "-" "Mozilla/5.0 (Windows NT 10.0; Win64; x64) AppleWebKit/537.36 (KHTML, like Gecko) Chrome/117.0.0.0 Safari/537.36"
184.160.157.253 - - [03/Dec/2023:11:19:06 +0000] "GET /phpmyadmin5/index.php?lang=en HTTP/1.1" 404 6813 "-" "Mozilla/5.0 (Windows NT 10.0; Win64; x64) AppleWebKit/537.36 (KHTML, like Gecko) Chrome/117.0.0.0 Safari/537.36"
184.160.157.253 - - [03/Dec/2023:11:19:07 +0000] "GET /sql/sqladmin/index.php?lang=en HTTP/1.1" 404 6813 "-" "Mozilla/5.0 (Windows NT 10.0; Win64; x64) AppleWebKit/537.36 (KHTML, like Gecko) Chrome/117.0.0.0 Safari/537.36"
184.160.157.253 - - [03/Dec/2023:11:19:07 +0000] "GET /phpMyAdmin-4.9.7/index.php?lang=en HTTP/1.1" 404 6813 "-" "Mozilla/5.0 (Windows NT 10.0; Win64; x64) AppleWebKit/537.36 (KHTML, like Gecko) Chrome/117.0.0.0 Safari/537.36"
184.160.157.253 - - [03/Dec/2023:11:19:07 +0000] "GET /phpmyadmin2011/index.php?lang=en HTTP/1.1" 404 6813 "-" "Mozilla/5.0 (Windows NT 10.0; Win64; x64) AppleWebKit/537.36 (KHTML, like Gecko) Chrome/117.0.0.0 Safari/537.36"
184.160.157.253 - - [03/Dec/2023:11:19:07 +0000] "GET /administrator/db/index.php?lang=en HTTP/1.1" 404 6813 "-" "Mozilla/5.0 (Windows NT 10.0; Win64; x64) AppleWebKit/537.36 (KHTML, like Gecko) Chrome/117.0.0.0 Safari/537.36"
184.160.157.253 - - [03/Dec/2023:11:19:07 +0000] "GET /sql/webdb/index.php?lang=en HTTP/1.1" 404 6813 "-" "Mozilla/5.0 (Windows NT 10.0; Win64; x64) AppleWebKit/537.36 (KHTML, like Gecko) Chrome/117.0.0.0 Safari/537.36"
184.160.157.253 - - [03/Dec/2023:11:19:07 +0000] "GET /sql/phpmyadmin4/index.php?lang=en HTTP/1.1" 404 6813 "-" "Mozilla/5.0 (Windows NT 10.0; Win64; x64) AppleWebKit/537.36 (KHTML, like Gecko) Chrome/117.0.0.0 Safari/537.36"
184.160.157.253 - - [03/Dec/2023:11:19:07 +0000] "GET /db/websql/index.php?lang=en HTTP/1.1" 404 6813 "-" "Mozilla/5.0 (Windows NT 10.0; Win64; x64) AppleWebKit/537.36 (KHTML, like Gecko) Chrome/117.0.0.0 Safari/537.36"
184.160.157.253 - - [03/Dec/2023:11:19:07 +0000] "GET /phpMyAdmin5.1/index.php?lang=en HTTP/1.1" 404 6813 "-" "Mozilla/5.0 (Windows NT 10.0; Win64; x64) AppleWebKit/537.36 (KHTML, like Gecko) Chrome/117.0.0.0 Safari/537.36"
184.160.157.253 - - [03/Dec/2023:11:19:07 +0000] "GET /pma/index.php?lang=en HTTP/1.1" 404 6813 "-" "Mozilla/5.0 (Windows NT 10.0; Win64; x64) AppleWebKit/537.36 (KHTML, like Gecko) Chrome/117.0.0.0 Safari/537.36"
184.160.157.253 - - [03/Dec/2023:11:19:07 +0000] "GET /admin/sysadmin/index.php?lang=en HTTP/1.1" 404 6813 "-" "Mozilla/5.0 (Windows NT 10.0; Win64; x64) AppleWebKit/537.36 (KHTML, like Gecko) Chrome/117.0.0.0 Safari/537.36"
184.160.157.253 - - [03/Dec/2023:11:19:07 +0000] "GET /sql/myadmin/index.php?lang=en HTTP/1.1" 404 6813 "-" "Mozilla/5.0 (Windows NT 10.0; Win64; x64) AppleWebKit/537.36 (KHTML, like Gecko) Chrome/117.0.0.0 Safari/537.36"
184.160.157.253 - - [03/Dec/2023:11:19:08 +0000] "GET /wp-content/plugins/portable-phpmyadmin/wp-pma-mod/index.php?lang=en HTTP/1.1" 404 6813 "-" "Mozilla/5.0 (Windows NT 10.0; Win64; x64) AppleWebKit/537.36 (KHTML, like Gecko) Chrome/117.0.0.0 Safari/537.36"
184.160.157.253 - - [03/Dec/2023:11:19:08 +0000] "GET /administrator/admin/index.php?lang=en HTTP/1.1" 404 6813 "-" "Mozilla/5.0 (Windows NT 10.0; Win64; x64) AppleWebKit/537.36 (KHTML, like Gecko) Chrome/117.0.0.0 Safari/537.36"
184.160.157.253 - - [03/Dec/2023:11:19:08 +0000] "GET /phpmyadmin2019/index.php?lang=en HTTP/1.1" 404 6813 "-" "Mozilla/5.0 (Windows NT 10.0; Win64; x64) AppleWebKit/537.36 (KHTML, like Gecko) Chrome/117.0.0.0 Safari/537.36"
184.160.157.253 - - [03/Dec/2023:11:19:08 +0000] "GET /phpMyAdmin-3/index.php?lang=en HTTP/1.1" 404 6813 "-" "Mozilla/5.0 (Windows NT 10.0; Win64; x64) AppleWebKit/537.36 (KHTML, like Gecko) Chrome/117.0.0.0 Safari/537.36"
184.160.157.253 - - [03/Dec/2023:11:19:08 +0000] "GET /phpmyadmin4/index.php?lang=en HTTP/1.1" 404 6813 "-" "Mozilla/5.0 (Windows NT 10.0; Win64; x64) AppleWebKit/537.36 (KHTML, like Gecko) Chrome/117.0.0.0 Safari/537.36"
184.160.157.253 - - [03/Dec/2023:11:19:08 +0000] "GET /sql/php-myadmin/index.php?lang=en HTTP/1.1" 404 6813 "-" "Mozilla/5.0 (Windows NT 10.0; Win64; x64) AppleWebKit/537.36 (KHTML, like Gecko) Chrome/117.0.0.0 Safari/537.36"
184.160.157.253 - - [03/Dec/2023:11:19:08 +0000] "GET /db/phpMyAdmin-4/index.php?lang=en HTTP/1.1" 404 6813 "-" "Mozilla/5.0 (Windows NT 10.0; Win64; x64) AppleWebKit/537.36 (KHTML, like Gecko) Chrome/117.0.0.0 Safari/537.36"
184.160.157.253 - - [03/Dec/2023:11:19:08 +0000] "GET /phpMyAdmin-5.3.0/index.php?lang=en HTTP/1.1" 404 6813 "-" "Mozilla/5.0 (Windows NT 10.0; Win64; x64) AppleWebKit/537.36 (KHTML, like Gecko) Chrome/117.0.0.0 Safari/537.36"
184.160.157.253 - - [03/Dec/2023:11:19:08 +0000] "GET /shopdb/index.php?lang=en HTTP/1.1" 404 6813 "-" "Mozilla/5.0 (Windows NT 10.0; Win64; x64) AppleWebKit/537.36 (KHTML, like Gecko) Chrome/117.0.0.0 Safari/537.36"
184.160.157.253 - - [03/Dec/2023:11:19:08 +0000] "GET /admin/sqladmin/index.php?lang=en HTTP/1.1" 404 6813 "-" "Mozilla/5.0 (Windows NT 10.0; Win64; x64) AppleWebKit/537.36 (KHTML, like Gecko) Chrome/117.0.0.0 Safari/537.36"
184.160.157.253 - - [03/Dec/2023:11:19:09 +0000] "GET /administrator/phpmyadmin/index.php?lang=en HTTP/1.1" 404 6813 "-" "Mozilla/5.0 (Windows NT 10.0; Win64; x64) AppleWebKit/537.36 (KHTML, like Gecko) Chrome/117.0.0.0 Safari/537.36"
184.160.157.253 - - [03/Dec/2023:11:19:09 +0000] "GET /db/phpmyadmin3/index.php?lang=en HTTP/1.1" 404 6813 "-" "Mozilla/5.0 (Windows NT 10.0; Win64; x64) AppleWebKit/537.36 (KHTML, like Gecko) Chrome/117.0.0.0 Safari/537.36"
184.160.157.253 - - [03/Dec/2023:11:19:09 +0000] "GET /phpmyadmin2/index.php?lang=en HTTP/1.1" 404 6813 "-" "Mozilla/5.0 (Windows NT 10.0; Win64; x64) AppleWebKit/537.36 (KHTML, like Gecko) Chrome/117.0.0.0 Safari/537.36"
184.160.157.253 - - [03/Dec/2023:11:19:09 +0000] "GET /mysql-admin/index.php?lang=en HTTP/1.1" 404 6813 "-" "Mozilla/5.0 (Windows NT 10.0; Win64; x64) AppleWebKit/537.36 (KHTML, like Gecko) Chrome/117.0.0.0 Safari/537.36"
184.160.157.253 - - [03/Dec/2023:11:19:09 +0000] "GET /mysql/pma/index.php?lang=en HTTP/1.1" 404 6813 "-" "Mozilla/5.0 (Windows NT 10.0; Win64; x64) AppleWebKit/537.36 (KHTML, like Gecko) Chrome/117.0.0.0 Safari/537.36"
184.160.157.253 - - [03/Dec/2023:11:19:09 +0000] "GET /2phpmyadmin/index.php?lang=en HTTP/1.1" 404 6813 "-" "Mozilla/5.0 (Windows NT 10.0; Win64; x64) AppleWebKit/537.36 (KHTML, like Gecko) Chrome/117.0.0.0 Safari/537.36"
184.160.157.253 - - [03/Dec/2023:11:19:09 +0000] "GET /phpmyadmin3/index.php?lang=en HTTP/1.1" 404 6813 "-" "Mozilla/5.0 (Windows NT 10.0; Win64; x64) AppleWebKit/537.36 (KHTML, like Gecko) Chrome/117.0.0.0 Safari/537.36"
184.160.157.253 - - [03/Dec/2023:11:19:09 +0000] "GET /database/index.php?lang=en HTTP/1.1" 404 6832 "-" "Mozilla/5.0 (Windows NT 10.0; Win64; x64) AppleWebKit/537.36 (KHTML, like Gecko) Chrome/117.0.0.0 Safari/537.36"
184.160.157.253 - - [03/Dec/2023:11:19:09 +0000] "GET /index.php?lang=en HTTP/1.1" 200 8259 "-" "Mozilla/5.0 (Windows NT 10.0; Win64; x64) AppleWebKit/537.36 (KHTML, like Gecko) Chrome/117.0.0.0 Safari/537.36"
184.160.157.253 - - [03/Dec/2023:11:19:09 +0000] "GET /phpmyadmin2020/index.php?lang=en HTTP/1.1" 404 6813 "-" "Mozilla/5.0 (Windows NT 10.0; Win64; x64) AppleWebKit/537.36 (KHTML, like Gecko) Chrome/117.0.0.0 Safari/537.36"
184.160.157.253 - - [03/Dec/2023:11:19:10 +0000] "GET /admin/web/index.php?lang=en HTTP/1.1" 404 6813 "-" "Mozilla/5.0 (Windows NT 10.0; Win64; x64) AppleWebKit/537.36 (KHTML, like Gecko) Chrome/117.0.0.0 Safari/537.36"
184.160.157.253 - - [03/Dec/2023:11:19:10 +0000] "GET /sql/phpmyadmin3/index.php?lang=en HTTP/1.1" 404 6813 "-" "Mozilla/5.0 (Windows NT 10.0; Win64; x64) AppleWebKit/537.36 (KHTML, like Gecko) Chrome/117.0.0.0 Safari/537.36"
184.160.157.253 - - [03/Dec/2023:11:19:10 +0000] "GET /db/phpMyAdmin/index.php?lang=en HTTP/1.1" 404 6813 "-" "Mozilla/5.0 (Windows NT 10.0; Win64; x64) AppleWebKit/537.36 (KHTML, like Gecko) Chrome/117.0.0.0 Safari/537.36"
184.160.157.253 - - [03/Dec/2023:11:19:10 +0000] "GET /mysql/pMA/index.php?lang=en HTTP/1.1" 404 6813 "-" "Mozilla/5.0 (Windows NT 10.0; Win64; x64) AppleWebKit/537.36 (KHTML, like Gecko) Chrome/117.0.0.0 Safari/537.36"
184.160.157.253 - - [03/Dec/2023:11:19:10 +0000] "GET /sql/phpmy-admin/index.php?lang=en HTTP/1.1" 404 6813 "-" "Mozilla/5.0 (Windows NT 10.0; Win64; x64) AppleWebKit/537.36 (KHTML, like Gecko) Chrome/117.0.0.0 Safari/537.36"
184.160.157.253 - - [03/Dec/2023:11:19:10 +0000] "GET /phpMyAdmin_/index.php?lang=en HTTP/1.1" 404 6813 "-" "Mozilla/5.0 (Windows NT 10.0; Win64; x64) AppleWebKit/537.36 (KHTML, like Gecko) Chrome/117.0.0.0 Safari/537.36"
184.160.157.253 - - [03/Dec/2023:11:19:10 +0000] "GET /phpmyadmin2022/index.php?lang=en HTTP/1.1" 404 6813 "-" "Mozilla/5.0 (Windows NT 10.0; Win64; x64) AppleWebKit/537.36 (KHTML, like Gecko) Chrome/117.0.0.0 Safari/537.36"
184.160.157.253 - - [03/Dec/2023:11:19:10 +0000] "GET /sql/phpmanager/index.php?lang=en HTTP/1.1" 404 6813 "-" "Mozilla/5.0 (Windows NT 10.0; Win64; x64) AppleWebKit/537.36 (KHTML, like Gecko) Chrome/117.0.0.0 Safari/537.36"
184.160.157.253 - - [03/Dec/2023:11:19:10 +0000] "GET /db/myadmin/index.php?lang=en HTTP/1.1" 404 6813 "-" "Mozilla/5.0 (Windows NT 10.0; Win64; x64) AppleWebKit/537.36 (KHTML, like Gecko) Chrome/117.0.0.0 Safari/537.36"
184.160.157.253 - - [03/Dec/2023:11:19:10 +0000] "GET /mysql/admin/index.php?lang=en HTTP/1.1" 404 6813 "-" "Mozilla/5.0 (Windows NT 10.0; Win64; x64) AppleWebKit/537.36 (KHTML, like Gecko) Chrome/117.0.0.0 Safari/537.36"
184.160.157.253 - - [03/Dec/2023:11:19:10 +0000] "GET /phpMyAdmin-5.2.0-all-languages/index.php?lang=en HTTP/1.1" 404 6813 "-" "Mozilla/5.0 (Windows NT 10.0; Win64; x64) AppleWebKit/537.36 (KHTML, like Gecko) Chrome/117.0.0.0 Safari/537.36"
184.160.157.253 - - [03/Dec/2023:11:19:11 +0000] "GET /myadmin/index.php?lang=en HTTP/1.1" 404 6813 "-" "Mozilla/5.0 (Windows NT 10.0; Win64; x64) AppleWebKit/537.36 (KHTML, like Gecko) Chrome/117.0.0.0 Safari/537.36"
184.160.157.253 - - [03/Dec/2023:11:19:11 +0000] "GET /phpMyAdmin2/index.php?lang=en HTTP/1.1" 404 6813 "-" "Mozilla/5.0 (Windows NT 10.0; Win64; x64) AppleWebKit/537.36 (KHTML, like Gecko) Chrome/117.0.0.0 Safari/537.36"
184.160.157.253 - - [03/Dec/2023:11:19:11 +0000] "GET /db/db-admin/index.php?lang=en HTTP/1.1" 404 6813 "-" "Mozilla/5.0 (Windows NT 10.0; Win64; x64) AppleWebKit/537.36 (KHTML, like Gecko) Chrome/117.0.0.0 Safari/537.36"
184.160.157.253 - - [03/Dec/2023:11:19:11 +0000] "GET /administrator/PMA/index.php?lang=en HTTP/1.1" 404 6813 "-" "Mozilla/5.0 (Windows NT 10.0; Win64; x64) AppleWebKit/537.36 (KHTML, like Gecko) Chrome/117.0.0.0 Safari/537.36"
184.160.157.253 - - [03/Dec/2023:11:19:11 +0000] "GET /admin/index.php?lang=en HTTP/1.1" 404 6813 "-" "Mozilla/5.0 (Windows NT 10.0; Win64; x64) AppleWebKit/537.36 (KHTML, like Gecko) Chrome/117.0.0.0 Safari/537.36"
184.160.157.253 - - [03/Dec/2023:11:19:11 +0000] "GET /phpmyadmin2018/index.php?lang=en HTTP/1.1" 404 6813 "-" "Mozilla/5.0 (Windows NT 10.0; Win64; x64) AppleWebKit/537.36 (KHTML, like Gecko) Chrome/117.0.0.0 Safari/537.36"
184.160.157.253 - - [03/Dec/2023:11:19:11 +0000] "GET /mysql/sqlmanager/index.php?lang=en HTTP/1.1" 404 6813 "-" "Mozilla/5.0 (Windows NT 10.0; Win64; x64) AppleWebKit/537.36 (KHTML, like Gecko) Chrome/117.0.0.0 Safari/537.36"
184.160.157.253 - - [03/Dec/2023:11:19:11 +0000] "GET /phpMyadmin/index.php?lang=en HTTP/1.1" 404 6813 "-" "Mozilla/5.0 (Windows NT 10.0; Win64; x64) AppleWebKit/537.36 (KHTML, like Gecko) Chrome/117.0.0.0 Safari/537.36"
184.160.157.253 - - [03/Dec/2023:11:19:11 +0000] "GET /administrator/phpMyAdmin/index.php?lang=en HTTP/1.1" 404 6813 "-" "Mozilla/5.0 (Windows NT 10.0; Win64; x64) AppleWebKit/537.36 (KHTML, like Gecko) Chrome/117.0.0.0 Safari/537.36"
184.160.157.253 - - [03/Dec/2023:11:19:11 +0000] "GET /mysqlmanager/index.php?lang=en HTTP/1.1" 404 6813 "-" "Mozilla/5.0 (Windows NT 10.0; Win64; x64) AppleWebKit/537.36 (KHTML, like Gecko) Chrome/117.0.0.0 Safari/537.36"
184.160.157.253 - - [03/Dec/2023:11:19:11 +0000] "GET /sql/phpmyadmin5/index.php?lang=en HTTP/1.1" 404 6813 "-" "Mozilla/5.0 (Windows NT 10.0; Win64; x64) AppleWebKit/537.36 (KHTML, like Gecko) Chrome/117.0.0.0 Safari/537.36"
184.160.157.253 - - [03/Dec/2023:11:19:12 +0000] "GET /PMA/index.php?lang=en HTTP/1.1" 404 6813 "-" "Mozilla/5.0 (Windows NT 10.0; Win64; x64) AppleWebKit/537.36 (KHTML, like Gecko) Chrome/117.0.0.0 Safari/537.36"
184.160.157.253 - - [03/Dec/2023:11:19:12 +0000] "GET /phpMyAdmin1/index.php?lang=en HTTP/1.1" 404 6813 "-" "Mozilla/5.0 (Windows NT 10.0; Win64; x64) AppleWebKit/537.36 (KHTML, like Gecko) Chrome/117.0.0.0 Safari/537.36"
184.160.157.253 - - [03/Dec/2023:11:19:12 +0000] "GET /mysql/mysqlmanager/index.php?lang=en HTTP/1.1" 404 6813 "-" "Mozilla/5.0 (Windows NT 10.0; Win64; x64) AppleWebKit/537.36 (KHTML, like Gecko) Chrome/117.0.0.0 Safari/537.36"
1.14.7.100 - - [03/Dec/2023:11:46:29 +0000] "HEAD /Core/Skin/Login.aspx HTTP/1.1" 404 169 "-" "Mozilla/5.0 (Windows NT 10.0; Win64; x64) AppleWebKit/537.36 (KHTML, like Gecko) Chrome/106.0.0.0 Safari/537.36"
185.254.196.173 - - [03/Dec/2023:12:10:49 +0000] "GET /.env HTTP/1.1" 404 6869 "-" "Mozilla/5.0 (X11; Linux x86_64) AppleWebKit/537.36 (KHTML, like Gecko) Chrome/81.0.4044.129 Safari/537.36"
185.254.196.173 - - [03/Dec/2023:12:10:51 +0000] "POST / HTTP/1.1" 405 1026564 "-" "Mozilla/5.0 (X11; Linux x86_64) AppleWebKit/537.36 (KHTML, like Gecko) Chrome/81.0.4044.129 Safari/537.36"
135.125.244.48 - - [03/Dec/2023:12:45:16 +0000] "GET /.env HTTP/1.1" 404 6869 "-" "Mozilla/5.0 (X11; Linux x86_64) AppleWebKit/537.36 (KHTML, like Gecko) Chrome/81.0.4044.129 Safari/537.36"
135.125.244.48 - - [03/Dec/2023:12:45:16 +0000] "POST / HTTP/1.1" 405 1026574 "-" "Mozilla/5.0 (X11; Linux x86_64) AppleWebKit/537.36 (KHTML, like Gecko) Chrome/81.0.4044.129 Safari/537.36"
143.198.158.230 - - [03/Dec/2023:13:01:34 +0000] "GET /.env HTTP/1.1" 404 6869 "-" "Mozilla/5.0 (X11; Linux x86_64; rv:83.0) Gecko/20100101 Firefox/83.0"
143.198.158.230 - - [03/Dec/2023:13:01:34 +0000] "POST / HTTP/1.1" 405 1026722 "-" "Mozilla/5.0 (X11; Linux x86_64; rv:83.0) Gecko/20100101 Firefox/83.0"
176.97.210.240 - - [03/Dec/2023:13:02:52 +0000] "GET / HTTP/1.1" 200 28640 "-" "Go-http-client/1.1"
185.254.196.173 - - [03/Dec/2023:13:40:57 +0000] "GET /.env HTTP/1.1" 404 6869 "-" "Mozilla/5.0 (X11; Linux x86_64) AppleWebKit/537.36 (KHTML, like Gecko) Chrome/81.0.4044.129 Safari/537.36"
185.254.196.173 - - [03/Dec/2023:13:40:57 +0000] "POST / HTTP/1.1" 405 1026564 "-" "Mozilla/5.0 (X11; Linux x86_64) AppleWebKit/537.36 (KHTML, like Gecko) Chrome/81.0.4044.129 Safari/537.36"
90.151.171.108 - - [03/Dec/2023:13:49:38 +0000] "CONNECT eth0.me:443 HTTP/1.1" 404 6813 "-" "Mozilla/5.0 (Windows NT 6.1; rv:16.0) Gecko/20100101 Firefox/16.0 (+https://best-proxies.ru/faq/#from) Z75720595780Q1"
90.151.171.108 - - [03/Dec/2023:13:49:48 +0000] "GET http://eth0.me?Z75720595780Q1 HTTP/1.1" 404 6832 "https://google.com/" "Mozilla/5.0 (Windows NT 6.1; rv:16.0) Gecko/20100101 Firefox/16.0 (+https://best-proxies.ru/faq/#from)"
1.14.7.100 - - [03/Dec/2023:13:56:05 +0000] "HEAD /Core/Skin/Login.aspx HTTP/1.1" 404 169 "-" "Mozilla/5.0 (Windows NT 10.0; Win64; x64) AppleWebKit/537.36 (KHTML, like Gecko) Chrome/106.0.0.0 Safari/537.36"
90.151.171.106 - - [03/Dec/2023:14:34:39 +0000] "CONNECT v4.ident.me:443 HTTP/1.1" 404 6813 "-" "Mozilla/5.0 (Windows NT 6.1; rv:16.0) Gecko/20100101 Firefox/16.0 (+https://best-proxies.ru/faq/#from) Z75720595780Q1"
90.151.171.106 - - [03/Dec/2023:14:34:49 +0000] "GET http://v4.ident.me?Z75720595780Q1 HTTP/1.1" 404 6832 "https://google.com/" "Mozilla/5.0 (Windows NT 6.1; rv:16.0) Gecko/20100101 Firefox/16.0 (+https://best-proxies.ru/faq/#from)"
135.125.217.54 - - [03/Dec/2023:14:35:43 +0000] "GET /.env HTTP/1.1" 404 6869 "-" "Mozilla/5.0 (X11; Linux x86_64) AppleWebKit/537.36 (KHTML, like Gecko) Chrome/81.0.4044.129 Safari/537.36"
135.125.217.54 - - [03/Dec/2023:14:35:43 +0000] "POST / HTTP/1.1" 405 1026574 "-" "Mozilla/5.0 (X11; Linux x86_64) AppleWebKit/537.36 (KHTML, like Gecko) Chrome/81.0.4044.129 Safari/537.36"
185.254.196.186 - - [03/Dec/2023:14:46:53 +0000] "GET /.env HTTP/1.1" 404 6869 "-" "Mozilla/5.0 (X11; Linux x86_64) AppleWebKit/537.36 (KHTML, like Gecko) Chrome/81.0.4044.129 Safari/537.36"
185.254.196.186 - - [03/Dec/2023:14:46:53 +0000] "POST / HTTP/1.1" 405 1026564 "-" "Mozilla/5.0 (X11; Linux x86_64) AppleWebKit/537.36 (KHTML, like Gecko) Chrome/81.0.4044.129 Safari/537.36"
135.125.217.54 - - [03/Dec/2023:14:53:55 +0000] "GET /.env HTTP/1.1" 404 6869 "-" "Mozilla/5.0 (X11; Linux x86_64) AppleWebKit/537.36 (KHTML, like Gecko) Chrome/81.0.4044.129 Safari/537.36"
135.125.217.54 - - [03/Dec/2023:14:53:56 +0000] "POST / HTTP/1.1" 405 1026574 "-" "Mozilla/5.0 (X11; Linux x86_64) AppleWebKit/537.36 (KHTML, like Gecko) Chrome/81.0.4044.129 Safari/537.36"
185.254.196.186 - - [03/Dec/2023:16:10:23 +0000] "GET /.env HTTP/1.1" 404 6869 "-" "Mozilla/5.0 (X11; Linux x86_64) AppleWebKit/537.36 (KHTML, like Gecko) Chrome/81.0.4044.129 Safari/537.36"
185.254.196.186 - - [03/Dec/2023:16:10:24 +0000] "POST / HTTP/1.1" 405 1026564 "-" "Mozilla/5.0 (X11; Linux x86_64) AppleWebKit/537.36 (KHTML, like Gecko) Chrome/81.0.4044.129 Safari/537.36"
90.151.171.108 - - [03/Dec/2023:16:11:07 +0000] "CONNECT ip.bablosoft.com:443 HTTP/1.1" 404 6813 "-" "Mozilla/5.0 (Windows NT 6.1; rv:16.0) Gecko/20100101 Firefox/16.0 (+https://best-proxies.ru/faq/#from) Z75720595780Q1"
90.151.171.108 - - [03/Dec/2023:16:11:17 +0000] "GET http://ip.bablosoft.com/?Z75720595780Q1 HTTP/1.1" 200 28659 "https://google.com/" "Mozilla/5.0 (Windows NT 6.1; rv:16.0) Gecko/20100101 Firefox/16.0 (+https://best-proxies.ru/faq/#from)"
1.14.7.100 - - [03/Dec/2023:16:11:57 +0000] "HEAD /Core/Skin/Login.aspx HTTP/1.1" 404 169 "-" "Mozilla/5.0 (Windows NT 10.0; Win64; x64) AppleWebKit/537.36 (KHTML, like Gecko) Chrome/106.0.0.0 Safari/537.36"
175.107.0.80 - - [03/Dec/2023:16:22:55 +0000] "POST /GponForm/diag_Form?images/ HTTP/1.1" 404 6864 "-" "Hello, World"
45.166.42.166 - - [03/Dec/2023:16:43:55 +0000] "GET / HTTP/1.0" 200 28656 "-" "Mozilla/5.0 (Macintosh; Intel Mac OS X 10_11_6) AppleWebKit/601.7.7 (KHTML, like Gecko) Version/9.1.2 Safari/601.7.7"
110.80.136.230 - - [03/Dec/2023:16:58:33 +0000] "GET / HTTP/1.1" 200 8278 "-" "Go-http-client/1.1"
135.125.217.54 - - [03/Dec/2023:17:18:42 +0000] "GET /.env HTTP/1.1" 404 6869 "-" "Mozilla/5.0 (X11; Linux x86_64) AppleWebKit/537.36 (KHTML, like Gecko) Chrome/81.0.4044.129 Safari/537.36"
135.125.217.54 - - [03/Dec/2023:17:18:43 +0000] "POST / HTTP/1.1" 405 1026574 "-" "Mozilla/5.0 (X11; Linux x86_64) AppleWebKit/537.36 (KHTML, like Gecko) Chrome/81.0.4044.129 Safari/537.36"
185.254.196.173 - - [03/Dec/2023:17:46:37 +0000] "GET /.env HTTP/1.1" 404 6869 "-" "Mozilla/5.0 (X11; Linux x86_64) AppleWebKit/537.36 (KHTML, like Gecko) Chrome/81.0.4044.129 Safari/537.36"
185.254.196.173 - - [03/Dec/2023:17:46:38 +0000] "POST / HTTP/1.1" 405 1026564 "-" "Mozilla/5.0 (X11; Linux x86_64) AppleWebKit/537.36 (KHTML, like Gecko) Chrome/81.0.4044.129 Safari/537.36"
31.220.72.237 - - [03/Dec/2023:17:48:09 +0000] "GET /mbilling/ HTTP/1.0" 301 545 "-" "xfa1"
35.195.93.98 - - [03/Dec/2023:17:52:38 +0000] "GET / HTTP/1.1" 200 8315 "-" "python-requests/2.31.0"
90.151.171.108 - - [03/Dec/2023:17:56:31 +0000] "CONNECT ip.bablosoft.com:443 HTTP/1.1" 404 6813 "-" "Mozilla/5.0 (Windows NT 6.1; rv:16.0) Gecko/20100101 Firefox/16.0 (+https://best-proxies.ru/faq/#from) Z75720595780Q1"
90.151.171.108 - - [03/Dec/2023:17:56:42 +0000] "GET http://ip.bablosoft.com/?Z75720595780Q1 HTTP/1.1" 200 28659 "https://google.com/" "Mozilla/5.0 (Windows NT 6.1; rv:16.0) Gecko/20100101 Firefox/16.0 (+https://best-proxies.ru/faq/#from)"
135.125.217.54 - - [03/Dec/2023:18:03:52 +0000] "GET /.env HTTP/1.1" 404 6869 "-" "Mozilla/5.0 (X11; Linux x86_64) AppleWebKit/537.36 (KHTML, like Gecko) Chrome/81.0.4044.129 Safari/537.36"
135.125.217.54 - - [03/Dec/2023:18:03:52 +0000] "POST / HTTP/1.1" 405 1026574 "-" "Mozilla/5.0 (X11; Linux x86_64) AppleWebKit/537.36 (KHTML, like Gecko) Chrome/81.0.4044.129 Safari/537.36"
1.14.7.100 - - [03/Dec/2023:18:13:45 +0000] "HEAD /Core/Skin/Login.aspx HTTP/1.1" 404 169 "-" "Mozilla/5.0 (Windows NT 10.0; Win64; x64) AppleWebKit/537.36 (KHTML, like Gecko) Chrome/106.0.0.0 Safari/537.36"
152.32.197.121 - - [03/Dec/2023:18:36:30 +0000] "\x16\x03\x01\x01\x17\x01" 400 483 "-" "-"
152.32.197.121 - - [03/Dec/2023:18:36:41 +0000] "GET / HTTP/1.1" 200 28640 "-" "-"
152.32.197.121 - - [03/Dec/2023:18:36:47 +0000] "GET /favicon.ico HTTP/1.1" 200 240 "-" "Mozilla/5.0 (Macintosh; Intel Mac OS X 10_7_0) AppleWebKit/535.11 (KHTML, like Gecko) Chrome/17.0.963.56 Safari/535.11"
152.32.197.121 - - [03/Dec/2023:18:36:47 +0000] "GET /robots.txt HTTP/1.1" 200 252 "-" "Mozilla/5.0 (Macintosh; Intel Mac OS X 10_7_0) AppleWebKit/535.11 (KHTML, like Gecko) Chrome/17.0.963.56 Safari/535.11"
152.32.197.121 - - [03/Dec/2023:18:36:48 +0000] "GET /sitemap.xml HTTP/1.1" 404 6813 "-" "Mozilla/5.0 (Macintosh; Intel Mac OS X 10_7_0) AppleWebKit/535.11 (KHTML, like Gecko) Chrome/17.0.963.56 Safari/535.11"
85.239.33.6 - - [03/Dec/2023:18:42:59 +0000] "GET / HTTP/1.1" 200 8278 "-" "Mozilla/5.0 (iPhone; U; CPU iPhone OS 4_3 like Mac OS X; de-de) AppleWebKit/533.17.9 (KHTML, like Gecko) Mobile/8F190"
85.239.33.6 - - [03/Dec/2023:18:43:42 +0000] "GET /.env HTTP/1.1" 404 6832 "-" "Mozilla/5.0 (Windows NT 10.0; Win64; x64) AppleWebKit/537.36 (KHTML, like Gecko) Chrome/58.0.3029.110 Safari/537.36"
90.151.171.108 - - [03/Dec/2023:18:50:03 +0000] "CONNECT v4.ident.me:443 HTTP/1.1" 404 6813 "-" "Mozilla/5.0 (Windows NT 6.1; rv:16.0) Gecko/20100101 Firefox/16.0 (+https://best-proxies.ru/faq/#from) Z75720595780Q1"
90.151.171.108 - - [03/Dec/2023:18:50:13 +0000] "GET http://v4.ident.me?Z75720595780Q1 HTTP/1.1" 404 6832 "https://google.com/" "Mozilla/5.0 (Windows NT 6.1; rv:16.0) Gecko/20100101 Firefox/16.0 (+https://best-proxies.ru/faq/#from)"
205.210.31.128 - - [03/Dec/2023:18:56:44 +0000] "GET / HTTP/1.1" 200 28640 "-" "Expanse, a Palo Alto Networks company, searches across the global IPv4 space multiple times per day to identify customers&#39; presences on the Internet. If you would like to be excluded from our scans, please send IP addresses/domains to: scaninfo@paloaltonetworks.com"
185.254.196.173 - - [03/Dec/2023:19:17:26 +0000] "GET /.env HTTP/1.1" 404 6869 "-" "Mozilla/5.0 (X11; Linux x86_64) AppleWebKit/537.36 (KHTML, like Gecko) Chrome/81.0.4044.129 Safari/537.36"
185.254.196.173 - - [03/Dec/2023:19:17:26 +0000] "POST / HTTP/1.1" 405 1026564 "-" "Mozilla/5.0 (X11; Linux x86_64) AppleWebKit/537.36 (KHTML, like Gecko) Chrome/81.0.4044.129 Safari/537.36"
45.79.172.21 - - [03/Dec/2023:19:54:03 +0000] "\x16\x03\x01" 400 483 "-" "-"
1.14.7.100 - - [03/Dec/2023:20:08:14 +0000] "HEAD /Core/Skin/Login.aspx HTTP/1.1" 404 169 "-" "Mozilla/5.0 (Windows NT 10.0; Win64; x64) AppleWebKit/537.36 (KHTML, like Gecko) Chrome/106.0.0.0 Safari/537.36"
90.151.171.106 - - [03/Dec/2023:20:27:42 +0000] "CONNECT checkip.amazonaws.com:443 HTTP/1.1" 404 6813 "-" "Mozilla/5.0 (Windows NT 6.1; rv:16.0) Gecko/20100101 Firefox/16.0 (+https://best-proxies.ru/faq/#from) Z75720595780Q1"
90.151.171.106 - - [03/Dec/2023:20:27:52 +0000] "GET http://checkip.amazonaws.com?Z75720595780Q1 HTTP/1.1" 404 6832 "https://google.com/" "Mozilla/5.0 (Windows NT 6.1; rv:16.0) Gecko/20100101 Firefox/16.0 (+https://best-proxies.ru/faq/#from)"
135.125.217.54 - - [03/Dec/2023:20:34:21 +0000] "GET /.env HTTP/1.1" 404 6869 "-" "Mozilla/5.0 (X11; Linux x86_64) AppleWebKit/537.36 (KHTML, like Gecko) Chrome/81.0.4044.129 Safari/537.36"
135.125.217.54 - - [03/Dec/2023:20:34:21 +0000] "POST / HTTP/1.1" 405 1026574 "-" "Mozilla/5.0 (X11; Linux x86_64) AppleWebKit/537.36 (KHTML, like Gecko) Chrome/81.0.4044.129 Safari/537.36"
35.203.211.117 - - [03/Dec/2023:21:04:18 +0000] "GET / HTTP/1.1" 200 28640 "-" "Expanse, a Palo Alto Networks company, searches across the global IPv4 space multiple times per day to identify customers&#39; presences on the Internet. If you would like to be excluded from our scans, please send IP addresses/domains to: scaninfo@paloaltonetworks.com"
135.125.217.54 - - [03/Dec/2023:21:07:56 +0000] "GET /.env HTTP/1.1" 404 6869 "-" "Mozilla/5.0 (X11; Linux x86_64) AppleWebKit/537.36 (KHTML, like Gecko) Chrome/81.0.4044.129 Safari/537.36"
135.125.217.54 - - [03/Dec/2023:21:07:57 +0000] "POST / HTTP/1.1" 405 1026574 "-" "Mozilla/5.0 (X11; Linux x86_64) AppleWebKit/537.36 (KHTML, like Gecko) Chrome/81.0.4044.129 Safari/537.36"
34.241.178.64 - - [03/Dec/2023:21:31:37 +0000] "HEAD /icons/apache_pb.gif HTTP/1.0" 200 250 "-" "Mozilla/5.0 (compatible; NetcraftSurveyAgent/1.0; +info@netcraft.com)"
172.104.11.46 - - [03/Dec/2023:21:53:13 +0000] "\x16\x03\x01" 400 483 "-" "-"
1.14.7.100 - - [03/Dec/2023:21:56:09 +0000] "HEAD /Core/Skin/Login.aspx HTTP/1.1" 404 169 "-" "Mozilla/5.0 (Windows NT 10.0; Win64; x64) AppleWebKit/537.36 (KHTML, like Gecko) Chrome/106.0.0.0 Safari/537.36"
198.199.103.89 - - [03/Dec/2023:22:04:43 +0000] "GET /actuator/health HTTP/1.1" 404 6813 "-" "Mozilla/5.0 zgrab/0.x"
185.254.196.173 - - [03/Dec/2023:22:05:54 +0000] "GET /.env HTTP/1.1" 404 6869 "-" "Mozilla/5.0 (X11; Linux x86_64) AppleWebKit/537.36 (KHTML, like Gecko) Chrome/81.0.4044.129 Safari/537.36"
185.254.196.173 - - [03/Dec/2023:22:05:55 +0000] "POST / HTTP/1.1" 405 1026564 "-" "Mozilla/5.0 (X11; Linux x86_64) AppleWebKit/537.36 (KHTML, like Gecko) Chrome/81.0.4044.129 Safari/537.36"
78.153.140.221 - - [03/Dec/2023:22:46:53 +0000] "GET /.env HTTP/1.1" 404 6869 "-" "Mozilla/5.0 (X11; Linux x86_64) AppleWebKit/537.36 (KHTML, like Gecko) Chrome/81.0.4044.129 Safari/537.36"
78.153.140.221 - - [03/Dec/2023:22:46:53 +0000] "\x16\x03\x01\x01H\x01" 400 483 "-" "-"
135.125.217.54 - - [03/Dec/2023:22:50:50 +0000] "GET /.env HTTP/1.1" 404 6869 "-" "Mozilla/5.0 (X11; Linux x86_64) AppleWebKit/537.36 (KHTML, like Gecko) Chrome/81.0.4044.129 Safari/537.36"
135.125.217.54 - - [03/Dec/2023:22:50:51 +0000] "POST / HTTP/1.1" 405 1026574 "-" "Mozilla/5.0 (X11; Linux x86_64) AppleWebKit/537.36 (KHTML, like Gecko) Chrome/81.0.4044.129 Safari/537.36"
176.97.210.240 - - [03/Dec/2023:22:51:08 +0000] "GET / HTTP/1.1" 200 28640 "-" "Go-http-client/1.1"
90.151.171.108 - - [03/Dec/2023:22:57:10 +0000] "CONNECT checkip.amazonaws.com:443 HTTP/1.1" 404 6813 "-" "Mozilla/5.0 (Windows NT 6.1; rv:16.0) Gecko/20100101 Firefox/16.0 (+https://best-proxies.ru/faq/#from) Z75720595780Q1"
90.151.171.108 - - [03/Dec/2023:22:57:20 +0000] "GET http://checkip.amazonaws.com?Z75720595780Q1 HTTP/1.1" 404 6832 "https://google.com/" "Mozilla/5.0 (Windows NT 6.1; rv:16.0) Gecko/20100101 Firefox/16.0 (+https://best-proxies.ru/faq/#from)"
18.204.1.220 - - [03/Dec/2023:23:18:31 +0000] "GET / HTTP/1.1" 200 8278 "-" "Mozilla/5.0 (Windows NT 6.1; WOW64) AppleWebKit/537.36 (KHTML, like Gecko) Chrome/75.0.3770.143 YaBrowser/19.7.2.455 Yowser/2.5 Safari/537.36"
106.75.172.22 - - [03/Dec/2023:23:22:56 +0000] "\x16\x03\x01" 400 483 "-" "-"
106.75.172.22 - - [03/Dec/2023:23:23:06 +0000] "GET / HTTP/1.1" 200 28640 "-" "-"
106.75.172.22 - - [03/Dec/2023:23:23:12 +0000] "GET /favicon.ico HTTP/1.1" 200 240 "-" "Mozilla/5.0 (Macintosh; Intel Mac OS X 10_7_0) AppleWebKit/535.11 (KHTML, like Gecko) Chrome/17.0.963.56 Safari/535.11"
1.14.7.100 - - [03/Dec/2023:23:46:10 +0000] "HEAD /Core/Skin/Login.aspx HTTP/1.1" 404 169 "-" "Mozilla/5.0 (Windows NT 10.0; Win64; x64) AppleWebKit/537.36 (KHTML, like Gecko) Chrome/106.0.0.0 Safari/537.36"
135.125.217.54 - - [03/Dec/2023:23:52:33 +0000] "GET /.env HTTP/1.1" 404 6869 "-" "Mozilla/5.0 (X11; Linux x86_64) AppleWebKit/537.36 (KHTML, like Gecko) Chrome/81.0.4044.129 Safari/537.36"
135.125.217.54 - - [03/Dec/2023:23:52:33 +0000] "POST / HTTP/1.1" 405 1026574 "-" "Mozilla/5.0 (X11; Linux x86_64) AppleWebKit/537.36 (KHTML, like Gecko) Chrome/81.0.4044.129 Safari/537.36"
198.235.24.31 - - [04/Dec/2023:00:09:40 +0000] "GET / HTTP/1.0" 200 28656 "-" "Expanse, a Palo Alto Networks company, searches across the global IPv4 space multiple times per day to identify customers&#39; presences on the Internet. If you would like to be excluded from our scans, please send IP addresses/domains to: scaninfo@paloaltonetworks.com"
35.88.202.111 - - [04/Dec/2023:00:59:29 +0000] "GET / HTTP/1.1" 200 8278 "-" "Mozilla/5.0 (Windows NT 6.1; WOW64) AppleWebKit/537.36 (KHTML, like Gecko) Chrome/56.0.2924.76 Safari/537.36"
185.254.196.173 - - [04/Dec/2023:01:04:03 +0000] "GET /.env HTTP/1.1" 404 6869 "-" "Mozilla/5.0 (X11; Linux x86_64) AppleWebKit/537.36 (KHTML, like Gecko) Chrome/81.0.4044.129 Safari/537.36"
185.254.196.173 - - [04/Dec/2023:01:04:04 +0000] "POST / HTTP/1.1" 405 1026564 "-" "Mozilla/5.0 (X11; Linux x86_64) AppleWebKit/537.36 (KHTML, like Gecko) Chrome/81.0.4044.129 Safari/537.36"
3.236.140.101 - - [04/Dec/2023:01:18:54 +0000] "GET / HTTP/1.1" 200 8278 "-" "Mozilla/5.0 (Linux; Android 8.0.0; Moto Z2 Play) AppleWebKit/537.36 (KHTML, like Gecko) Chrome/76.0.3809.111 Mobile Safari/537.36"
174.138.21.166 - - [04/Dec/2023:01:32:51 +0000] "GET /_ignition/execute-solution HTTP/1.1" 405 1026203 "-" "python-requests/2.27.1"
174.138.21.166 - - [04/Dec/2023:01:32:53 +0000] "POST /_ignition/execute-solution HTTP/1.1" 403 10401 "-" "python-requests/2.27.1"
174.138.21.166 - - [04/Dec/2023:01:32:53 +0000] "POST /_ignition/execute-solution HTTP/1.1" 403 10401 "-" "python-requests/2.27.1"
135.125.244.48 - - [04/Dec/2023:01:32:53 +0000] "GET /.env HTTP/1.1" 404 6869 "-" "Mozilla/5.0 (X11; Linux x86_64) AppleWebKit/537.36 (KHTML, like Gecko) Chrome/81.0.4044.129 Safari/537.36"
174.138.21.166 - - [04/Dec/2023:01:32:54 +0000] "POST /_ignition/execute-solution HTTP/1.1" 403 10401 "-" "python-requests/2.27.1"
174.138.21.166 - - [04/Dec/2023:01:32:54 +0000] "POST /_ignition/execute-solution HTTP/1.1" 403 10401 "-" "python-requests/2.27.1"
135.125.244.48 - - [04/Dec/2023:01:32:54 +0000] "POST / HTTP/1.1" 405 1026574 "-" "Mozilla/5.0 (X11; Linux x86_64) AppleWebKit/537.36 (KHTML, like Gecko) Chrome/81.0.4044.129 Safari/537.36"
174.138.21.166 - - [04/Dec/2023:01:32:54 +0000] "POST /_ignition/execute-solution HTTP/1.1" 403 10401 "-" "python-requests/2.27.1"
174.138.21.166 - - [04/Dec/2023:01:32:55 +0000] "POST /_ignition/execute-solution HTTP/1.1" 403 10401 "-" "python-requests/2.27.1"
174.138.21.166 - - [04/Dec/2023:01:32:55 +0000] "POST /_ignition/execute-solution HTTP/1.1" 403 10401 "-" "python-requests/2.27.1"
174.138.21.166 - - [04/Dec/2023:01:32:56 +0000] "POST /_ignition/execute-solution HTTP/1.1" 403 10401 "-" "python-requests/2.27.1"
174.138.21.166 - - [04/Dec/2023:01:32:56 +0000] "POST /_ignition/execute-solution HTTP/1.1" 403 10401 "-" "python-requests/2.27.1"
174.138.21.166 - - [04/Dec/2023:01:32:56 +0000] "POST /_ignition/execute-solution HTTP/1.1" 403 10401 "-" "python-requests/2.27.1"
174.138.21.166 - - [04/Dec/2023:01:32:57 +0000] "POST /_ignition/execute-solution HTTP/1.1" 403 10401 "-" "python-requests/2.27.1"
174.138.21.166 - - [04/Dec/2023:01:32:57 +0000] "POST /_ignition/execute-solution HTTP/1.1" 403 10401 "-" "python-requests/2.27.1"
174.138.21.166 - - [04/Dec/2023:01:32:58 +0000] "POST /_ignition/execute-solution HTTP/1.1" 403 10401 "-" "python-requests/2.27.1"
174.138.21.166 - - [04/Dec/2023:01:32:58 +0000] "POST /_ignition/execute-solution HTTP/1.1" 403 10401 "-" "python-requests/2.27.1"
174.138.21.166 - - [04/Dec/2023:01:32:58 +0000] "POST /_ignition/execute-solution HTTP/1.1" 403 10401 "-" "python-requests/2.27.1"
174.138.21.166 - - [04/Dec/2023:01:32:59 +0000] "POST /_ignition/execute-solution HTTP/1.1" 403 10401 "-" "python-requests/2.27.1"
174.138.21.166 - - [04/Dec/2023:01:32:59 +0000] "POST /_ignition/execute-solution HTTP/1.1" 403 10401 "-" "python-requests/2.27.1"
174.138.21.166 - - [04/Dec/2023:01:32:59 +0000] "POST /_ignition/execute-solution HTTP/1.1" 403 10401 "-" "python-requests/2.27.1"
174.138.21.166 - - [04/Dec/2023:01:33:00 +0000] "POST /_ignition/execute-solution HTTP/1.1" 403 10401 "-" "python-requests/2.27.1"
174.138.21.166 - - [04/Dec/2023:01:33:00 +0000] "POST /_ignition/execute-solution HTTP/1.1" 403 10401 "-" "python-requests/2.27.1"
174.138.21.166 - - [04/Dec/2023:01:33:01 +0000] "POST /_ignition/execute-solution HTTP/1.1" 403 10401 "-" "python-requests/2.27.1"
174.138.21.166 - - [04/Dec/2023:01:33:01 +0000] "POST /_ignition/execute-solution HTTP/1.1" 403 10401 "-" "python-requests/2.27.1"
174.138.21.166 - - [04/Dec/2023:01:33:01 +0000] "POST /_ignition/execute-solution HTTP/1.1" 403 10401 "-" "python-requests/2.27.1"
174.138.21.166 - - [04/Dec/2023:01:33:02 +0000] "POST /_ignition/execute-solution HTTP/1.1" 403 10401 "-" "python-requests/2.27.1"
